Component: ARM Compiler 5.06 update 6 (build 750) Tool: armlink [4d35ed]

==============================================================================

Section Cross References

    startup_stm32f103xb.o(STACK) refers (Special) to heapauxi.o(.text) for __use_two_region_memory
    startup_stm32f103xb.o(HEAP) refers (Special) to heapauxi.o(.text) for __use_two_region_memory
    startup_stm32f103xb.o(RESET) refers (Special) to heapauxi.o(.text) for __use_two_region_memory
    startup_stm32f103xb.o(RESET) refers to startup_stm32f103xb.o(STACK) for __initial_sp
    startup_stm32f103xb.o(RESET) refers to startup_stm32f103xb.o(.text) for Reset_Handler
    startup_stm32f103xb.o(RESET) refers to stm32f1xx_it.o(i.NMI_Handler) for NMI_Handler
    startup_stm32f103xb.o(RESET) refers to stm32f1xx_it.o(i.HardFault_Handler) for HardFault_Handler
    startup_stm32f103xb.o(RESET) refers to stm32f1xx_it.o(i.MemManage_Handler) for MemManage_Handler
    startup_stm32f103xb.o(RESET) refers to stm32f1xx_it.o(i.BusFault_Handler) for BusFault_Handler
    startup_stm32f103xb.o(RESET) refers to stm32f1xx_it.o(i.UsageFault_Handler) for UsageFault_Handler
    startup_stm32f103xb.o(RESET) refers to port.o(.emb_text) for SVC_Handler
    startup_stm32f103xb.o(RESET) refers to stm32f1xx_it.o(i.DebugMon_Handler) for DebugMon_Handler
    startup_stm32f103xb.o(RESET) refers to port.o(i.SysTick_Handler) for SysTick_Handler
    startup_stm32f103xb.o(RESET) refers to stm32f1xx_it.o(i.TIM1_UP_IRQHandler) for TIM1_UP_IRQHandler
    startup_stm32f103xb.o(RESET) refers to stm32f1xx_it.o(i.USART2_IRQHandler) for USART2_IRQHandler
    startup_stm32f103xb.o(.text) refers (Special) to heapauxi.o(.text) for __use_two_region_memory
    startup_stm32f103xb.o(.text) refers to system_stm32f1xx.o(i.SystemInit) for SystemInit
    startup_stm32f103xb.o(.text) refers to __main.o(!!!main) for __main
    startup_stm32f103xb.o(.text) refers to startup_stm32f103xb.o(HEAP) for Heap_Mem
    startup_stm32f103xb.o(.text) refers to startup_stm32f103xb.o(STACK) for Stack_Mem
    fonts.o(i.FONTS_GetStringSize) refers to strlen.o(.text) for strlen
    fonts.o(.data) refers to fonts.o(.constdata) for Font7x10
    fonts.o(.data) refers to fonts.o(.constdata) for Font11x18
    fonts.o(.data) refers to fonts.o(.constdata) for Font16x26
    nmea_parser.o(i.gpsParse) refers to _scanf_str.o(.text) for _scanf_string
    nmea_parser.o(i.gpsParse) refers to scanf1.o(x$fpl$scanf1) for _scanf_real
    nmea_parser.o(i.gpsParse) refers to strncmp.o(.text) for strncmp
    nmea_parser.o(i.gpsParse) refers to strchr.o(.text) for strchr
    nmea_parser.o(i.gpsParse) refers to __0sscanf.o(.text) for __0sscanf
    nmea_parser.o(i.gpsParse) refers to nmea_parser.o(i.nmeaToDecimal) for nmeaToDecimal
    nmea_parser.o(i.gps_Validate) refers to _scanf_int.o(.text) for _scanf_int
    nmea_parser.o(i.gps_Validate) refers to __0sscanf.o(.text) for __0sscanf
    nmea_parser.o(i.nmeaToDecimal) refers to fdiv.o(x$fpl$fdiv) for __aeabi_fdiv
    nmea_parser.o(i.nmeaToDecimal) refers to ffix.o(x$fpl$ffix) for __aeabi_f2iz
    nmea_parser.o(i.nmeaToDecimal) refers to fflt_clz.o(x$fpl$fflt) for __aeabi_i2f
    nmea_parser.o(i.nmeaToDecimal) refers to faddsub_clz.o(x$fpl$frsb) for __aeabi_frsub
    nmea_parser.o(i.nmeaToDecimal) refers to faddsub_clz.o(x$fpl$fadd) for __aeabi_fadd
    ssd1306.o(i.SSD1306_Clear) refers to ssd1306.o(i.SSD1306_Fill) for SSD1306_Fill
    ssd1306.o(i.SSD1306_Clear) refers to ssd1306.o(i.SSD1306_UpdateScreen) for SSD1306_UpdateScreen
    ssd1306.o(i.SSD1306_DrawBitmap) refers to ssd1306.o(i.SSD1306_DrawPixel) for SSD1306_DrawPixel
    ssd1306.o(i.SSD1306_DrawCircle) refers to ssd1306.o(i.SSD1306_DrawPixel) for SSD1306_DrawPixel
    ssd1306.o(i.SSD1306_DrawFilledCircle) refers to ssd1306.o(i.SSD1306_DrawPixel) for SSD1306_DrawPixel
    ssd1306.o(i.SSD1306_DrawFilledCircle) refers to ssd1306.o(i.SSD1306_DrawLine) for SSD1306_DrawLine
    ssd1306.o(i.SSD1306_DrawFilledRectangle) refers to ssd1306.o(i.SSD1306_DrawLine) for SSD1306_DrawLine
    ssd1306.o(i.SSD1306_DrawFilledTriangle) refers to ssd1306.o(i.SSD1306_DrawLine) for SSD1306_DrawLine
    ssd1306.o(i.SSD1306_DrawLine) refers to ssd1306.o(i.SSD1306_DrawPixel) for SSD1306_DrawPixel
    ssd1306.o(i.SSD1306_DrawPixel) refers to ssd1306.o(.data) for .data
    ssd1306.o(i.SSD1306_DrawPixel) refers to ssd1306.o(.bss) for .bss
    ssd1306.o(i.SSD1306_DrawRectangle) refers to ssd1306.o(i.SSD1306_DrawLine) for SSD1306_DrawLine
    ssd1306.o(i.SSD1306_DrawTriangle) refers to ssd1306.o(i.SSD1306_DrawLine) for SSD1306_DrawLine
    ssd1306.o(i.SSD1306_Fill) refers to aeabi_memset.o(.text) for __aeabi_memset
    ssd1306.o(i.SSD1306_Fill) refers to ssd1306.o(.bss) for .bss
    ssd1306.o(i.SSD1306_GotoXY) refers to ssd1306.o(.data) for .data
    ssd1306.o(i.SSD1306_Init) refers to ssd1306.o(i.ssd1306_I2C_Init) for ssd1306_I2C_Init
    ssd1306.o(i.SSD1306_Init) refers to stm32f1xx_hal_i2c.o(i.HAL_I2C_IsDeviceReady) for HAL_I2C_IsDeviceReady
[...]
    SPI1_IRQHandler                          0x080002e7   Thumb Code     0  startup_stm32f103xb.o(.text)
    SPI2_IRQHandler                          0x080002e7   Thumb Code     0  startup_stm32f103xb.o(.text)
    TAMPER_IRQHandler                        0x080002e7   Thumb Code     0  startup_stm32f103xb.o(.text)
    TIM1_BRK_IRQHandler                      0x080002e7   Thumb Code     0  startup_stm32f103xb.o(.text)
    TIM1_CC_IRQHandler                       0x080002e7   Thumb Code     0  startup_stm32f103xb.o(.text)
    TIM1_TRG_COM_IRQHandler                  0x080002e7   Thumb Code     0  startup_stm32f103xb.o(.text)
    TIM2_IRQHandler                          0x080002e7   Thumb Code     0  startup_stm32f103xb.o(.text)
    TIM3_IRQHandler                          0x080002e7   Thumb Code     0  startup_stm32f103xb.o(.text)
    TIM4_IRQHandler                          0x080002e7   Thumb Code     0  startup_stm32f103xb.o(.text)
    USART1_IRQHandler                        0x080002e7   Thumb Code     0  startup_stm32f103xb.o(.text)
    USART3_IRQHandler                        0x080002e7   Thumb Code     0  startup_stm32f103xb.o(.text)
    USBWakeUp_IRQHandler                     0x080002e7   Thumb Code     0  startup_stm32f103xb.o(.text)
    USB_HP_CAN1_TX_IRQHandler                0x080002e7   Thumb Code     0  startup_stm32f103xb.o(.text)
    USB_LP_CAN1_RX0_IRQHandler               0x080002e7   Thumb Code     0  startup_stm32f103xb.o(.text)
    WWDG_IRQHandler                          0x080002e7   Thumb Code     0  startup_stm32f103xb.o(.text)
    __user_initial_stackheap                 0x080002e9   Thumb Code     0  startup_stm32f103xb.o(.text)
    vsnprintf                                0x0800030d   Thumb Code    48  vsnprintf.o(.text)
    __2sprintf                               0x08000341   Thumb Code    38  __2sprintf.o(.text)
    _printf_str                              0x0800036d   Thumb Code    82  _printf_str.o(.text)
    _printf_int_dec                          0x080003c1   Thumb Code   104  _printf_dec.o(.text)
    __printf                                 0x08000439   Thumb Code   388  __printf_flags_ss_wp.o(.text)
    __0sscanf                                0x080005c1   Thumb Code    52  __0sscanf.o(.text)
    _scanf_int                               0x080005fd   Thumb Code   332  _scanf_int.o(.text)
    _scanf_string                            0x08000749   Thumb Code   224  _scanf_str.o(.text)
    strchr                                   0x08000829   Thumb Code    20  strchr.o(.text)
    strcpy                                   0x0800083d   Thumb Code    72  strcpy.o(.text)
    strlen                                   0x08000885   Thumb Code    62  strlen.o(.text)
    strncmp                                  0x080008c3   Thumb Code   150  strncmp.o(.text)
    __aeabi_memcpy                           0x08000959   Thumb Code     0  rt_memcpy_v6.o(.text)
    __rt_memcpy                              0x08000959   Thumb Code   138  rt_memcpy_v6.o(.text)
    _memcpy_lastbytes                        0x080009bf   Thumb Code     0  rt_memcpy_v6.o(.text)
    __aeabi_memcpy4                          0x080009e3   Thumb Code     0  rt_memcpy_w.o(.text)
    __aeabi_memcpy8                          0x080009e3   Thumb Code     0  rt_memcpy_w.o(.text)
    __rt_memcpy_w                            0x080009e3   Thumb Code   100  rt_memcpy_w.o(.text)
    _memcpy_lastbytes_aligned                0x08000a2b   Thumb Code     0  rt_memcpy_w.o(.text)
    __aeabi_memset                           0x08000a47   Thumb Code    16  aeabi_memset.o(.text)
    __aeabi_memclr                           0x08000a57   Thumb Code     0  rt_memclr.o(.text)
    __rt_memclr                              0x08000a57   Thumb Code    68  rt_memclr.o(.text)
    _memset                                  0x08000a5b   Thumb Code     0  rt_memclr.o(.text)
    __aeabi_memclr4                          0x08000a9b   Thumb Code     0  rt_memclr_w.o(.text)
    __aeabi_memclr8                          0x08000a9b   Thumb Code     0  rt_memclr_w.o(.text)
    __rt_memclr_w                            0x08000a9b   Thumb Code    78  rt_memclr_w.o(.text)
    _memset_w                                0x08000a9f   Thumb Code     0  rt_memclr_w.o(.text)
    strncpy                                  0x08000ae9   Thumb Code    86  strncpy.o(.text)
    strcmp                                   0x08000b41   Thumb Code   128  strcmpv7m.o(.text)
    __use_two_region_memory                  0x08000bc1   Thumb Code     2  heapauxi.o(.text)
    __rt_heap_escrow$2region                 0x08000bc3   Thumb Code     2  heapauxi.o(.text)
    __rt_heap_expand$2region                 0x08000bc5   Thumb Code     2  heapauxi.o(.text)
    _printf_pre_padding                      0x08000bc7   Thumb Code    44  _printf_pad.o(.text)
    _printf_post_padding                     0x08000bf3   Thumb Code    34  _printf_pad.o(.text)
    _printf_truncate_signed                  0x08000c15   Thumb Code    18  _printf_truncate.o(.text)
    _printf_truncate_unsigned                0x08000c27   Thumb Code    18  _printf_truncate.o(.text)
    _printf_int_common                       0x08000c39   Thumb Code   178  _printf_intcommon.o(.text)
    _printf_charcount                        0x08000ceb   Thumb Code    40  _printf_charcount.o(.text)
    __lib_sel_fp_printf                      0x08000d13   Thumb Code     2  _printf_fp_dec.o(.text)
    _printf_fp_dec_real                      0x08000ec5   Thumb Code   620  _printf_fp_dec.o(.text)
    _printf_char_common                      0x0800113b   Thumb Code    32  _printf_char_common.o(.text)
    _sputc                                   0x08001161   Thumb Code    10  _sputc.o(.text)
    _snputc                                  0x0800116b   Thumb Code    16  _snputc.o(.text)
    _printf_cs_common                        0x0800117b   Thumb Code    20  _printf_char.o(.text)
    _printf_char                             0x0800118f   Thumb Code    16  _printf_char.o(.text)
    _printf_string                           0x0800119f   Thumb Code     8  _printf_char.o(.text)
    _printf_wctomb                           0x080011a9   Thumb Code   182  _printf_wctomb.o(.text)
    _printf_longlong_dec                     0x08001265   Thumb Code   108  _printf_longlong_dec.o(.text)
    _printf_longlong_oct                     0x080012e1   Thumb Code    66  _printf_oct_int_ll.o(.text)
    _printf_int_oct                          0x08001323   Thumb Code    24  _printf_oct_int_ll.o(.text)
    _printf_ll_oct                           0x0800133b   Thumb Code    12  _printf_oct_int_ll.o(.text)
    _printf_longlong_hex                     0x08001351   Thumb Code    86  _printf_hex_int_ll_ptr.o(.text)
    _printf_int_hex                          0x080013a7   Thumb Code    28  _printf_hex_int_ll_ptr.o(.text)
    _printf_ll_hex                           0x080013c3   Thumb Code    12  _printf_hex_int_ll_ptr.o(.text)
    _printf_hex_ptr                          0x080013cf   Thumb Code    18  _printf_hex_int_ll_ptr.o(.text)
    _chval                                   0x080013e5   Thumb Code    28  _chval.o(.text)
    _scanf_really_real                       0x0800164d   Thumb Code   684  scanf_fp.o(.text)
    __vfscanf_char                           0x08001905   Thumb Code    24  scanf_char.o(.text)
    _sgetc                                   0x08001925   Thumb Code    30  _sgetc.o(.text)
    _sbackspace                              0x08001943   Thumb Code    34  _sgetc.o(.text)
    __rt_locale                              0x08001965   Thumb Code     8  rt_locale_intlibspace.o(.text)
    __aeabi_errno_addr                       0x0800196d   Thumb Code     8  rt_errno_addr_intlibspace.o(.text)
    __errno$intlibspace                      0x0800196d   Thumb Code     0  rt_errno_addr_intlibspace.o(.text)
    __rt_errno_addr$intlibspace              0x0800196d   Thumb Code     0  rt_errno_addr_intlibspace.o(.text)
    _ll_udiv10                               0x08001975   Thumb Code   138  lludiv10.o(.text)
    isspace                                  0x080019ff   Thumb Code    18  isspace.o(.text)
    _printf_fp_hex_real                      0x08001a11   Thumb Code   756  _printf_fp_hex.o(.text)
    _printf_fp_infnan                        0x08001d0d   Thumb Code   112  _printf_fp_infnan.o(.text)
    _printf_lcs_common                       0x08001d8d   Thumb Code    20  _printf_wchar.o(.text)
    _printf_wchar                            0x08001da1   Thumb Code    16  _printf_wchar.o(.text)
    _printf_wstring                          0x08001db1   Thumb Code     8  _printf_wchar.o(.text)
    __vfscanf                                0x08001db9   Thumb Code   878  _scanf.o(.text)
    _btod_etento                             0x0800212d   Thumb Code   224  bigflt0.o(.text)
    _wcrtomb                                 0x08002211   Thumb Code    64  _wcrtomb.o(.text)
    __user_libspace                          0x08002251   Thumb Code     8  libspace.o(.text)
    __user_perproc_libspace                  0x08002251   Thumb Code     0  libspace.o(.text)
    __user_perthread_libspace                0x08002251   Thumb Code     0  libspace.o(.text)
    __user_setup_stackheap                   0x08002259   Thumb Code    74  sys_stackheap_outer.o(.text)
    __rt_ctype_table                         0x080022a5   Thumb Code    16  rt_ctype_table.o(.text)
    __read_errno                             0x080022b5   Thumb Code    10  _rserrno.o(.text)
    __set_errno                              0x080022bf   Thumb Code    12  _rserrno.o(.text)
    _scanf_really_hex_real                   0x080022cd   Thumb Code   786  scanf_hexfp.o(.text)
    _scanf_really_infnan                     0x080025ed   Thumb Code   292  scanf_infnan.o(.text)
    exit                                     0x08002721   Thumb Code    18  exit.o(.text)
    __aeabi_llsl                             0x08002733   Thumb Code     0  llshl.o(.text)
    _ll_shift_l                              0x08002733   Thumb Code    38  llshl.o(.text)
    _sys_exit                                0x08002759   Thumb Code     8  sys_exit.o(.text)
    __I$use$semihosting                      0x08002765   Thumb Code     0  use_no_semi.o(.text)
    __use_no_semihosting_swi                 0x08002765   Thumb Code     2  use_no_semi.o(.text)
    __semihosting_library_function           0x08002767   Thumb Code     0  indicate_semi.o(.text)
    _btod_d2e                                0x08002767   Thumb Code    62  btod.o(CL$$btod_d2e)
    _d2e_denorm_low                          0x080027a5   Thumb Code    70  btod.o(CL$$btod_d2e_denorm_low)
    _d2e_norm_op1                            0x080027eb   Thumb Code    96  btod.o(CL$$btod_d2e_norm_op1)
    __btod_div_common                        0x0800284b   Thumb Code   696  btod.o(CL$$btod_div_common)
    _e2d                                     0x08002b85   Thumb Code   122  btod.o(CL$$btod_e2d)
    _e2e                                     0x08002c09   Thumb Code   220  btod.o(CL$$btod_e2e)
    _btod_ediv                               0x08002ce5   Thumb Code    42  btod.o(CL$$btod_ediv)
    _btod_edivd                              0x08002d0f   Thumb Code    42  btod.o(CL$$btod_edivd)
    _btod_emul                               0x08002d39   Thumb Code    42  btod.o(CL$$btod_emul)
    _btod_emuld                              0x08002d63   Thumb Code    42  btod.o(CL$$btod_emuld)
    __btod_mult_common                       0x08002d8d   Thumb Code   580  btod.o(CL$$btod_mult_common)
    BusFault_Handler                         0x08002fd1   Thumb Code     2  stm32f1xx_it.o(i.BusFault_Handler)
    DebugMon_Handler                         0x08002fd3   Thumb Code     2  stm32f1xx_it.o(i.DebugMon_Handler)
    HAL_DMA_Abort                            0x08002fd5   Thumb Code    70  stm32f1xx_hal_dma.o(i.HAL_DMA_Abort)
    HAL_DMA_Abort_IT                         0x0800301d   Thumb Code   148  stm32f1xx_hal_dma.o(i.HAL_DMA_Abort_IT)
    HAL_GPIO_Init                            0x080030b5   Thumb Code   446  stm32f1xx_hal_gpio.o(i.HAL_GPIO_Init)
    HAL_GPIO_TogglePin                       0x08003295   Thumb Code    16  stm32f1xx_hal_gpio.o(i.HAL_GPIO_TogglePin)
    HAL_GPIO_WritePin                        0x080032a5   Thumb Code    10  stm32f1xx_hal_gpio.o(i.HAL_GPIO_WritePin)
    HAL_GetTick                              0x080032b1   Thumb Code     6  stm32f1xx_hal.o(i.HAL_GetTick)
    HAL_I2C_Init                             0x080032bd   Thumb Code   376  stm32f1xx_hal_i2c.o(i.HAL_I2C_Init)
    HAL_I2C_IsDeviceReady                    0x08003445   Thumb Code   354  stm32f1xx_hal_i2c.o(i.HAL_I2C_IsDeviceReady)
    HAL_I2C_Master_Transmit                  0x080035b1   Thumb Code   290  stm32f1xx_hal_i2c.o(i.HAL_I2C_Master_Transmit)
    HAL_I2C_MspInit                          0x080036dd   Thumb Code    80  stm32f1xx_hal_msp.o(i.HAL_I2C_MspInit)
    HAL_IncTick                              0x08003739   Thumb Code    12  stm32f1xx_hal.o(i.HAL_IncTick)
    HAL_Init                                 0x08003749   Thumb Code    32  stm32f1xx_hal.o(i.HAL_Init)
    HAL_InitTick                             0x0800376d   Thumb Code   118  stm32f1xx_hal_timebase_tim.o(i.HAL_InitTick)
    HAL_MspInit                              0x080037f9   Thumb Code    62  stm32f1xx_hal_msp.o(i.HAL_MspInit)
    HAL_NVIC_EnableIRQ                       0x08003841   Thumb Code    26  stm32f1xx_hal_cortex.o(i.HAL_NVIC_EnableIRQ)
    HAL_NVIC_SetPriority                     0x0800385d   Thumb Code    60  stm32f1xx_hal_cortex.o(i.HAL_NVIC_SetPriority)
    HAL_NVIC_SetPriorityGrouping             0x0800389d   Thumb Code    26  stm32f1xx_hal_cortex.o(i.HAL_NVIC_SetPriorityGrouping)
    HAL_RCC_ClockConfig                      0x080038c1   Thumb Code   280  stm32f1xx_hal_rcc.o(i.HAL_RCC_ClockConfig)
    HAL_RCC_GetClockConfig                   0x080039ed   Thumb Code    54  stm32f1xx_hal_rcc.o(i.HAL_RCC_GetClockConfig)
    HAL_RCC_GetPCLK1Freq                     0x08003a2d   Thumb Code    20  stm32f1xx_hal_rcc.o(i.HAL_RCC_GetPCLK1Freq)
    HAL_RCC_GetPCLK2Freq                     0x08003a4d   Thumb Code    20  stm32f1xx_hal_rcc.o(i.HAL_RCC_GetPCLK2Freq)
    HAL_RCC_GetSysClockFreq                  0x08003a6d   Thumb Code    58  stm32f1xx_hal_rcc.o(i.HAL_RCC_GetSysClockFreq)
    HAL_RCC_OscConfig                        0x08003ab9   Thumb Code   778  stm32f1xx_hal_rcc.o(i.HAL_RCC_OscConfig)
    HAL_TIMEx_BreakCallback                  0x08003dd9   Thumb Code     2  stm32f1xx_hal_tim_ex.o(i.HAL_TIMEx_BreakCallback)
    HAL_TIMEx_CommutCallback                 0x08003ddb   Thumb Code     2  stm32f1xx_hal_tim_ex.o(i.HAL_TIMEx_CommutCallback)
    HAL_TIM_Base_Init                        0x08003ddd   Thumb Code    90  stm32f1xx_hal_tim.o(i.HAL_TIM_Base_Init)
    HAL_TIM_Base_MspInit                     0x08003e37   Thumb Code     2  stm32f1xx_hal_tim.o(i.HAL_TIM_Base_MspInit)
    HAL_TIM_Base_Start_IT                    0x08003e39   Thumb Code    76  stm32f1xx_hal_tim.o(i.HAL_TIM_Base_Start_IT)
    HAL_TIM_IC_CaptureCallback               0x08003e91   Thumb Code     2  stm32f1xx_hal_tim.o(i.HAL_TIM_IC_CaptureCallback)
    HAL_TIM_IRQHandler                       0x08003e93   Thumb Code   304  stm32f1xx_hal_tim.o(i.HAL_TIM_IRQHandler)
    HAL_TIM_OC_DelayElapsedCallback          0x08003fc3   Thumb Code     2  stm32f1xx_hal_tim.o(i.HAL_TIM_OC_DelayElapsedCallback)
    HAL_TIM_PWM_PulseFinishedCallback        0x08003fc5   Thumb Code     2  stm32f1xx_hal_tim.o(i.HAL_TIM_PWM_PulseFinishedCallback)
    HAL_TIM_PeriodElapsedCallback            0x08003fc9   Thumb Code    14  main.o(i.HAL_TIM_PeriodElapsedCallback)
    HAL_TIM_TriggerCallback                  0x08003fdd   Thumb Code     2  stm32f1xx_hal_tim.o(i.HAL_TIM_TriggerCallback)
    HAL_UARTEx_RxEventCallback               0x08003fdf   Thumb Code     2  stm32f1xx_hal_uart.o(i.HAL_UARTEx_RxEventCallback)
    HAL_UART_ErrorCallback                   0x08003fe1   Thumb Code     2  stm32f1xx_hal_uart.o(i.HAL_UART_ErrorCallback)
    HAL_UART_IRQHandler                      0x08003fe5   Thumb Code   616  stm32f1xx_hal_uart.o(i.HAL_UART_IRQHandler)
    HAL_UART_Init                            0x08004251   Thumb Code   100  stm32f1xx_hal_uart.o(i.HAL_UART_Init)
    HAL_UART_MspInit                         0x080042b5   Thumb Code   248  stm32f1xx_hal_msp.o(i.HAL_UART_MspInit)
    HAL_UART_Receive                         0x080043c5   Thumb Code   176  stm32f1xx_hal_uart.o(i.HAL_UART_Receive)
    HAL_UART_Receive_IT                      0x08004475   Thumb Code    28  stm32f1xx_hal_uart.o(i.HAL_UART_Receive_IT)
    HAL_UART_RxCpltCallback                  0x08004491   Thumb Code   142  main.o(i.HAL_UART_RxCpltCallback)
    HAL_UART_Transmit                        0x08004539   Thumb Code   160  stm32f1xx_hal_uart.o(i.HAL_UART_Transmit)
    HAL_UART_TxCpltCallback                  0x080045d9   Thumb Code     2  stm32f1xx_hal_uart.o(i.HAL_UART_TxCpltCallback)
    HardFault_Handler                        0x080045db   Thumb Code     2  stm32f1xx_it.o(i.HardFault_Handler)
    MemManage_Handler                        0x08004925   Thumb Code     2  stm32f1xx_it.o(i.MemManage_Handler)
    NMI_Handler                              0x08004927   Thumb Code     2  stm32f1xx_it.o(i.NMI_Handler)
    SIMTransmit                              0x08004929   Thumb Code    50  uart_mqtt.o(i.SIMTransmit)
    SSD1306_Clear                            0x08004965   Thumb Code    16  ssd1306.o(i.SSD1306_Clear)
    SSD1306_DrawPixel                        0x08004975   Thumb Code    54  ssd1306.o(i.SSD1306_DrawPixel)
    SSD1306_Fill                             0x080049b5   Thumb Code    18  ssd1306.o(i.SSD1306_Fill)
    SSD1306_GotoXY                           0x080049cd   Thumb Code     8  ssd1306.o(i.SSD1306_GotoXY)
    SSD1306_Init                             0x080049d9   Thumb Code   350  ssd1306.o(i.SSD1306_Init)
    SSD1306_Putc                             0x08004b41   Thumb Code   156  ssd1306.o(i.SSD1306_Putc)
    SSD1306_Puts                             0x08004be1   Thumb Code    40  ssd1306.o(i.SSD1306_Puts)
    SSD1306_UpdateScreen                     0x08004c09   Thumb Code    66  ssd1306.o(i.SSD1306_UpdateScreen)
    StartGPSTask                             0x08004c51   Thumb Code   160  main.o(i.StartGPSTask)
    StartMQTTTask                            0x08004d35   Thumb Code    70  main.o(i.StartMQTTTask)
    StartOLEDTask                            0x08004db9   Thumb Code    64  main.o(i.StartOLEDTask)
    SysTick_Handler                          0x08004e35   Thumb Code    38  port.o(i.SysTick_Handler)
    SystemClock_Config                       0x08004e61   Thumb Code    80  main.o(i.SystemClock_Config)
    SystemInit                               0x08004eb1   Thumb Code     2  system_stm32f1xx.o(i.SystemInit)
    TIM1_UP_IRQHandler                       0x08004eb5   Thumb Code     6  stm32f1xx_it.o(i.TIM1_UP_IRQHandler)
    TIM_Base_SetConfig                       0x08004ec1   Thumb Code   108  stm32f1xx_hal_tim.o(i.TIM_Base_SetConfig)
    UART_Start_Receive_IT                    0x08005111   Thumb Code    54  stm32f1xx_hal_uart.o(i.UART_Start_Receive_IT)
    USART2_IRQHandler                        0x080051b9   Thumb Code     6  stm32f1xx_it.o(i.USART2_IRQHandler)
    UsageFault_Handler                       0x080051c5   Thumb Code     2  stm32f1xx_it.o(i.UsageFault_Handler)
    __ARM_fpclassify                         0x080051c7   Thumb Code    40  fpclassify.o(i.__ARM_fpclassify)
    __mathlib_dbl_overflow                   0x0800520f   Thumb Code    14  dunder.o(i.__mathlib_dbl_overflow)
    __mathlib_dbl_underflow                  0x0800521d   Thumb Code    10  dunder.o(i.__mathlib_dbl_underflow)
    __mathlib_narrow                         0x0800522d   Thumb Code    16  narrow.o(i.__mathlib_narrow)
    __mathlib_tofloat                        0x0800523d   Thumb Code   184  narrow.o(i.__mathlib_tofloat)
    __support_ldexp                          0x080052f9   Thumb Code    22  ldexp.o(i.__support_ldexp)
    _is_digit                                0x0800530f   Thumb Code    14  __printf_wp.o(i._is_digit)
    cleanBuffer                              0x0800531d   Thumb Code    62  main.o(i.cleanBuffer)
    frexp                                    0x0800535d   Thumb Code    80  frexp.o(i.frexp)
    gpsParse                                 0x080053b5   Thumb Code   130  nmea_parser.o(i.gpsParse)
    gps_Validate                             0x08005459   Thumb Code    56  nmea_parser.o(i.gps_Validate)
    ldexp                                    0x080054a5   Thumb Code   116  ldexp.o(i.ldexp)
    mPrint                                   0x08005519   Thumb Code    44  main.o(i.mPrint)
    main                                     0x08005549   Thumb Code   258  main.o(i.main)
    mqttPublish                              0x08005679   Thumb Code   296  uart_mqtt.o(i.mqttPublish)
    nmeaToDecimal                            0x08005881   Thumb Code    66  nmea_parser.o(i.nmeaToDecimal)
    osDelay                                  0x080058cd   Thumb Code    14  cmsis_os.o(i.osDelay)
    osKernelStart                            0x080058db   Thumb Code    10  cmsis_os.o(i.osKernelStart)
    osMutexCreate                            0x080058e5   Thumb Code    16  cmsis_os.o(i.osMutexCreate)
    osMutexRelease                           0x080058f5   Thumb Code    74  cmsis_os.o(i.osMutexRelease)
    osMutexWait                              0x08005945   Thumb Code    96  cmsis_os.o(i.osMutexWait)
    osThreadCreate                           0x080059a9   Thumb Code    84  cmsis_os.o(i.osThreadCreate)
    pvPortMalloc                             0x08005edd   Thumb Code   216  heap_4.o(i.pvPortMalloc)
    pvTaskIncrementMutexHeldCount            0x08005fb9   Thumb Code    18  tasks.o(i.pvTaskIncrementMutexHeldCount)
    pxPortInitialiseStack                    0x08005fd1   Thumb Code    32  port.o(i.pxPortInitialiseStack)
    ssd1306_I2C_Init                         0x08005ff5   Thumb Code     8  ssd1306.o(i.ssd1306_I2C_Init)
    ssd1306_I2C_Write                        0x08006001   Thumb Code    28  ssd1306.o(i.ssd1306_I2C_Write)
    ssd1306_I2C_WriteMulti                   0x08006021   Thumb Code    50  ssd1306.o(i.ssd1306_I2C_WriteMulti)
    ulTaskNotifyTake                         0x08006059   Thumb Code    96  tasks.o(i.ulTaskNotifyTake)
    updateOLED                               0x080060c1   Thumb Code    88  main.o(i.updateOLED)
    uxListRemove                             0x08006135   Thumb Code    38  list.o(i.uxListRemove)
    uxTaskGetStackHighWaterMark              0x0800615d   Thumb Code    28  tasks.o(i.uxTaskGetStackHighWaterMark)
    vApplicationGetIdleTaskMemory            0x0800617d   Thumb Code    16  freertos.o(i.vApplicationGetIdleTaskMemory)
    vListInitialise                          0x08006191   Thumb Code    22  list.o(i.vListInitialise)
    vListInitialiseItem                      0x080061a7   Thumb Code     6  list.o(i.vListInitialiseItem)
    vListInsert                              0x080061ad   Thumb Code    48  list.o(i.vListInsert)
    vListInsertEnd                           0x080061dd   Thumb Code    24  list.o(i.vListInsertEnd)
    vPortEnterCritical                       0x080061f5   Thumb Code    54  port.o(i.vPortEnterCritical)
    vPortExitCritical                        0x08006235   Thumb Code    34  port.o(i.vPortExitCritical)
    vPortFree                                0x0800625d   Thumb Code    94  heap_4.o(i.vPortFree)
    vPortSetupTimerInterrupt                 0x080062c1   Thumb Code    32  port.o(i.vPortSetupTimerInterrupt)
    vPortValidateInterruptPriority           0x080062e5   Thumb Code    74  port.o(i.vPortValidateInterruptPriority)
    vTaskDelay                               0x08006339   Thumb Code    66  tasks.o(i.vTaskDelay)
    vTaskInternalSetTimeOutState             0x08006385   Thumb Code    12  tasks.o(i.vTaskInternalSetTimeOutState)
    vTaskMissedYield                         0x08006395   Thumb Code     8  tasks.o(i.vTaskMissedYield)
    vTaskNotifyGiveFromISR                   0x080063a1   Thumb Code   172  tasks.o(i.vTaskNotifyGiveFromISR)
    vTaskPlaceOnEventList                    0x08006455   Thumb Code    44  tasks.o(i.vTaskPlaceOnEventList)
    vTaskPriorityDisinheritAfterTimeout      0x08006485   Thumb Code   152  tasks.o(i.vTaskPriorityDisinheritAfterTimeout)
    vTaskResume                              0x08006525   Thumb Code   112  tasks.o(i.vTaskResume)
    vTaskStartScheduler                      0x080065a1   Thumb Code    90  tasks.o(i.vTaskStartScheduler)
    vTaskSuspend                             0x0800660d   Thumb Code   174  tasks.o(i.vTaskSuspend)
    vTaskSuspendAll                          0x080066c9   Thumb Code    10  tasks.o(i.vTaskSuspendAll)
    vTaskSwitchContext                       0x080066d9   Thumb Code    82  tasks.o(i.vTaskSwitchContext)
    xPortStartScheduler                      0x08006735   Thumb Code   154  port.o(i.xPortStartScheduler)
    xQueueCreateMutex                        0x080067dd   Thumb Code    22  queue.o(i.xQueueCreateMutex)
    xQueueCreateMutexStatic                  0x080067f3   Thumb Code    26  queue.o(i.xQueueCreateMutexStatic)
    xQueueGenericCreate                      0x0800680d   Thumb Code    66  queue.o(i.xQueueGenericCreate)
    xQueueGenericCreateStatic                0x0800684f   Thumb Code   102  queue.o(i.xQueueGenericCreateStatic)
    xQueueGenericReset                       0x080068b5   Thumb Code   132  queue.o(i.xQueueGenericReset)
    xQueueGenericSend                        0x0800693d   Thumb Code   346  queue.o(i.xQueueGenericSend)
    xQueueGiveFromISR                        0x08006a9d   Thumb Code   156  queue.o(i.xQueueGiveFromISR)
    xQueueReceiveFromISR                     0x08006b39   Thumb Code   154  queue.o(i.xQueueReceiveFromISR)
    xQueueSemaphoreTake                      0x08006bd5   Thumb Code   372  queue.o(i.xQueueSemaphoreTake)
    xTaskCheckForTimeOut                     0x08006d4d   Thumb Code   112  tasks.o(i.xTaskCheckForTimeOut)
    xTaskCreate                              0x08006dc1   Thumb Code    90  tasks.o(i.xTaskCreate)
    xTaskCreateStatic                        0x08006e1b   Thumb Code    86  tasks.o(i.xTaskCreateStatic)
    xTaskGetSchedulerState                   0x08006e71   Thumb Code    22  tasks.o(i.xTaskGetSchedulerState)
    xTaskIncrementTick                       0x08006e8d   Thumb Code   194  tasks.o(i.xTaskIncrementTick)
    xTaskPriorityDisinherit                  0x08006f59   Thumb Code   144  tasks.o(i.xTaskPriorityDisinherit)
    xTaskPriorityInherit                     0x08006ff1   Thumb Code   130  tasks.o(i.xTaskPriorityInherit)
    xTaskRemoveFromEventList                 0x0800707d   Thumb Code   108  tasks.o(i.xTaskRemoveFromEventList)
    xTaskResumeAll                           0x080070f1   Thumb Code   182  tasks.o(i.xTaskResumeAll)
    _get_lc_numeric                          0x080071b5   Thumb Code    44  lc_numeric_c.o(locale$$code)
    _get_lc_ctype                            0x080071e1   Thumb Code    44  lc_ctype_c.o(locale$$code)
    __aeabi_d2f                              0x0800720d   Thumb Code     0  d2f.o(x$fpl$d2f)
    _d2f                                     0x0800720d   Thumb Code    98  d2f.o(x$fpl$d2f)
    __fpl_dcheck_NaN1                        0x08007271   Thumb Code    10  dcheck1.o(x$fpl$dcheck1)
    __fpl_dcmp_Inf                           0x08007281   Thumb Code    24  dcmpi.o(x$fpl$dcmpinf)
    __aeabi_cdcmpeq                          0x08007299   Thumb Code     0  deqf.o(x$fpl$deqf)
    _dcmpeq                                  0x08007299   Thumb Code   120  deqf.o(x$fpl$deqf)
    __aeabi_cdcmple                          0x08007311   Thumb Code     0  dleqf.o(x$fpl$dleqf)
    _dcmple                                  0x08007311   Thumb Code   120  dleqf.o(x$fpl$dleqf)
    __fpl_dcmple_InfNaN                      0x08007373   Thumb Code     0  dleqf.o(x$fpl$dleqf)
    __fpl_dnaninf                            0x08007389   Thumb Code   156  dnaninf.o(x$fpl$dnaninf)
    __fpl_dretinf                            0x08007425   Thumb Code    12  dretinf.o(x$fpl$dretinf)
    __aeabi_cdrcmple                         0x08007431   Thumb Code     0  drleqf.o(x$fpl$drleqf)
    _drcmple                                 0x08007431   Thumb Code   108  drleqf.o(x$fpl$drleqf)
    __aeabi_f2d                              0x0800749d   Thumb Code     0  f2d.o(x$fpl$f2d)
    _f2d                                     0x0800749d   Thumb Code    86  f2d.o(x$fpl$f2d)
    __aeabi_fadd                             0x080074f5   Thumb Code     0  faddsub_clz.o(x$fpl$fadd)
    _fadd                                    0x080074f5   Thumb Code   196  faddsub_clz.o(x$fpl$fadd)
    __fpl_fcmp_Inf                           0x080075b9   Thumb Code    24  fcmpi.o(x$fpl$fcmpinf)
    __aeabi_fdiv                             0x080075d1   Thumb Code     0  fdiv.o(x$fpl$fdiv)
    _fdiv                                    0x080075d1   Thumb Code   384  fdiv.o(x$fpl$fdiv)
    __aeabi_cfcmpeq                          0x08007755   Thumb Code     0  feqf.o(x$fpl$feqf)
    _fcmpeq                                  0x08007755   Thumb Code   104  feqf.o(x$fpl$feqf)
    __aeabi_f2iz                             0x080077bd   Thumb Code     0  ffix.o(x$fpl$ffix)
    _ffix                                    0x080077bd   Thumb Code    54  ffix.o(x$fpl$ffix)
    __aeabi_i2f                              0x080077f5   Thumb Code     0  fflt_clz.o(x$fpl$fflt)
    _fflt                                    0x080077f5   Thumb Code    48  fflt_clz.o(x$fpl$fflt)
    __fpl_fnaninf                            0x08007825   Thumb Code   140  fnaninf.o(x$fpl$fnaninf)
    __fpl_fretinf                            0x080078b1   Thumb Code    10  fretinf.o(x$fpl$fretinf)
    __aeabi_frsub                            0x080078bb   Thumb Code     0  faddsub_clz.o(x$fpl$frsb)
    _frsb                                    0x080078bb   Thumb Code    20  faddsub_clz.o(x$fpl$frsb)
    __aeabi_fsub                             0x080078d1   Thumb Code     0  faddsub_clz.o(x$fpl$fsub)
    _fsub                                    0x080078d1   Thumb Code   234  faddsub_clz.o(x$fpl$fsub)
    __ieee_status                            0x080079bb   Thumb Code     6  istatus.o(x$fpl$ieeestatus)
    _printf_fp_dec                           0x080079c1   Thumb Code     4  printf1.o(x$fpl$printf1)
    _printf_fp_hex                           0x080079c5   Thumb Code     4  printf2.o(x$fpl$printf2)
    __fpl_return_NaN                         0x080079c9   Thumb Code   100  retnan.o(x$fpl$retnan)
    __ARM_scalbn                             0x08007a2d   Thumb Code    92  scalbn.o(x$fpl$scalbn)
    _scanf_real                              0x08007a89   Thumb Code     4  scanf1.o(x$fpl$scanf1)
    _scanf_hex_real                          0x08007a8d   Thumb Code     4  scanf2.o(x$fpl$scanf2)
    _scanf_infnan                            0x08007a91   Thumb Code     4  scanf2.o(x$fpl$scanf2)
    __fpl_cmpreturn                          0x08007a95   Thumb Code    48  trapv.o(x$fpl$trapveneer)
    Font11x18                                0x08007ac4   Data        3420  fonts.o(.constdata)
    __I$use$fp                               0x08007ac4   Number         0  usenofp.o(x$fpl$usenofp)
    host                                     0x08008820   Data          21  uart_mqtt.o(.constdata)
    topic                                    0x08008835   Data          14  uart_mqtt.o(.constdata)
    AHBPrescTable                            0x080088aa   Data          16  system_stm32f1xx.o(.constdata)
    APBPrescTable                            0x080088ba   Data           8  system_stm32f1xx.o(.constdata)
    Region$$Table$$Base                      0x080089ec   Number         0  anon$$obj.o(Region$$Table)
    Region$$Table$$Limit                     0x08008a0c   Number         0  anon$$obj.o(Region$$Table)
    __aeabi_HUGE_VAL                         0x08008a0c   Data           0  fpconst.o(c$$dinf)
    __aeabi_HUGE_VALL                        0x08008a0c   Data           0  fpconst.o(c$$dinf)
    __aeabi_INFINITY                         0x08008a0c   Data           0  fpconst.o(c$$dinf)
    __dInf                                   0x08008a0c   Data           0  fpconst.o(c$$dinf)
    __huge_val                               0x08008a0c   Data           0  fpconst.o(c$$dinf)
    __dbl_max                                0x08008a14   Data           0  fpconst.o(c$$dmax)
    __ctype                                  0x08008a45   Data           0  lc_ctype_c.o(locale$$data)
    Font_11x18                               0x20000000   Data           8  fonts.o(.data)
    ATisOK                                   0x20000010   Data           1  uart_mqtt.o(.data)
    CGREGisOK                                0x20000011   Data           1  uart_mqtt.o(.data)
    previousTick                             0x20000014   Data           4  uart_mqtt.o(.data)
    rxIndex                                  0x20000018   Data           1  main.o(.data)
    gpsDataReady                             0x20000019   Data           1  main.o(.data)
    rxData                                   0x2000001a   Data           1  main.o(.data)
    device_id                                0x2000001c   Data           4  main.o(.data)
    taskGPSHandle                            0x20000020   Data           4  main.o(.data)
    taskMQTTHandle                           0x20000024   Data           4  main.o(.data)
    taskOLEDHandle                           0x20000028   Data           4  main.o(.data)
    myMutexHandle                            0x2000002c   Data           4  main.o(.data)
    uwTickFreq                               0x20000030   Data           1  stm32f1xx_hal.o(.data)
    uwTickPrio                               0x20000034   Data           4  stm32f1xx_hal.o(.data)
    uwTick                                   0x20000038   Data           4  stm32f1xx_hal.o(.data)
    SystemCoreClock                          0x2000003c   Data           4  system_stm32f1xx.o(.data)
    pxCurrentTCB                             0x20000040   Data           4  tasks.o(.data)
    ATcommand                                0x200004a8   Data         100  uart_mqtt.o(.bss)
    buffer                                   0x2000050c   Data         160  uart_mqtt.o(.bss)
    charData                                 0x200005ac   Data         100  uart_mqtt.o(.bss)
    rxBuffer                                 0x20000610   Data         128  main.o(.bss)
    latestNMEABuffer                         0x20000690   Data         128  main.o(.bss)
    hi2c1                                    0x20000710   Data          84  main.o(.bss)
    huart1                                   0x20000764   Data          72  main.o(.bss)
    huart2                                   0x200007ac   Data          72  main.o(.bss)
    huart3                                   0x200007f4   Data          72  main.o(.bss)
    buff                                     0x2000083c   Data         128  main.o(.bss)
    GPS                                      0x200008bc   Data          24  main.o(.bss)
    htim1                                    0x20000b28   Data          72  stm32f1xx_hal_timebase_tim.o(.bss)
    __libspace_start                         0x20001860   Data          96  libspace.o(.bss)
    __temporary_stack_top$libspace           0x200018c0   Data           0  libspace.o(.bss)



==============================================================================

Memory Map of the image

  Image Entry point : 0x080000ed

  Load Region LR_IROM1 (Base: 0x08000000, Size: 0x00008bf0, Max: 0x00010000, ABSOLUTE)

    Execution Region ER_IROM1 (Exec base: 0x08000000, Load base: 0x08000000, Size: 0x00008b48, Max: 0x00010000, ABSOLUTE)

    Exec Addr    Load Addr    Size         Type   Attr      Idx    E Section Name        Object

    0x08000000   0x08000000   0x000000ec   Data   RO            3    RESET               startup_stm32f103xb.o
    0x080000ec   0x080000ec   0x00000008   Code   RO         4960  * !!!main             c_w.l(__main.o)
    0x080000f4   0x080000f4   0x00000034   Code   RO         5389    !!!scatter          c_w.l(__scatter.o)
    0x08000128   0x08000128   0x0000001a   Code   RO         5391    !!handler_copy      c_w.l(__scatter_copy.o)
    0x08000142   0x08000142   0x00000002   PAD
    0x08000144   0x08000144   0x0000001c   Code   RO         5393    !!handler_zi        c_w.l(__scatter_zi.o)
    0x08000160   0x08000160   0x00000000   Code   RO         4927    .ARM.Collect$$_printf_percent$$00000000  c_w.l(_printf_percent.o)
    0x08000160   0x08000160   0x00000006   Code   RO         5042    .ARM.Collect$$_printf_percent$$00000001  c_w.l(_printf_n.o)
    0x08000166   0x08000166   0x00000006   Code   RO         5044    .ARM.Collect$$_printf_percent$$00000002  c_w.l(_printf_p.o)
    0x0800016c   0x0800016c   0x00000006   Code   RO         4926    .ARM.Collect$$_printf_percent$$00000003  c_w.l(_printf_f.o)
    0x08000172   0x08000172   0x00000006   Code   RO         5048    .ARM.Collect$$_printf_percent$$00000004  c_w.l(_printf_e.o)
    0x08000178   0x08000178   0x00000006   Code   RO         5049    .ARM.Collect$$_printf_percent$$00000005  c_w.l(_printf_g.o)
    0x0800017e   0x0800017e   0x00000006   Code   RO         5050    .ARM.Collect$$_printf_percent$$00000006  c_w.l(_printf_a.o)
    0x08000184   0x08000184   0x0000000a   Code   RO         5055    .ARM.Collect$$_printf_percent$$00000007  c_w.l(_printf_ll.o)
    0x0800018e   0x0800018e   0x00000006   Code   RO         5046    .ARM.Collect$$_printf_percent$$00000008  c_w.l(_printf_i.o)
    0x08000194   0x08000194   0x00000006   Code   RO         4925    .ARM.Collect$$_printf_percent$$00000009  c_w.l(_printf_d.o)
    0x0800019a   0x0800019a   0x00000006   Code   RO         5047    .ARM.Collect$$_printf_percent$$0000000A  c_w.l(_printf_u.o)
    0x080001a0   0x080001a0   0x00000006   Code   RO         5045    .ARM.Collect$$_printf_percent$$0000000B  c_w.l(_printf_o.o)
    0x080001a6   0x080001a6   0x00000006   Code   RO         5043    .ARM.Collect$$_printf_percent$$0000000C  c_w.l(_printf_x.o)
    0x080001ac   0x080001ac   0x00000006   Code   RO         5052    .ARM.Collect$$_printf_percent$$0000000D  c_w.l(_printf_lli.o)
    0x080001b2   0x080001b2   0x00000006   Code   RO         5053    .ARM.Collect$$_printf_percent$$0000000E  c_w.l(_printf_lld.o)
    0x080001b8   0x080001b8   0x00000006   Code   RO         5054    .ARM.Collect$$_printf_percent$$0000000F  c_w.l(_printf_llu.o)
    0x080001be   0x080001be   0x00000006   Code   RO         5059    .ARM.Collect$$_printf_percent$$00000010  c_w.l(_printf_llo.o)
    0x080001c4   0x080001c4   0x00000006   Code   RO         5060    .ARM.Collect$$_printf_percent$$00000011  c_w.l(_printf_llx.o)
    0x080001ca   0x080001ca   0x0000000a   Code   RO         5056    .ARM.Collect$$_printf_percent$$00000012  c_w.l(_printf_l.o)
    0x080001d4   0x080001d4   0x00000006   Code   RO         5041    .ARM.Collect$$_printf_percent$$00000013  c_w.l(_printf_c.o)
    0x080001da   0x080001da   0x00000006   Code   RO         4924    .ARM.Collect$$_printf_percent$$00000014  c_w.l(_printf_s.o)
    0x080001e0   0x080001e0   0x00000006   Code   RO         5057    .ARM.Collect$$_printf_percent$$00000015  c_w.l(_printf_lc.o)
    0x080001e6   0x080001e6   0x00000006   Code   RO         5058    .ARM.Collect$$_printf_percent$$00000016  c_w.l(_printf_ls.o)
    0x080001ec   0x080001ec   0x00000004   Code   RO         5051    .ARM.Collect$$_printf_percent$$00000017  c_w.l(_printf_percent_end.o)
    0x080001f0   0x080001f0   0x00000002   Code   RO         5194    .ARM.Collect$$libinit$$00000000  c_w.l(libinit.o)
    0x080001f2   0x080001f2   0x00000000   Code   RO         5196    .ARM.Collect$$libinit$$00000002  c_w.l(libinit2.o)
    0x080001f2   0x080001f2   0x00000000   Code   RO         5198    .ARM.Collect$$libinit$$00000004  c_w.l(libinit2.o)
    0x080001f2   0x080001f2   0x00000000   Code   RO         5201    .ARM.Collect$$libinit$$0000000A  c_w.l(libinit2.o)
    0x080001f2   0x080001f2   0x00000000   Code   RO         5203    .ARM.Collect$$libinit$$0000000C  c_w.l(libinit2.o)
    0x080001f2   0x080001f2   0x00000000   Code   RO         5205    .ARM.Collect$$libinit$$0000000E  c_w.l(libinit2.o)
    0x080001f2   0x080001f2   0x00000006   Code   RO         5206    .ARM.Collect$$libinit$$0000000F  c_w.l(libinit2.o)
    0x080001f8   0x080001f8   0x00000000   Code   RO         5208    .ARM.Collect$$libinit$$00000011  c_w.l(libinit2.o)
    0x080001f8   0x080001f8   0x0000000c   Code   RO         5209    .ARM.Collect$$libinit$$00000012  c_w.l(libinit2.o)
    0x08000204   0x08000204   0x00000000   Code   RO         5210    .ARM.Collect$$libinit$$00000013  c_w.l(libinit2.o)
    0x08000204   0x08000204   0x00000000   Code   RO         5212    .ARM.Collect$$libinit$$00000015  c_w.l(libinit2.o)
    0x08000204   0x08000204   0x0000000a   Code   RO         5213    .ARM.Collect$$libinit$$00000016  c_w.l(libinit2.o)
    0x0800020e   0x0800020e   0x00000000   Code   RO         5214    .ARM.Collect$$libinit$$00000017  c_w.l(libinit2.o)
    0x0800020e   0x0800020e   0x00000000   Code   RO         5216    .ARM.Collect$$libinit$$00000019  c_w.l(libinit2.o)
    0x0800020e   0x0800020e   0x00000000   Code   RO         5218    .ARM.Collect$$libinit$$0000001B  c_w.l(libinit2.o)
    0x0800020e   0x0800020e   0x00000000   Code   RO         5220    .ARM.Collect$$libinit$$0000001D  c_w.l(libinit2.o)
    0x0800020e   0x0800020e   0x00000000   Code   RO         5222    .ARM.Collect$$libinit$$0000001F  c_w.l(libinit2.o)
    0x0800020e   0x0800020e   0x00000000   Code   RO         5224    .ARM.Collect$$libinit$$00000021  c_w.l(libinit2.o)
    0x0800020e   0x0800020e   0x00000000   Code   RO         5226    .ARM.Collect$$libinit$$00000023  c_w.l(libinit2.o)
    0x0800020e   0x0800020e   0x00000000   Code   RO         5228    .ARM.Collect$$libinit$$00000025  c_w.l(libinit2.o)
    0x0800020e   0x0800020e   0x00000000   Code   RO         5232    .ARM.Collect$$libinit$$0000002C  c_w.l(libinit2.o)
    0x0800020e   0x0800020e   0x00000000   Code   RO         5234    .ARM.Collect$$libinit$$0000002E  c_w.l(libinit2.o)
    0x0800020e   0x0800020e   0x00000000   Code   RO         5236    .ARM.Collect$$libinit$$00000030  c_w.l(libinit2.o)
    0x0800020e   0x0800020e   0x00000000   Code   RO         5238    .ARM.Collect$$libinit$$00000032  c_w.l(libinit2.o)
    0x0800020e   0x0800020e   0x00000002   Code   RO         5239    .ARM.Collect$$libinit$$00000033  c_w.l(libinit2.o)
    0x08000210   0x08000210   0x00000002   Code   RO         5321    .ARM.Collect$$libshutdown$$00000000  c_w.l(libshutdown.o)
    0x08000212   0x08000212   0x00000000   Code   RO         5346    .ARM.Collect$$libshutdown$$00000002  c_w.l(libshutdown2.o)
    0x08000212   0x08000212   0x00000000   Code   RO         5348    .ARM.Collect$$libshutdown$$00000004  c_w.l(libshutdown2.o)
    0x08000212   0x08000212   0x00000000   Code   RO         5351    .ARM.Collect$$libshutdown$$00000007  c_w.l(libshutdown2.o)
    0x08000212   0x08000212   0x00000000   Code   RO         5354    .ARM.Collect$$libshutdown$$0000000A  c_w.l(libshutdown2.o)
    0x08000212   0x08000212   0x00000000   Code   RO         5356    .ARM.Collect$$libshutdown$$0000000C  c_w.l(libshutdown2.o)
    0x08000212   0x08000212   0x00000000   Code   RO         5359    .ARM.Collect$$libshutdown$$0000000F  c_w.l(libshutdown2.o)
    0x08000212   0x08000212   0x00000002   Code   RO         5360    .ARM.Collect$$libshutdown$$00000010  c_w.l(libshutdown2.o)
    0x08000214   0x08000214   0x00000000   Code   RO         4990    .ARM.Collect$$rtentry$$00000000  c_w.l(__rtentry.o)
    0x08000214   0x08000214   0x00000000   Code   RO         5085    .ARM.Collect$$rtentry$$00000002  c_w.l(__rtentry2.o)
    0x08000214   0x08000214   0x00000006   Code   RO         5097    .ARM.Collect$$rtentry$$00000004  c_w.l(__rtentry4.o)
    0x0800021a   0x0800021a   0x00000000   Code   RO         5087    .ARM.Collect$$rtentry$$00000009  c_w.l(__rtentry2.o)
    0x0800021a   0x0800021a   0x00000004   Code   RO         5088    .ARM.Collect$$rtentry$$0000000A  c_w.l(__rtentry2.o)
    0x0800021e   0x0800021e   0x00000000   Code   RO         5090    .ARM.Collect$$rtentry$$0000000C  c_w.l(__rtentry2.o)
    0x0800021e   0x0800021e   0x00000008   Code   RO         5091    .ARM.Collect$$rtentry$$0000000D  c_w.l(__rtentry2.o)
    0x08000226   0x08000226   0x00000002   Code   RO         5250    .ARM.Collect$$rtexit$$00000000  c_w.l(rtexit.o)
    0x08000228   0x08000228   0x00000000   Code   RO         5282    .ARM.Collect$$rtexit$$00000002  c_w.l(rtexit2.o)
    0x08000228   0x08000228   0x00000004   Code   RO         5283    .ARM.Collect$$rtexit$$00000003  c_w.l(rtexit2.o)
    0x0800022c   0x0800022c   0x00000006   Code   RO         5284    .ARM.Collect$$rtexit$$00000004  c_w.l(rtexit2.o)
    0x08000232   0x08000232   0x00000002   PAD
    0x08000234   0x08000234   0x00000096   Code   RO         4811    .emb_text           port.o
    0x080002ca   0x080002ca   0x00000002   PAD
    0x080002cc   0x080002cc   0x00000040   Code   RO            4    .text               startup_stm32f103xb.o
    0x0800030c   0x0800030c   0x00000034   Code   RO         4892    .text               c_w.l(vsnprintf.o)
    0x08000340   0x08000340   0x0000002c   Code   RO         4894    .text               c_w.l(__2sprintf.o)
    0x0800036c   0x0800036c   0x00000052   Code   RO         4900    .text               c_w.l(_printf_str.o)
    0x080003be   0x080003be   0x00000002   PAD
    0x080003c0   0x080003c0   0x00000078   Code   RO         4902    .text               c_w.l(_printf_dec.o)
    0x08000438   0x08000438   0x00000188   Code   RO         4921    .text               c_w.l(__printf_flags_ss_wp.o)
    0x080005c0   0x080005c0   0x0000003c   Code   RO         4928    .text               c_w.l(__0sscanf.o)
    0x080005fc   0x080005fc   0x0000014c   Code   RO         4930    .text               c_w.l(_scanf_int.o)
    0x08000748   0x08000748   0x000000e0   Code   RO         4932    .text               c_w.l(_scanf_str.o)
    0x08000828   0x08000828   0x00000014   Code   RO         4934    .text               c_w.l(strchr.o)
    0x0800083c   0x0800083c   0x00000048   Code   RO         4936    .text               c_w.l(strcpy.o)
    0x08000884   0x08000884   0x0000003e   Code   RO         4938    .text               c_w.l(strlen.o)
    0x080008c2   0x080008c2   0x00000096   Code   RO         4940    .text               c_w.l(strncmp.o)
    0x08000958   0x08000958   0x0000008a   Code   RO         4942    .text               c_w.l(rt_memcpy_v6.o)
    0x080009e2   0x080009e2   0x00000064   Code   RO         4944    .text               c_w.l(rt_memcpy_w.o)
    0x08000a46   0x08000a46   0x00000010   Code   RO         4948    .text               c_w.l(aeabi_memset.o)
    0x08000a56   0x08000a56   0x00000044   Code   RO         4950    .text               c_w.l(rt_memclr.o)
    0x08000a9a   0x08000a9a   0x0000004e   Code   RO         4952    .text               c_w.l(rt_memclr_w.o)
    0x08000ae8   0x08000ae8   0x00000056   Code   RO         4954    .text               c_w.l(strncpy.o)
    0x08000b3e   0x08000b3e   0x00000002   PAD
    0x08000b40   0x08000b40   0x00000080   Code   RO         4956    .text               c_w.l(strcmpv7m.o)
    0x08000bc0   0x08000bc0   0x00000006   Code   RO         4958    .text               c_w.l(heapauxi.o)
    0x08000bc6   0x08000bc6   0x0000004e   Code   RO         4991    .text               c_w.l(_printf_pad.o)
    0x08000c14   0x08000c14   0x00000024   Code   RO         4993    .text               c_w.l(_printf_truncate.o)
    0x08000c38   0x08000c38   0x000000b2   Code   RO         4995    .text               c_w.l(_printf_intcommon.o)
    0x08000cea   0x08000cea   0x00000028   Code   RO         4997    .text               c_w.l(_printf_charcount.o)
    0x08000d12   0x08000d12   0x0000041e   Code   RO         4999    .text               c_w.l(_printf_fp_dec.o)
    0x08001130   0x08001130   0x00000030   Code   RO         5001    .text               c_w.l(_printf_char_common.o)
    0x08001160   0x08001160   0x0000000a   Code   RO         5003    .text               c_w.l(_sputc.o)
    0x0800116a   0x0800116a   0x00000010   Code   RO         5005    .text               c_w.l(_snputc.o)
    0x0800117a   0x0800117a   0x0000002c   Code   RO         5007    .text               c_w.l(_printf_char.o)
    0x080011a6   0x080011a6   0x00000002   PAD
    0x080011a8   0x080011a8   0x000000bc   Code   RO         5009    .text               c_w.l(_printf_wctomb.o)
    0x08001264   0x08001264   0x0000007c   Code   RO         5012    .text               c_w.l(_printf_longlong_dec.o)
    0x080012e0   0x080012e0   0x00000070   Code   RO         5018    .text               c_w.l(_printf_oct_int_ll.o)
    0x08001350   0x08001350   0x00000094   Code   RO         5038    .text               c_w.l(_printf_hex_int_ll_ptr.o)
    0x080013e4   0x080013e4   0x0000001c   Code   RO         5061    .text               c_w.l(_chval.o)
    0x08001400   0x08001400   0x000004f8   Code   RO         5063    .text               c_w.l(scanf_fp.o)
    0x080018f8   0x080018f8   0x0000002c   Code   RO         5065    .text               c_w.l(scanf_char.o)
    0x08001924   0x08001924   0x00000040   Code   RO         5067    .text               c_w.l(_sgetc.o)
    0x08001964   0x08001964   0x00000008   Code   RO         5102    .text               c_w.l(rt_locale_intlibspace.o)
    0x0800196c   0x0800196c   0x00000008   Code   RO         5107    .text               c_w.l(rt_errno_addr_intlibspace.o)
    0x08001974   0x08001974   0x0000008a   Code   RO         5109    .text               c_w.l(lludiv10.o)
    0x080019fe   0x080019fe   0x00000012   Code   RO         5111    .text               c_w.l(isspace.o)
    0x08001a10   0x08001a10   0x000002fc   Code   RO         5113    .text               c_w.l(_printf_fp_hex.o)
    0x08001d0c   0x08001d0c   0x00000080   Code   RO         5116    .text               c_w.l(_printf_fp_infnan.o)
    0x08001d8c   0x08001d8c   0x0000002c   Code   RO         5120    .text               c_w.l(_printf_wchar.o)
    0x08001db8   0x08001db8   0x00000374   Code   RO         5122    .text               c_w.l(_scanf.o)
    0x0800212c   0x0800212c   0x000000e4   Code   RO         5124    .text               c_w.l(bigflt0.o)
    0x08002210   0x08002210   0x00000040   Code   RO         5149    .text               c_w.l(_wcrtomb.o)
    0x08002250   0x08002250   0x00000008   Code   RO         5174    .text               c_w.l(libspace.o)
    0x08002258   0x08002258   0x0000004a   Code   RO         5177    .text               c_w.l(sys_stackheap_outer.o)
    0x080022a2   0x080022a2   0x00000002   PAD
    0x080022a4   0x080022a4   0x00000010   Code   RO         5179    .text               c_w.l(rt_ctype_table.o)
    0x080022b4   0x080022b4   0x00000016   Code   RO         5181    .text               c_w.l(_rserrno.o)
    0x080022ca   0x080022ca   0x00000002   PAD
    0x080022cc   0x080022cc   0x00000320   Code   RO         5183    .text               c_w.l(scanf_hexfp.o)
    0x080025ec   0x080025ec   0x00000134   Code   RO         5185    .text               c_w.l(scanf_infnan.o)
    0x08002720   0x08002720   0x00000012   Code   RO         5187    .text               c_w.l(exit.o)
    0x08002732   0x08002732   0x00000026   Code   RO         5252    .text               c_w.l(llshl.o)
    0x08002758   0x08002758   0x0000000c   Code   RO         5311    .text               c_w.l(sys_exit.o)
    0x08002764   0x08002764   0x00000002   Code   RO         5336    .text               c_w.l(use_no_semi.o)
    0x08002766   0x08002766   0x00000000   Code   RO         5338    .text               c_w.l(indicate_semi.o)
    0x08002766   0x08002766   0x0000003e   Code   RO         5127    CL$$btod_d2e        c_w.l(btod.o)
    0x080027a4   0x080027a4   0x00000046   Code   RO         5129    CL$$btod_d2e_denorm_low  c_w.l(btod.o)
    0x080027ea   0x080027ea   0x00000060   Code   RO         5128    CL$$btod_d2e_norm_op1  c_w.l(btod.o)
    0x0800284a   0x0800284a   0x00000338   Code   RO         5137    CL$$btod_div_common  c_w.l(btod.o)
    0x08002b82   0x08002b82   0x00000002   PAD
    0x08002b84   0x08002b84   0x00000084   Code   RO         5135    CL$$btod_e2d        c_w.l(btod.o)
    0x08002c08   0x08002c08   0x000000dc   Code   RO         5134    CL$$btod_e2e        c_w.l(btod.o)
    0x08002ce4   0x08002ce4   0x0000002a   Code   RO         5131    CL$$btod_ediv       c_w.l(btod.o)
    0x08002d0e   0x08002d0e   0x0000002a   Code   RO         5133    CL$$btod_edivd      c_w.l(btod.o)
    0x08002d38   0x08002d38   0x0000002a   Code   RO         5130    CL$$btod_emul       c_w.l(btod.o)
    0x08002d62   0x08002d62   0x0000002a   Code   RO         5132    CL$$btod_emuld      c_w.l(btod.o)
    0x08002d8c   0x08002d8c   0x00000244   Code   RO         5136    CL$$btod_mult_common  c_w.l(btod.o)
    0x08002fd0   0x08002fd0   0x00000002   Code   RO          613    i.BusFault_Handler  stm32f1xx_it.o
    0x08002fd2   0x08002fd2   0x00000002   Code   RO          614    i.DebugMon_Handler  stm32f1xx_it.o
    0x08002fd4   0x08002fd4   0x00000046   Code   RO         1187    i.HAL_DMA_Abort     stm32f1xx_hal_dma.o
    0x0800301a   0x0800301a   0x00000002   PAD
    0x0800301c   0x0800301c   0x00000098   Code   RO         1188    i.HAL_DMA_Abort_IT  stm32f1xx_hal_dma.o
    0x080030b4   0x080030b4   0x000001e0   Code   RO         1123    i.HAL_GPIO_Init     stm32f1xx_hal_gpio.o
    0x08003294   0x08003294   0x00000010   Code   RO         1126    i.HAL_GPIO_TogglePin  stm32f1xx_hal_gpio.o
    0x080032a4   0x080032a4   0x0000000a   Code   RO         1127    i.HAL_GPIO_WritePin  stm32f1xx_hal_gpio.o
    0x080032ae   0x080032ae   0x00000002   PAD
    0x080032b0   0x080032b0   0x0000000c   Code   RO          817    i.HAL_GetTick       stm32f1xx_hal.o
    0x080032bc   0x080032bc   0x00000188   Code   RO         1794    i.HAL_I2C_Init      stm32f1xx_hal_i2c.o
    0x08003444   0x08003444   0x0000016c   Code   RO         1795    i.HAL_I2C_IsDeviceReady  stm32f1xx_hal_i2c.o
    0x080035b0   0x080035b0   0x0000012c   Code   RO         1807    i.HAL_I2C_Master_Transmit  stm32f1xx_hal_i2c.o
    0x080036dc   0x080036dc   0x0000005c   Code   RO          684    i.HAL_I2C_MspInit   stm32f1xx_hal_msp.o
    0x08003738   0x08003738   0x00000010   Code   RO          823    i.HAL_IncTick       stm32f1xx_hal.o
    0x08003748   0x08003748   0x00000024   Code   RO          824    i.HAL_Init          stm32f1xx_hal.o
    0x0800376c   0x0800376c   0x0000008c   Code   RO          731    i.HAL_InitTick      stm32f1xx_hal_timebase_tim.o
    0x080037f8   0x080037f8   0x00000048   Code   RO          685    i.HAL_MspInit       stm32f1xx_hal_msp.o
    0x08003840   0x08003840   0x0000001a   Code   RO         1283    i.HAL_NVIC_EnableIRQ  stm32f1xx_hal_cortex.o
    0x0800385a   0x0800385a   0x00000002   PAD
    0x0800385c   0x0800385c   0x00000040   Code   RO         1289    i.HAL_NVIC_SetPriority  stm32f1xx_hal_cortex.o
    0x0800389c   0x0800389c   0x00000024   Code   RO         1290    i.HAL_NVIC_SetPriorityGrouping  stm32f1xx_hal_cortex.o
    0x080038c0   0x080038c0   0x0000012c   Code   RO          981    i.HAL_RCC_ClockConfig  stm32f1xx_hal_rcc.o
    0x080039ec   0x080039ec   0x00000040   Code   RO          985    i.HAL_RCC_GetClockConfig  stm32f1xx_hal_rcc.o
    0x08003a2c   0x08003a2c   0x00000020   Code   RO          988    i.HAL_RCC_GetPCLK1Freq  stm32f1xx_hal_rcc.o
    0x08003a4c   0x08003a4c   0x00000020   Code   RO          989    i.HAL_RCC_GetPCLK2Freq  stm32f1xx_hal_rcc.o
    0x08003a6c   0x08003a6c   0x0000004c   Code   RO          990    i.HAL_RCC_GetSysClockFreq  stm32f1xx_hal_rcc.o
    0x08003ab8   0x08003ab8   0x00000320   Code   RO          993    i.HAL_RCC_OscConfig  stm32f1xx_hal_rcc.o
    0x08003dd8   0x08003dd8   0x00000002   Code   RO         2926    i.HAL_TIMEx_BreakCallback  stm32f1xx_hal_tim_ex.o
    0x08003dda   0x08003dda   0x00000002   Code   RO         2927    i.HAL_TIMEx_CommutCallback  stm32f1xx_hal_tim_ex.o
    0x08003ddc   0x08003ddc   0x0000005a   Code   RO         2222    i.HAL_TIM_Base_Init  stm32f1xx_hal_tim.o
    0x08003e36   0x08003e36   0x00000002   Code   RO         2224    i.HAL_TIM_Base_MspInit  stm32f1xx_hal_tim.o
    0x08003e38   0x08003e38   0x00000058   Code   RO         2227    i.HAL_TIM_Base_Start_IT  stm32f1xx_hal_tim.o
    0x08003e90   0x08003e90   0x00000002   Code   RO         2256    i.HAL_TIM_IC_CaptureCallback  stm32f1xx_hal_tim.o
    0x08003e92   0x08003e92   0x00000130   Code   RO         2270    i.HAL_TIM_IRQHandler  stm32f1xx_hal_tim.o
    0x08003fc2   0x08003fc2   0x00000002   Code   RO         2273    i.HAL_TIM_OC_DelayElapsedCallback  stm32f1xx_hal_tim.o
    0x08003fc4   0x08003fc4   0x00000002   Code   RO         2300    i.HAL_TIM_PWM_PulseFinishedCallback  stm32f1xx_hal_tim.o
    0x08003fc6   0x08003fc6   0x00000002   PAD
    0x08003fc8   0x08003fc8   0x00000014   Code   RO          429    i.HAL_TIM_PeriodElapsedCallback  main.o
    0x08003fdc   0x08003fdc   0x00000002   Code   RO         2313    i.HAL_TIM_TriggerCallback  stm32f1xx_hal_tim.o
    0x08003fde   0x08003fde   0x00000002   Code   RO         3205    i.HAL_UARTEx_RxEventCallback  stm32f1xx_hal_uart.o
    0x08003fe0   0x08003fe0   0x00000002   Code   RO         3219    i.HAL_UART_ErrorCallback  stm32f1xx_hal_uart.o
    0x08003fe2   0x08003fe2   0x00000002   PAD
    0x08003fe4   0x08003fe4   0x0000026c   Code   RO         3222    i.HAL_UART_IRQHandler  stm32f1xx_hal_uart.o
    0x08004250   0x08004250   0x00000064   Code   RO         3223    i.HAL_UART_Init     stm32f1xx_hal_uart.o
    0x080042b4   0x080042b4   0x00000110   Code   RO          687    i.HAL_UART_MspInit  stm32f1xx_hal_msp.o
    0x080043c4   0x080043c4   0x000000b0   Code   RO         3226    i.HAL_UART_Receive  stm32f1xx_hal_uart.o
    0x08004474   0x08004474   0x0000001c   Code   RO         3228    i.HAL_UART_Receive_IT  stm32f1xx_hal_uart.o
    0x08004490   0x08004490   0x000000a8   Code   RO          430    i.HAL_UART_RxCpltCallback  main.o
    0x08004538   0x08004538   0x000000a0   Code   RO         3231    i.HAL_UART_Transmit  stm32f1xx_hal_uart.o
    0x080045d8   0x080045d8   0x00000002   Code   RO         3234    i.HAL_UART_TxCpltCallback  stm32f1xx_hal_uart.o
    0x080045da   0x080045da   0x00000002   Code   RO          615    i.HardFault_Handler  stm32f1xx_it.o
    0x080045dc   0x080045dc   0x0000002e   Code   RO         1837    i.I2C_IsAcknowledgeFailed  stm32f1xx_hal_i2c.o
    0x0800460a   0x0800460a   0x00000002   PAD
    0x0800460c   0x0800460c   0x0000009c   Code   RO         1841    i.I2C_MasterRequestWrite  stm32f1xx_hal_i2c.o
    0x080046a8   0x080046a8   0x00000056   Code   RO         1852    i.I2C_WaitOnBTFFlagUntilTimeout  stm32f1xx_hal_i2c.o
    0x080046fe   0x080046fe   0x00000002   PAD
    0x08004700   0x08004700   0x00000090   Code   RO         1853    i.I2C_WaitOnFlagUntilTimeout  stm32f1xx_hal_i2c.o
    0x08004790   0x08004790   0x000000bc   Code   RO         1854    i.I2C_WaitOnMasterAddressFlagUntilTimeout  stm32f1xx_hal_i2c.o
    0x0800484c   0x0800484c   0x00000056   Code   RO         1856    i.I2C_WaitOnTXEFlagUntilTimeout  stm32f1xx_hal_i2c.o
    0x080048a2   0x080048a2   0x00000002   PAD
    0x080048a4   0x080048a4   0x00000080   Code   RO          431    i.MX_GPIO_Init      main.o
    0x08004924   0x08004924   0x00000002   Code   RO          616    i.MemManage_Handler  stm32f1xx_it.o
    0x08004926   0x08004926   0x00000002   Code   RO          617    i.NMI_Handler       stm32f1xx_it.o
    0x08004928   0x08004928   0x0000003c   Code   RO          377    i.SIMTransmit       uart_mqtt.o
    0x08004964   0x08004964   0x00000010   Code   RO          180    i.SSD1306_Clear     ssd1306.o
    0x08004974   0x08004974   0x00000040   Code   RO          187    i.SSD1306_DrawPixel  ssd1306.o
    0x080049b4   0x080049b4   0x00000018   Code   RO          190    i.SSD1306_Fill      ssd1306.o
    0x080049cc   0x080049cc   0x0000000c   Code   RO          191    i.SSD1306_GotoXY    ssd1306.o
    0x080049d8   0x080049d8   0x00000168   Code   RO          192    i.SSD1306_Init      ssd1306.o
    0x08004b40   0x08004b40   0x000000a0   Code   RO          196    i.SSD1306_Putc      ssd1306.o
    0x08004be0   0x08004be0   0x00000028   Code   RO          197    i.SSD1306_Puts      ssd1306.o
    0x08004c08   0x08004c08   0x00000048   Code   RO          204    i.SSD1306_UpdateScreen  ssd1306.o
    0x08004c50   0x08004c50   0x000000e4   Code   RO          432    i.StartGPSTask      main.o
    0x08004d34   0x08004d34   0x00000084   Code   RO          433    i.StartMQTTTask     main.o
    0x08004db8   0x08004db8   0x0000007c   Code   RO          434    i.StartOLEDTask     main.o
    0x08004e34   0x08004e34   0x0000002c   Code   RO         4812    i.SysTick_Handler   port.o
    0x08004e60   0x08004e60   0x00000050   Code   RO          435    i.SystemClock_Config  main.o
    0x08004eb0   0x08004eb0   0x00000002   Code   RO         3557    i.SystemInit        system_stm32f1xx.o
    0x08004eb2   0x08004eb2   0x00000002   PAD
    0x08004eb4   0x08004eb4   0x0000000c   Code   RO          618    i.TIM1_UP_IRQHandler  stm32f1xx_it.o
    0x08004ec0   0x08004ec0   0x00000078   Code   RO         2315    i.TIM_Base_SetConfig  stm32f1xx_hal_tim.o
    0x08004f38   0x08004f38   0x00000010   Code   RO         3236    i.UART_DMAAbortOnError  stm32f1xx_hal_uart.o
    0x08004f48   0x08004f48   0x0000004e   Code   RO         3246    i.UART_EndRxTransfer  stm32f1xx_hal_uart.o
    0x08004f96   0x08004f96   0x000000c2   Code   RO         3248    i.UART_Receive_IT   stm32f1xx_hal_uart.o
    0x08005058   0x08005058   0x000000b8   Code   RO         3249    i.UART_SetConfig    stm32f1xx_hal_uart.o
    0x08005110   0x08005110   0x00000036   Code   RO         3251    i.UART_Start_Receive_IT  stm32f1xx_hal_uart.o
    0x08005146   0x08005146   0x00000072   Code   RO         3252    i.UART_WaitOnFlagUntilTimeout  stm32f1xx_hal_uart.o
    0x080051b8   0x080051b8   0x0000000c   Code   RO          619    i.USART2_IRQHandler  stm32f1xx_it.o
    0x080051c4   0x080051c4   0x00000002   Code   RO          620    i.UsageFault_Handler  stm32f1xx_it.o
    0x080051c6   0x080051c6   0x00000028   Code   RO         5166    i.__ARM_fpclassify  m_ws.l(fpclassify.o)
    0x080051ee   0x080051ee   0x00000020   Code   RO         1296    i.__NVIC_SetPriority  stm32f1xx_hal_cortex.o
    0x0800520e   0x0800520e   0x0000000e   Code   RO         5298    i.__mathlib_dbl_overflow  m_ws.l(dunder.o)
    0x0800521c   0x0800521c   0x00000010   Code   RO         5300    i.__mathlib_dbl_underflow  m_ws.l(dunder.o)
    0x0800522c   0x0800522c   0x00000010   Code   RO         5168    i.__mathlib_narrow  m_ws.l(narrow.o)
    0x0800523c   0x0800523c   0x000000bc   Code   RO         5169    i.__mathlib_tofloat  m_ws.l(narrow.o)
    0x080052f8   0x080052f8   0x00000016   Code   RO         5270    i.__support_ldexp   m_ws.l(ldexp.o)
    0x0800530e   0x0800530e   0x0000000e   Code   RO         4914    i._is_digit         c_w.l(__printf_wp.o)
    0x0800531c   0x0800531c   0x0000003e   Code   RO          436    i.cleanBuffer       main.o
    0x0800535a   0x0800535a   0x00000002   PAD
    0x0800535c   0x0800535c   0x00000058   Code   RO         5247    i.frexp             m_ws.l(frexp.o)
    0x080053b4   0x080053b4   0x000000a4   Code   RO          139    i.gpsParse          nmea_parser.o
    0x08005458   0x08005458   0x00000040   Code   RO          140    i.gps_Validate      nmea_parser.o
    0x08005498   0x08005498   0x0000000c   Code   RO         4375    i.inHandlerMode     cmsis_os.o
    0x080054a4   0x080054a4   0x00000074   Code   RO         5271    i.ldexp             m_ws.l(ldexp.o)
    0x08005518   0x08005518   0x00000030   Code   RO          437    i.mPrint            main.o
    0x08005548   0x08005548   0x00000124   Code   RO          438    i.main              main.o
    0x0800566c   0x0800566c   0x0000000c   Code   RO         4377    i.makeFreeRtosPriority  cmsis_os.o
    0x08005678   0x08005678   0x00000208   Code   RO          378    i.mqttPublish       uart_mqtt.o
    0x08005880   0x08005880   0x0000004c   Code   RO          141    i.nmeaToDecimal     nmea_parser.o
    0x080058cc   0x080058cc   0x0000000e   Code   RO         4379    i.osDelay           cmsis_os.o
    0x080058da   0x080058da   0x0000000a   Code   RO         4382    i.osKernelStart     cmsis_os.o
    0x080058e4   0x080058e4   0x00000010   Code   RO         4397    i.osMutexCreate     cmsis_os.o
    0x080058f4   0x080058f4   0x00000050   Code   RO         4399    i.osMutexRelease    cmsis_os.o
    0x08005944   0x08005944   0x00000064   Code   RO         4400    i.osMutexWait       cmsis_os.o
    0x080059a8   0x080059a8   0x00000054   Code   RO         4416    i.osThreadCreate    cmsis_os.o
    0x080059fc   0x080059fc   0x00000070   Code   RO         4053    i.prvAddCurrentTaskToDelayedList  tasks.o
    0x08005a6c   0x08005a6c   0x000000d0   Code   RO         4054    i.prvAddNewTaskToReadyList  tasks.o
    0x08005b3c   0x08005b3c   0x00000026   Code   RO         3735    i.prvCopyDataFromQueue  queue.o
    0x08005b62   0x08005b62   0x0000006c   Code   RO         3736    i.prvCopyDataToQueue  queue.o
    0x08005bce   0x08005bce   0x00000034   Code   RO         4055    i.prvDeleteTCB      tasks.o
    0x08005c02   0x08005c02   0x00000002   PAD
    0x08005c04   0x08005c04   0x0000004c   Code   RO         4744    i.prvHeapInit       heap_4.o
    0x08005c50   0x08005c50   0x00000060   Code   RO         4056    i.prvIdleTask       tasks.o
    0x08005cb0   0x08005cb0   0x00000016   Code   RO         3737    i.prvInitialiseMutex  queue.o
    0x08005cc6   0x08005cc6   0x00000016   Code   RO         3738    i.prvInitialiseNewQueue  queue.o
    0x08005cdc   0x08005cdc   0x000000b0   Code   RO         4057    i.prvInitialiseNewTask  tasks.o
    0x08005d8c   0x08005d8c   0x0000004c   Code   RO         4745    i.prvInsertBlockIntoFreeList  heap_4.o
    0x08005dd8   0x08005dd8   0x0000001c   Code   RO         3739    i.prvIsQueueEmpty   queue.o
    0x08005df4   0x08005df4   0x00000020   Code   RO         4058    i.prvResetNextTaskUnblockTime  tasks.o
    0x08005e14   0x08005e14   0x00000028   Code   RO         4813    i.prvTaskExitError  port.o
    0x08005e3c   0x08005e3c   0x00000034   Code   RO         4059    i.prvTaskIsTaskSuspended  tasks.o
    0x08005e70   0x08005e70   0x0000006a   Code   RO         3740    i.prvUnlockQueue    queue.o
    0x08005eda   0x08005eda   0x00000002   PAD
    0x08005edc   0x08005edc   0x000000dc   Code   RO         4746    i.pvPortMalloc      heap_4.o
    0x08005fb8   0x08005fb8   0x00000018   Code   RO         4060    i.pvTaskIncrementMutexHeldCount  tasks.o
    0x08005fd0   0x08005fd0   0x00000024   Code   RO         4814    i.pxPortInitialiseStack  port.o
    0x08005ff4   0x08005ff4   0x0000000c   Code   RO          205    i.ssd1306_I2C_Init  ssd1306.o
    0x08006000   0x08006000   0x00000020   Code   RO          206    i.ssd1306_I2C_Write  ssd1306.o
    0x08006020   0x08006020   0x00000038   Code   RO          207    i.ssd1306_I2C_WriteMulti  ssd1306.o
    0x08006058   0x08006058   0x00000068   Code   RO         4061    i.ulTaskNotifyTake  tasks.o
    0x080060c0   0x080060c0   0x00000074   Code   RO          439    i.updateOLED        main.o
    0x08006134   0x08006134   0x00000026   Code   RO         3695    i.uxListRemove      list.o
    0x0800615a   0x0800615a   0x00000002   PAD
    0x0800615c   0x0800615c   0x00000020   Code   RO         4064    i.uxTaskGetStackHighWaterMark  tasks.o
    0x0800617c   0x0800617c   0x00000014   Code   RO          579    i.vApplicationGetIdleTaskMemory  freertos.o
    0x08006190   0x08006190   0x00000016   Code   RO         3696    i.vListInitialise   list.o
    0x080061a6   0x080061a6   0x00000006   Code   RO         3697    i.vListInitialiseItem  list.o
    0x080061ac   0x080061ac   0x00000030   Code   RO         3698    i.vListInsert       list.o
    0x080061dc   0x080061dc   0x00000018   Code   RO         3699    i.vListInsertEnd    list.o
    0x080061f4   0x080061f4   0x00000040   Code   RO         4816    i.vPortEnterCritical  port.o
    0x08006234   0x08006234   0x00000028   Code   RO         4817    i.vPortExitCritical  port.o
    0x0800625c   0x0800625c   0x00000064   Code   RO         4747    i.vPortFree         heap_4.o
    0x080062c0   0x080062c0   0x00000024   Code   RO         4818    i.vPortSetupTimerInterrupt  port.o
    0x080062e4   0x080062e4   0x00000054   Code   RO         4819    i.vPortValidateInterruptPriority  port.o
    0x08006338   0x08006338   0x0000004c   Code   RO         4068    i.vTaskDelay        tasks.o
    0x08006384   0x08006384   0x00000010   Code   RO         4071    i.vTaskInternalSetTimeOutState  tasks.o
    0x08006394   0x08006394   0x0000000c   Code   RO         4072    i.vTaskMissedYield  tasks.o
    0x080063a0   0x080063a0   0x000000b4   Code   RO         4073    i.vTaskNotifyGiveFromISR  tasks.o
    0x08006454   0x08006454   0x00000030   Code   RO         4074    i.vTaskPlaceOnEventList  tasks.o
    0x08006484   0x08006484   0x000000a0   Code   RO         4076    i.vTaskPriorityDisinheritAfterTimeout  tasks.o
    0x08006524   0x08006524   0x0000007c   Code   RO         4079    i.vTaskResume       tasks.o
    0x080065a0   0x080065a0   0x0000006c   Code   RO         4081    i.vTaskStartScheduler  tasks.o
    0x0800660c   0x0800660c   0x000000bc   Code   RO         4082    i.vTaskSuspend      tasks.o
    0x080066c8   0x080066c8   0x00000010   Code   RO         4083    i.vTaskSuspendAll   tasks.o
    0x080066d8   0x080066d8   0x0000005c   Code   RO         4084    i.vTaskSwitchContext  tasks.o
    0x08006734   0x08006734   0x000000a8   Code   RO         4820    i.xPortStartScheduler  port.o
    0x080067dc   0x080067dc   0x00000016   Code   RO         3747    i.xQueueCreateMutex  queue.o
    0x080067f2   0x080067f2   0x0000001a   Code   RO         3748    i.xQueueCreateMutexStatic  queue.o
    0x0800680c   0x0800680c   0x00000042   Code   RO         3749    i.xQueueGenericCreate  queue.o
    0x0800684e   0x0800684e   0x00000066   Code   RO         3750    i.xQueueGenericCreateStatic  queue.o
    0x080068b4   0x080068b4   0x00000088   Code   RO         3751    i.xQueueGenericReset  queue.o
    0x0800693c   0x0800693c   0x00000160   Code   RO         3752    i.xQueueGenericSend  queue.o
    0x08006a9c   0x08006a9c   0x0000009c   Code   RO         3754    i.xQueueGiveFromISR  queue.o
    0x08006b38   0x08006b38   0x0000009a   Code   RO         3760    i.xQueueReceiveFromISR  queue.o
    0x08006bd2   0x08006bd2   0x00000002   PAD
    0x08006bd4   0x08006bd4   0x00000178   Code   RO         3761    i.xQueueSemaphoreTake  queue.o
    0x08006d4c   0x08006d4c   0x00000074   Code   RO         4086    i.xTaskCheckForTimeOut  tasks.o
    0x08006dc0   0x08006dc0   0x0000005a   Code   RO         4087    i.xTaskCreate       tasks.o
    0x08006e1a   0x08006e1a   0x00000056   Code   RO         4088    i.xTaskCreateStatic  tasks.o
    0x08006e70   0x08006e70   0x0000001c   Code   RO         4092    i.xTaskGetSchedulerState  tasks.o
    0x08006e8c   0x08006e8c   0x000000cc   Code   RO         4095    i.xTaskIncrementTick  tasks.o
    0x08006f58   0x08006f58   0x00000098   Code   RO         4098    i.xTaskPriorityDisinherit  tasks.o
    0x08006ff0   0x08006ff0   0x0000008c   Code   RO         4099    i.xTaskPriorityInherit  tasks.o
    0x0800707c   0x0800707c   0x00000074   Code   RO         4100    i.xTaskRemoveFromEventList  tasks.o
    0x080070f0   0x080070f0   0x000000c4   Code   RO         4101    i.xTaskResumeAll    tasks.o
    0x080071b4   0x080071b4   0x0000002c   Code   RO         5152    locale$$code        c_w.l(lc_numeric_c.o)
    0x080071e0   0x080071e0   0x0000002c   Code   RO         5255    locale$$code        c_w.l(lc_ctype_c.o)
    0x0800720c   0x0800720c   0x00000062   Code   RO         5240    x$fpl$d2f           fz_ws.l(d2f.o)
    0x0800726e   0x0800726e   0x00000002   PAD
    0x08007270   0x08007270   0x00000010   Code   RO         5292    x$fpl$dcheck1       fz_ws.l(dcheck1.o)
    0x08007280   0x08007280   0x00000018   Code   RO         5259    x$fpl$dcmpinf       fz_ws.l(dcmpi.o)
    0x08007298   0x08007298   0x00000078   Code   RO         5242    x$fpl$deqf          fz_ws.l(deqf.o)
    0x08007310   0x08007310   0x00000078   Code   RO         5261    x$fpl$dleqf         fz_ws.l(dleqf.o)
    0x08007388   0x08007388   0x0000009c   Code   RO         5263    x$fpl$dnaninf       fz_ws.l(dnaninf.o)
    0x08007424   0x08007424   0x0000000c   Code   RO         5069    x$fpl$dretinf       fz_ws.l(dretinf.o)
    0x08007430   0x08007430   0x0000006c   Code   RO         5244    x$fpl$drleqf        fz_ws.l(drleqf.o)
    0x0800749c   0x0800749c   0x00000056   Code   RO         4962    x$fpl$f2d           fz_ws.l(f2d.o)
    0x080074f2   0x080074f2   0x00000002   PAD
    0x080074f4   0x080074f4   0x000000c4   Code   RO         4964    x$fpl$fadd          fz_ws.l(faddsub_clz.o)
    0x080075b8   0x080075b8   0x00000018   Code   RO         5071    x$fpl$fcmpinf       fz_ws.l(fcmpi.o)
    0x080075d0   0x080075d0   0x00000184   Code   RO         4971    x$fpl$fdiv          fz_ws.l(fdiv.o)
    0x08007754   0x08007754   0x00000068   Code   RO         4974    x$fpl$feqf          fz_ws.l(feqf.o)
    0x080077bc   0x080077bc   0x00000036   Code   RO         4976    x$fpl$ffix          fz_ws.l(ffix.o)
    0x080077f2   0x080077f2   0x00000002   PAD
    0x080077f4   0x080077f4   0x00000030   Code   RO         4981    x$fpl$fflt          fz_ws.l(fflt_clz.o)
    0x08007824   0x08007824   0x0000008c   Code   RO         5073    x$fpl$fnaninf       fz_ws.l(fnaninf.o)
    0x080078b0   0x080078b0   0x0000000a   Code   RO         5075    x$fpl$fretinf       fz_ws.l(fretinf.o)
    0x080078ba   0x080078ba   0x00000014   Code   RO         4965    x$fpl$frsb          fz_ws.l(faddsub_clz.o)
    0x080078ce   0x080078ce   0x00000002   PAD
    0x080078d0   0x080078d0   0x000000ea   Code   RO         4966    x$fpl$fsub          fz_ws.l(faddsub_clz.o)
    0x080079ba   0x080079ba   0x00000006   Code   RO         5158    x$fpl$ieeestatus    fz_ws.l(istatus.o)
    0x080079c0   0x080079c0   0x00000004   Code   RO         4986    x$fpl$printf1       fz_ws.l(printf1.o)
    0x080079c4   0x080079c4   0x00000004   Code   RO         5077    x$fpl$printf2       fz_ws.l(printf2.o)
    0x080079c8   0x080079c8   0x00000064   Code   RO         5334    x$fpl$retnan        fz_ws.l(retnan.o)
    0x08007a2c   0x08007a2c   0x0000005c   Code   RO         5267    x$fpl$scalbn        fz_ws.l(scalbn.o)
    0x08007a88   0x08007a88   0x00000004   Code   RO         4988    x$fpl$scanf1        fz_ws.l(scanf1.o)
    0x08007a8c   0x08007a8c   0x00000008   Code   RO         5160    x$fpl$scanf2        fz_ws.l(scanf2.o)
    0x08007a94   0x08007a94   0x00000030   Code   RO         5361    x$fpl$trapveneer    fz_ws.l(trapv.o)
    0x08007ac4   0x08007ac4   0x00000000   Code   RO         5083    x$fpl$usenofp       fz_ws.l(usenofp.o)
    0x08007ac4   0x08007ac4   0x00000d5c   Data   RO           15    .constdata          fonts.o
    0x08008820   0x08008820   0x00000023   Data   RO          380    .constdata          uart_mqtt.o
    0x08008843   0x08008843   0x00000001   PAD
    0x08008844   0x08008844   0x00000054   Data   RO          441    .constdata          main.o
    0x08008898   0x08008898   0x00000012   Data   RO          994    .constdata          stm32f1xx_hal_rcc.o
    0x080088aa   0x080088aa   0x00000010   Data   RO         3558    .constdata          system_stm32f1xx.o
    0x080088ba   0x080088ba   0x00000008   Data   RO         3559    .constdata          system_stm32f1xx.o
    0x080088c2   0x080088c2   0x00000011   Data   RO         4922    .constdata          c_w.l(__printf_flags_ss_wp.o)
    0x080088d3   0x080088d3   0x00000001   PAD
    0x080088d4   0x080088d4   0x00000008   Data   RO         5010    .constdata          c_w.l(_printf_wctomb.o)
    0x080088dc   0x080088dc   0x00000028   Data   RO         5039    .constdata          c_w.l(_printf_hex_int_ll_ptr.o)
    0x08008904   0x08008904   0x00000026   Data   RO         5114    .constdata          c_w.l(_printf_fp_hex.o)
    0x0800892a   0x0800892a   0x00000002   PAD
    0x0800892c   0x0800892c   0x00000094   Data   RO         5125    .constdata          c_w.l(bigflt0.o)
    0x080089c0   0x080089c0   0x0000002b   Data   RO          442    .conststring        main.o
    0x080089eb   0x080089eb   0x00000001   PAD
    0x080089ec   0x080089ec   0x00000020   Data   RO         5387    Region$$Table       anon$$obj.o
    0x08008a0c   0x08008a0c   0x00000008   Data   RO         5154    c$$dinf             fz_ws.l(fpconst.o)
    0x08008a14   0x08008a14   0x00000008   Data   RO         5157    c$$dmax             fz_ws.l(fpconst.o)
    0x08008a1c   0x08008a1c   0x0000001c   Data   RO         5151    locale$$data        c_w.l(lc_numeric_c.o)
    0x08008a38   0x08008a38   0x00000110   Data   RO         5254    locale$$data        c_w.l(lc_ctype_c.o)


    Execution Region RW_IRAM1 (Exec base: 0x20000000, Load base: 0x08008b48, Size: 0x00001ec0, Max: 0x00005000, ABSOLUTE)

    Exec Addr    Load Addr    Size         Type   Attr      Idx    E Section Name        Object

    0x20000000   0x08008b48   0x00000008   Data   RW           18    .data               fonts.o
    0x20000008   0x08008b50   0x00000006   Data   RW          209    .data               ssd1306.o
    0x2000000e   0x08008b56   0x00000002   PAD
    0x20000010   0x08008b58   0x00000008   Data   RW          383    .data               uart_mqtt.o
    0x20000018   0x08008b60   0x00000018   Data   RW          443    .data               main.o
    0x20000030   0x08008b78   0x0000000c   Data   RW          831    .data               stm32f1xx_hal.o
    0x2000003c   0x08008b84   0x00000004   Data   RW         3560    .data               system_stm32f1xx.o
    0x20000040   0x08008b88   0x0000003c   Data   RW         4104    .data               tasks.o
    0x2000007c   0x08008bc4   0x00000020   Data   RW         4753    .data               heap_4.o
    0x2000009c   0x08008be4   0x0000000c   Data   RW         4821    .data               port.o
    0x200000a8        -       0x00000400   Zero   RW          208    .bss                ssd1306.o
    0x200004a8        -       0x00000168   Zero   RW          379    .bss                uart_mqtt.o
    0x20000610        -       0x000002c4   Zero   RW          440    .bss                main.o
    0x200008d4        -       0x00000254   Zero   RW          580    .bss                freertos.o
    0x20000b28        -       0x00000048   Zero   RW          734    .bss                stm32f1xx_hal_timebase_tim.o
    0x20000b70        -       0x000000f0   Zero   RW         4103    .bss                tasks.o
    0x20000c60        -       0x00000c00   Zero   RW         4752    .bss                heap_4.o
    0x20001860        -       0x00000060   Zero   RW         5175    .bss                c_w.l(libspace.o)
    0x200018c0        -       0x00000200   Zero   RW            2    HEAP                startup_stm32f103xb.o
    0x20001ac0        -       0x00000400   Zero   RW            1    STACK               startup_stm32f103xb.o


==============================================================================

Image component sizes


      Code (inc. data)   RO Data    RW Data    ZI Data      Debug   Object Name

       328         10          0          0          0      29296   cmsis_os.o
         0          0          0          0          0      20008   event_groups.o
         0          0       3420          8          0     435027   fonts.o
        20          4          0          0        596       1184   freertos.o
       472         24          0         32       3072       7199   heap_4.o
       138          0          0          0          0       3286   list.o
      1398        296        127         24        708      41161   main.o
       304         52          0          0          0       3504   nmea_parser.o
       662         70          0         12          0      10869   port.o
      1714         14          0          0          0      19218   queue.o
       848         54          0          6       1024       8604   ssd1306.o
        64         26        236          0       1536        792   startup_stm32f103xb.o
        64         14          0         12          0       4534   stm32f1xx_hal.o
       158         14          0          0          0      28090   stm32f1xx_hal_cortex.o
       222          4          0          0          0       1715   stm32f1xx_hal_dma.o
       506         34          0          0          0       3425   stm32f1xx_hal_gpio.o
      1762         42          0          0          0      10345   stm32f1xx_hal_i2c.o
       436         46          0          0          0       2431   stm32f1xx_hal_msp.o
      1304         94         18          0          0       5613   stm32f1xx_hal_rcc.o
       612         24          0          0          0       6992   stm32f1xx_hal_tim.o
         4          0          0          0          0       1525   stm32f1xx_hal_tim_ex.o
       140         22          0          0         72       1371   stm32f1xx_hal_timebase_tim.o
      1730         10          0          0          0      11791   stm32f1xx_hal_uart.o
        36         12          0          0          0       3314   stm32f1xx_it.o
         2          0         24          4          0       1059   system_stm32f1xx.o
      3036        224          0         60        240      31730   tasks.o
       580        234         35          8        360       2238   uart_mqtt.o

    ----------------------------------------------------------------------
     16570       1324       3894        168       7608     696321   Object Totals
         0          0         32          0          0          0   (incl. Generated)
        30          0          2          2          0          0   (incl. Padding)

    ----------------------------------------------------------------------

      Code (inc. data)   RO Data    RW Data    ZI Data      Debug   Library Member Name

        60          8          0          0          0         84   __0sscanf.o
        44          6          0          0          0         84   __2sprintf.o
         8          0          0          0          0         68   __main.o
       392          4         17          0          0         92   __printf_flags_ss_wp.o
        14          0          0          0          0         68   __printf_wp.o
         0          0          0          0          0          0   __rtentry.o
        12          0          0          0          0          0   __rtentry2.o
         6          0          0          0          0          0   __rtentry4.o
        52          8          0          0          0          0   __scatter.o
        26          0          0          0          0          0   __scatter_copy.o
        28          0          0          0          0          0   __scatter_zi.o
        28          0          0          0          0         68   _chval.o
         6          0          0          0          0          0   _printf_a.o
         6          0          0          0          0          0   _printf_c.o
        44          0          0          0          0        108   _printf_char.o
        48          6          0          0          0         96   _printf_char_common.o
        40          0          0          0          0         68   _printf_charcount.o
         6          0          0          0          0          0   _printf_d.o
       120         16          0          0          0         92   _printf_dec.o
         6          0          0          0          0          0   _printf_e.o
         6          0          0          0          0          0   _printf_f.o
      1054          0          0          0          0        216   _printf_fp_dec.o
       764          8         38          0          0        100   _printf_fp_hex.o
       128         16          0          0          0         84   _printf_fp_infnan.o
         6          0          0          0          0          0   _printf_g.o
       148          4         40          0          0        160   _printf_hex_int_ll_ptr.o
         6          0          0          0          0          0   _printf_i.o
       178          0          0          0          0         88   _printf_intcommon.o
        10          0          0          0          0          0   _printf_l.o
         6          0          0          0          0          0   _printf_lc.o
        10          0          0          0          0          0   _printf_ll.o
         6          0          0          0          0          0   _printf_lld.o
         6          0          0          0          0          0   _printf_lli.o
         6          0          0          0          0          0   _printf_llo.o
         6          0          0          0          0          0   _printf_llu.o
         6          0          0          0          0          0   _printf_llx.o
       124         16          0          0          0         92   _printf_longlong_dec.o
         6          0          0          0          0          0   _printf_ls.o
         6          0          0          0          0          0   _printf_n.o
         6          0          0          0          0          0   _printf_o.o
       112         10          0          0          0        124   _printf_oct_int_ll.o
         6          0          0          0          0          0   _printf_p.o
        78          0          0          0          0        108   _printf_pad.o
         0          0          0          0          0          0   _printf_percent.o
         4          0          0          0          0          0   _printf_percent_end.o
         6          0          0          0          0          0   _printf_s.o
        82          0          0          0          0         80   _printf_str.o
        36          0          0          0          0         84   _printf_truncate.o
         6          0          0          0          0          0   _printf_u.o
        44          0          0          0          0        108   _printf_wchar.o
       188          6          8          0          0         92   _printf_wctomb.o
         6          0          0          0          0          0   _printf_x.o
        22          0          0          0          0        100   _rserrno.o
       884          6          0          0          0        100   _scanf.o
       332          0          0          0          0         96   _scanf_int.o
       224          0          0          0          0         96   _scanf_str.o
        64          0          0          0          0         84   _sgetc.o
        16          0          0          0          0         68   _snputc.o
        10          0          0          0          0         68   _sputc.o
        64          0          0          0          0         92   _wcrtomb.o
        16          0          0          0          0         68   aeabi_memset.o
       228          4        148          0          0         96   bigflt0.o
      2152        136          0          0          0        960   btod.o
        18          0          0          0          0         80   exit.o
         6          0          0          0          0        152   heapauxi.o
         0          0          0          0          0          0   indicate_semi.o
        18          0          0          0          0         76   isspace.o
        44         10        272          0          0         76   lc_ctype_c.o
        44         10         28          0          0         76   lc_numeric_c.o
         2          0          0          0          0          0   libinit.o
        30          0          0          0          0          0   libinit2.o
         2          0          0          0          0          0   libshutdown.o
         2          0          0          0          0          0   libshutdown2.o
         8          4          0          0         96         68   libspace.o
        38          0          0          0          0         68   llshl.o
       138          0          0          0          0         80   lludiv10.o
        16          4          0          0          0         76   rt_ctype_table.o
         8          4          0          0          0         68   rt_errno_addr_intlibspace.o
         8          4          0          0          0         68   rt_locale_intlibspace.o
        68          0          0          0          0         68   rt_memclr.o
        78          0          0          0          0         80   rt_memclr_w.o
       138          0          0          0          0         68   rt_memcpy_v6.o
       100          0          0          0          0         80   rt_memcpy_w.o
         2          0          0          0          0          0   rtexit.o
        10          0          0          0          0          0   rtexit2.o
        44          8          0          0          0         84   scanf_char.o
      1272         16          0          0          0        168   scanf_fp.o
       800         14          0          0          0        100   scanf_hexfp.o
       308         16          0          0          0        100   scanf_infnan.o
        20          0          0          0          0         68   strchr.o
       128          0          0          0          0         68   strcmpv7m.o
        72          0          0          0          0         80   strcpy.o
        62          0          0          0          0         76   strlen.o
       150          0          0          0          0         80   strncmp.o
        86          0          0          0          0         76   strncpy.o
        12          4          0          0          0         68   sys_exit.o
        74          0          0          0          0         80   sys_stackheap_outer.o
         2          0          0          0          0         68   use_no_semi.o
        52          4          0          0          0         80   vsnprintf.o
        98          4          0          0          0         92   d2f.o
        16          4          0          0          0         68   dcheck1.o
        24          0          0          0          0         68   dcmpi.o
       120          4          0          0          0         92   deqf.o
       120          4          0          0          0         92   dleqf.o
       156          4          0          0          0         92   dnaninf.o
        12          0          0          0          0         68   dretinf.o
       108          0          0          0          0         80   drleqf.o
        86          4          0          0          0         84   f2d.o
       450          8          0          0          0        236   faddsub_clz.o
        24          0          0          0          0         68   fcmpi.o
       388         76          0          0          0         96   fdiv.o
       104          4          0          0          0         84   feqf.o
        54          4          0          0          0         84   ffix.o
        48          0          0          0          0         68   fflt_clz.o
       140          4          0          0          0         84   fnaninf.o
         0          0         16          0          0          0   fpconst.o
        10          0          0          0          0         68   fretinf.o
         6          0          0          0          0         68   istatus.o
         4          0          0          0          0         68   printf1.o
         4          0          0          0          0         68   printf2.o
       100          0          0          0          0         68   retnan.o
        92          0          0          0          0         68   scalbn.o
         4          0          0          0          0         68   scanf1.o
         8          0          0          0          0         84   scanf2.o
        48          0          0          0          0         68   trapv.o
         0          0          0          0          0          0   usenofp.o
        30          6          0          0          0        136   dunder.o
        40          0          0          0          0         68   fpclassify.o
        88          8          0          0          0         76   frexp.o
       138          0          0          0          0        160   ldexp.o
       204          4          0          0          0        168   narrow.o

    ----------------------------------------------------------------------
     14622        492        570          0         96       9064   Library Totals
        24          2          3          0          0          0   (incl. Padding)

    ----------------------------------------------------------------------

      Code (inc. data)   RO Data    RW Data    ZI Data      Debug   Library Name

     11874        352        551          0         96       6372   c_w.l
      2224        120         16          0          0       2084   fz_ws.l
       500         18          0          0          0        608   m_ws.l

    ----------------------------------------------------------------------
     14622        492        570          0         96       9064   Library Totals

    ----------------------------------------------------------------------

==============================================================================


      Code (inc. data)   RO Data    RW Data    ZI Data      Debug   

     31192       1816       4464        168       7704     691705   Grand Totals
     31192       1816       4464        168       7704     691705   ELF Image Totals
     31192       1816       4464        168          0          0   ROM Totals

==============================================================================

    Total RO  Size (Code + RO Data)                35656 (  34.82kB)
    Total RW  Size (RW Data + ZI Data)              7872 (   7.69kB)
    Total ROM Size (Code + RO Data + RW Data)      35824 (  34.98kB)

==============================================================================

