Component: ARM Compiler 5.06 update 6 (build 750) Tool: armlink [4d35ed]

==============================================================================

Section Cross References

    startup_stm32f401xc.o(STACK) refers (Special) to heapauxi.o(.text) for __use_two_region_memory
    startup_stm32f401xc.o(HEAP) refers (Special) to heapauxi.o(.text) for __use_two_region_memory
    startup_stm32f401xc.o(RESET) refers (Special) to heapauxi.o(.text) for __use_two_region_memory
    startup_stm32f401xc.o(RESET) refers to startup_stm32f401xc.o(STACK) for __initial_sp
    startup_stm32f401xc.o(RESET) refers to startup_stm32f401xc.o(.text) for Reset_Handler
    startup_stm32f401xc.o(RESET) refers to stm32f4xx_it.o(i.NMI_Handler) for NMI_Handler
    startup_stm32f401xc.o(RESET) refers to stm32f4xx_it.o(i.HardFault_Handler) for HardFault_Handler
    startup_stm32f401xc.o(RESET) refers to stm32f4xx_it.o(i.MemManage_Handler) for MemManage_Handler
    startup_stm32f401xc.o(RESET) refers to stm32f4xx_it.o(i.BusFault_Handler) for BusFault_Handler
    startup_stm32f401xc.o(RESET) refers to stm32f4xx_it.o(i.UsageFault_Handler) for UsageFault_Handler
    startup_stm32f401xc.o(RESET) refers to port.o(.emb_text) for SVC_Handler
    startup_stm32f401xc.o(RESET) refers to stm32f4xx_it.o(i.DebugMon_Handler) for DebugMon_Handler
    startup_stm32f401xc.o(RESET) refers to port.o(i.SysTick_Handler) for SysTick_Handler
    startup_stm32f401xc.o(RESET) refers to stm32f4xx_it.o(i.TIM1_UP_TIM10_IRQHandler) for TIM1_UP_TIM10_IRQHandler
    startup_stm32f401xc.o(RESET) refers to stm32f4xx_it.o(i.USART2_IRQHandler) for USART2_IRQHandler
    startup_stm32f401xc.o(.text) refers (Special) to heapauxi.o(.text) for __use_two_region_memory
    startup_stm32f401xc.o(.text) refers to system_stm32f4xx.o(i.SystemInit) for SystemInit
    startup_stm32f401xc.o(.text) refers to __main.o(!!!main) for __main
    startup_stm32f401xc.o(.text) refers to startup_stm32f401xc.o(HEAP) for Heap_Mem
    startup_stm32f401xc.o(.text) refers to startup_stm32f401xc.o(STACK) for Stack_Mem
    fonts.o(i.FONTS_GetStringSize) refers to strlen.o(.text) for strlen
    fonts.o(.data) refers to fonts.o(.constdata) for Font7x10
    fonts.o(.data) refers to fonts.o(.constdata) for Font11x18
    fonts.o(.data) refers to fonts.o(.constdata) for Font16x26
    nmea_parser.o(i.gpsParse) refers to _scanf_str.o(.text) for _scanf_string
    nmea_parser.o(i.gpsParse) refers to scanf1.o(x$fpl$scanf1) for _scanf_real
    nmea_parser.o(i.gpsParse) refers to strncmp.o(.text) for strncmp
    nmea_parser.o(i.gpsParse) refers to strchr.o(.text) for strchr
    nmea_parser.o(i.gpsParse) refers to __0sscanf.o(.text) for __0sscanf
    nmea_parser.o(i.gpsParse) refers to nmea_parser.o(i.nmeaToDecimal) for nmeaToDecimal
    nmea_parser.o(i.gps_Validate) refers to _scanf_int.o(.text) for _scanf_int
    nmea_parser.o(i.gps_Validate) refers to __0sscanf.o(.text) for __0sscanf
    ssd1306.o(i.SSD1306_Clear) refers to ssd1306.o(i.SSD1306_Fill) for SSD1306_Fill
    ssd1306.o(i.SSD1306_Clear) refers to ssd1306.o(i.SSD1306_UpdateScreen) for SSD1306_UpdateScreen
    ssd1306.o(i.SSD1306_DrawBitmap) refers to ssd1306.o(i.SSD1306_DrawPixel) for SSD1306_DrawPixel
    ssd1306.o(i.SSD1306_DrawCircle) refers to ssd1306.o(i.SSD1306_DrawPixel) for SSD1306_DrawPixel
    ssd1306.o(i.SSD1306_DrawFilledCircle) refers to ssd1306.o(i.SSD1306_DrawPixel) for SSD1306_DrawPixel
    ssd1306.o(i.SSD1306_DrawFilledCircle) refers to ssd1306.o(i.SSD1306_DrawLine) for SSD1306_DrawLine
    ssd1306.o(i.SSD1306_DrawFilledRectangle) refers to ssd1306.o(i.SSD1306_DrawLine) for SSD1306_DrawLine
    ssd1306.o(i.SSD1306_DrawFilledTriangle) refers to ssd1306.o(i.SSD1306_DrawLine) for SSD1306_DrawLine
    ssd1306.o(i.SSD1306_DrawLine) refers to ssd1306.o(i.SSD1306_DrawPixel) for SSD1306_DrawPixel
    ssd1306.o(i.SSD1306_DrawPixel) refers to ssd1306.o(.data) for .data
    ssd1306.o(i.SSD1306_DrawPixel) refers to ssd1306.o(.bss) for .bss
    ssd1306.o(i.SSD1306_DrawRectangle) refers to ssd1306.o(i.SSD1306_DrawLine) for SSD1306_DrawLine
    ssd1306.o(i.SSD1306_DrawTriangle) refers to ssd1306.o(i.SSD1306_DrawLine) for SSD1306_DrawLine
    ssd1306.o(i.SSD1306_Fill) refers to aeabi_memset.o(.text) for __aeabi_memset
    ssd1306.o(i.SSD1306_Fill) refers to ssd1306.o(.bss) for .bss
    ssd1306.o(i.SSD1306_GotoXY) refers to ssd1306.o(.data) for .data
    ssd1306.o(i.SSD1306_Init) refers to ssd1306.o(i.ssd1306_I2C_Init) for ssd1306_I2C_Init
    ssd1306.o(i.SSD1306_Init) refers to stm32f4xx_hal_i2c.o(i.HAL_I2C_IsDeviceReady) for HAL_I2C_IsDeviceReady
    ssd1306.o(i.SSD1306_Init) refers to ssd1306.o(i.ssd1306_I2C_Write) for ssd1306_I2C_Write
    ssd1306.o(i.SSD1306_Init) refers to ssd1306.o(i.SSD1306_Fill) for SSD1306_Fill
    ssd1306.o(i.SSD1306_Init) refers to ssd1306.o(i.SSD1306_UpdateScreen) for SSD1306_UpdateScreen
    ssd1306.o(i.SSD1306_Init) refers to main.o(.bss) for hi2c1
    ssd1306.o(i.SSD1306_Init) refers to ssd1306.o(.data) for .data
[...]
    _terminateio                              - Undefined Weak Reference
    __Vectors_Size                           0x00000194   Number         0  startup_stm32f401xc.o ABSOLUTE
    __Vectors                                0x08000000   Data           4  startup_stm32f401xc.o(RESET)
    __Vectors_End                            0x08000194   Data           0  startup_stm32f401xc.o(RESET)
    __main                                   0x08000195   Thumb Code     8  __main.o(!!!main)
    __scatterload                            0x0800019d   Thumb Code     0  __scatter.o(!!!scatter)
    __scatterload_rt2                        0x0800019d   Thumb Code    44  __scatter.o(!!!scatter)
    __scatterload_rt2_thumb_only             0x0800019d   Thumb Code     0  __scatter.o(!!!scatter)
    __scatterload_null                       0x080001ab   Thumb Code     0  __scatter.o(!!!scatter)
    __scatterload_copy                       0x080001d1   Thumb Code    26  __scatter_copy.o(!!handler_copy)
    __scatterload_zeroinit                   0x080001ed   Thumb Code    28  __scatter_zi.o(!!handler_zi)
    _printf_f                                0x08000209   Thumb Code     0  _printf_f.o(.ARM.Collect$$_printf_percent$$00000003)
    _printf_percent                          0x08000209   Thumb Code     0  _printf_percent.o(.ARM.Collect$$_printf_percent$$00000000)
    _printf_d                                0x0800020f   Thumb Code     0  _printf_d.o(.ARM.Collect$$_printf_percent$$00000009)
    _printf_s                                0x08000215   Thumb Code     0  _printf_s.o(.ARM.Collect$$_printf_percent$$00000014)
    _printf_percent_end                      0x0800021b   Thumb Code     0  _printf_percent_end.o(.ARM.Collect$$_printf_percent$$00000017)
    __rt_lib_init                            0x0800021f   Thumb Code     0  libinit.o(.ARM.Collect$$libinit$$00000000)
    __rt_lib_init_fp_1                       0x08000221   Thumb Code     0  libinit2.o(.ARM.Collect$$libinit$$00000001)
    __rt_lib_init_heap_1                     0x08000225   Thumb Code     0  libinit2.o(.ARM.Collect$$libinit$$0000000A)
    __rt_lib_init_lc_common                  0x08000225   Thumb Code     0  libinit2.o(.ARM.Collect$$libinit$$0000000F)
    __rt_lib_init_preinit_1                  0x08000225   Thumb Code     0  libinit2.o(.ARM.Collect$$libinit$$00000004)
    __rt_lib_init_rand_1                     0x08000225   Thumb Code     0  libinit2.o(.ARM.Collect$$libinit$$0000000E)
    __rt_lib_init_user_alloc_1               0x08000225   Thumb Code     0  libinit2.o(.ARM.Collect$$libinit$$0000000C)
    __rt_lib_init_lc_collate_1               0x0800022b   Thumb Code     0  libinit2.o(.ARM.Collect$$libinit$$00000011)
    __rt_lib_init_lc_ctype_2                 0x0800022b   Thumb Code     0  libinit2.o(.ARM.Collect$$libinit$$00000012)
    __rt_lib_init_lc_ctype_1                 0x08000237   Thumb Code     0  libinit2.o(.ARM.Collect$$libinit$$00000013)
    __rt_lib_init_lc_monetary_1              0x08000237   Thumb Code     0  libinit2.o(.ARM.Collect$$libinit$$00000015)
    __rt_lib_init_lc_numeric_2               0x08000237   Thumb Code     0  libinit2.o(.ARM.Collect$$libinit$$00000016)
    __rt_lib_init_alloca_1                   0x08000241   Thumb Code     0  libinit2.o(.ARM.Collect$$libinit$$0000002E)
    __rt_lib_init_argv_1                     0x08000241   Thumb Code     0  libinit2.o(.ARM.Collect$$libinit$$0000002C)
    __rt_lib_init_atexit_1                   0x08000241   Thumb Code     0  libinit2.o(.ARM.Collect$$libinit$$0000001B)
    __rt_lib_init_clock_1                    0x08000241   Thumb Code     0  libinit2.o(.ARM.Collect$$libinit$$00000021)
    __rt_lib_init_cpp_1                      0x08000241   Thumb Code     0  libinit2.o(.ARM.Collect$$libinit$$00000032)
    __rt_lib_init_exceptions_1               0x08000241   Thumb Code     0  libinit2.o(.ARM.Collect$$libinit$$00000030)
    __rt_lib_init_fp_trap_1                  0x08000241   Thumb Code     0  libinit2.o(.ARM.Collect$$libinit$$0000001F)
    __rt_lib_init_getenv_1                   0x08000241   Thumb Code     0  libinit2.o(.ARM.Collect$$libinit$$00000023)
    __rt_lib_init_lc_numeric_1               0x08000241   Thumb Code     0  libinit2.o(.ARM.Collect$$libinit$$00000017)
    __rt_lib_init_lc_time_1                  0x08000241   Thumb Code     0  libinit2.o(.ARM.Collect$$libinit$$00000019)
    __rt_lib_init_return                     0x08000241   Thumb Code     0  libinit2.o(.ARM.Collect$$libinit$$00000033)
    __rt_lib_init_signal_1                   0x08000241   Thumb Code     0  libinit2.o(.ARM.Collect$$libinit$$0000001D)
    __rt_lib_init_stdio_1                    0x08000241   Thumb Code     0  libinit2.o(.ARM.Collect$$libinit$$00000025)
    __rt_lib_shutdown                        0x08000243   Thumb Code     0  libshutdown.o(.ARM.Collect$$libshutdown$$00000000)
    __rt_lib_shutdown_cpp_1                  0x08000245   Thumb Code     0  libshutdown2.o(.ARM.Collect$$libshutdown$$00000002)
    __rt_lib_shutdown_fp_trap_1              0x08000245   Thumb Code     0  libshutdown2.o(.ARM.Collect$$libshutdown$$00000007)
    __rt_lib_shutdown_heap_1                 0x08000245   Thumb Code     0  libshutdown2.o(.ARM.Collect$$libshutdown$$0000000F)
    __rt_lib_shutdown_return                 0x08000245   Thumb Code     0  libshutdown2.o(.ARM.Collect$$libshutdown$$00000010)
    __rt_lib_shutdown_signal_1               0x08000245   Thumb Code     0  libshutdown2.o(.ARM.Collect$$libshutdown$$0000000A)
    __rt_lib_shutdown_stdio_1                0x08000245   Thumb Code     0  libshutdown2.o(.ARM.Collect$$libshutdown$$00000004)
    __rt_lib_shutdown_user_alloc_1           0x08000245   Thumb Code     0  libshutdown2.o(.ARM.Collect$$libshutdown$$0000000C)
    __rt_entry                               0x08000247   Thumb Code     0  __rtentry.o(.ARM.Collect$$rtentry$$00000000)
    __rt_entry_presh_1                       0x08000247   Thumb Code     0  __rtentry2.o(.ARM.Collect$$rtentry$$00000002)
    __rt_entry_sh                            0x08000247   Thumb Code     0  __rtentry4.o(.ARM.Collect$$rtentry$$00000004)
    __rt_entry_li                            0x0800024d   Thumb Code     0  __rtentry2.o(.ARM.Collect$$rtentry$$0000000A)
    __rt_entry_postsh_1                      0x0800024d   Thumb Code     0  __rtentry2.o(.ARM.Collect$$rtentry$$00000009)
    __rt_entry_main                          0x08000251   Thumb Code     0  __rtentry2.o(.ARM.Collect$$rtentry$$0000000D)
    __rt_entry_postli_1                      0x08000251   Thumb Code     0  __rtentry2.o(.ARM.Collect$$rtentry$$0000000C)
    __rt_exit                                0x08000259   Thumb Code     0  rtexit.o(.ARM.Collect$$rtexit$$00000000)
    __rt_exit_ls                             0x0800025b   Thumb Code     0  rtexit2.o(.ARM.Collect$$rtexit$$00000003)
    __rt_exit_prels_1                        0x0800025b   Thumb Code     0  rtexit2.o(.ARM.Collect$$rtexit$$00000002)
    __rt_exit_exit                           0x0800025f   Thumb Code     0  rtexit2.o(.ARM.Collect$$rtexit$$00000004)
    SVC_Handler                              0x08000265   Thumb Code    28  port.o(.emb_text)
    __asm___6_port_c_39a90d8d__prvStartFirstTask 0x08000285   Thumb Code    36  port.o(.emb_text)
    __asm___6_port_c_39a90d8d__prvEnableVFP  0x080002ad   Thumb Code    16  port.o(.emb_text)
    PendSV_Handler                           0x080002c1   Thumb Code    88  port.o(.emb_text)
    vPortGetIPSR                             0x0800031d   Thumb Code     6  port.o(.emb_text)
    Reset_Handler                            0x08000325   Thumb Code     8  startup_stm32f401xc.o(.text)
    ADC_IRQHandler                           0x0800033f   Thumb Code     0  startup_stm32f401xc.o(.text)
    DMA1_Stream0_IRQHandler                  0x0800033f   Thumb Code     0  startup_stm32f401xc.o(.text)
    DMA1_Stream1_IRQHandler                  0x0800033f   Thumb Code     0  startup_stm32f401xc.o(.text)
    DMA1_Stream2_IRQHandler                  0x0800033f   Thumb Code     0  startup_stm32f401xc.o(.text)
    DMA1_Stream3_IRQHandler                  0x0800033f   Thumb Code     0  startup_stm32f401xc.o(.text)
    DMA1_Stream4_IRQHandler                  0x0800033f   Thumb Code     0  startup_stm32f401xc.o(.text)
    DMA1_Stream5_IRQHandler                  0x0800033f   Thumb Code     0  startup_stm32f401xc.o(.text)
    DMA1_Stream6_IRQHandler                  0x0800033f   Thumb Code     0  startup_stm32f401xc.o(.text)
    DMA1_Stream7_IRQHandler                  0x0800033f   Thumb Code     0  startup_stm32f401xc.o(.text)
    DMA2_Stream0_IRQHandler                  0x0800033f   Thumb Code     0  startup_stm32f401xc.o(.text)
    DMA2_Stream1_IRQHandler                  0x0800033f   Thumb Code     0  startup_stm32f401xc.o(.text)
    DMA2_Stream2_IRQHandler                  0x0800033f   Thumb Code     0  startup_stm32f401xc.o(.text)
    DMA2_Stream3_IRQHandler                  0x0800033f   Thumb Code     0  startup_stm32f401xc.o(.text)
    DMA2_Stream4_IRQHandler                  0x0800033f   Thumb Code     0  startup_stm32f401xc.o(.text)
    DMA2_Stream5_IRQHandler                  0x0800033f   Thumb Code     0  startup_stm32f401xc.o(.text)
    DMA2_Stream6_IRQHandler                  0x0800033f   Thumb Code     0  startup_stm32f401xc.o(.text)
    DMA2_Stream7_IRQHandler                  0x0800033f   Thumb Code     0  startup_stm32f401xc.o(.text)
    EXTI0_IRQHandler                         0x0800033f   Thumb Code     0  startup_stm32f401xc.o(.text)
    EXTI15_10_IRQHandler                     0x0800033f   Thumb Code     0  startup_stm32f401xc.o(.text)
    EXTI1_IRQHandler                         0x0800033f   Thumb Code     0  startup_stm32f401xc.o(.text)
    EXTI2_IRQHandler                         0x0800033f   Thumb Code     0  startup_stm32f401xc.o(.text)
    EXTI3_IRQHandler                         0x0800033f   Thumb Code     0  startup_stm32f401xc.o(.text)
    EXTI4_IRQHandler                         0x0800033f   Thumb Code     0  startup_stm32f401xc.o(.text)
    EXTI9_5_IRQHandler                       0x0800033f   Thumb Code     0  startup_stm32f401xc.o(.text)
    FLASH_IRQHandler                         0x0800033f   Thumb Code     0  startup_stm32f401xc.o(.text)
    FPU_IRQHandler                           0x0800033f   Thumb Code     0  startup_stm32f401xc.o(.text)
    I2C1_ER_IRQHandler                       0x0800033f   Thumb Code     0  startup_stm32f401xc.o(.text)
    I2C1_EV_IRQHandler                       0x0800033f   Thumb Code     0  startup_stm32f401xc.o(.text)
    I2C2_ER_IRQHandler                       0x0800033f   Thumb Code     0  startup_stm32f401xc.o(.text)
    I2C2_EV_IRQHandler                       0x0800033f   Thumb Code     0  startup_stm32f401xc.o(.text)
    I2C3_ER_IRQHandler                       0x0800033f   Thumb Code     0  startup_stm32f401xc.o(.text)
    I2C3_EV_IRQHandler                       0x0800033f   Thumb Code     0  startup_stm32f401xc.o(.text)
    OTG_FS_IRQHandler                        0x0800033f   Thumb Code     0  startup_stm32f401xc.o(.text)
    OTG_FS_WKUP_IRQHandler                   0x0800033f   Thumb Code     0  startup_stm32f401xc.o(.text)
    PVD_IRQHandler                           0x0800033f   Thumb Code     0  startup_stm32f401xc.o(.text)
    RCC_IRQHandler                           0x0800033f   Thumb Code     0  startup_stm32f401xc.o(.text)
    RTC_Alarm_IRQHandler                     0x0800033f   Thumb Code     0  startup_stm32f401xc.o(.text)
    RTC_WKUP_IRQHandler                      0x0800033f   Thumb Code     0  startup_stm32f401xc.o(.text)
    SDIO_IRQHandler                          0x0800033f   Thumb Code     0  startup_stm32f401xc.o(.text)
    SPI1_IRQHandler                          0x0800033f   Thumb Code     0  startup_stm32f401xc.o(.text)
    SPI2_IRQHandler                          0x0800033f   Thumb Code     0  startup_stm32f401xc.o(.text)
    SPI3_IRQHandler                          0x0800033f   Thumb Code     0  startup_stm32f401xc.o(.text)
    SPI4_IRQHandler                          0x0800033f   Thumb Code     0  startup_stm32f401xc.o(.text)
    TAMP_STAMP_IRQHandler                    0x0800033f   Thumb Code     0  startup_stm32f401xc.o(.text)
    TIM1_BRK_TIM9_IRQHandler                 0x0800033f   Thumb Code     0  startup_stm32f401xc.o(.text)
    TIM1_CC_IRQHandler                       0x0800033f   Thumb Code     0  startup_stm32f401xc.o(.text)
    TIM1_TRG_COM_TIM11_IRQHandler            0x0800033f   Thumb Code     0  startup_stm32f401xc.o(.text)
    TIM2_IRQHandler                          0x0800033f   Thumb Code     0  startup_stm32f401xc.o(.text)
    TIM3_IRQHandler                          0x0800033f   Thumb Code     0  startup_stm32f401xc.o(.text)
    TIM4_IRQHandler                          0x0800033f   Thumb Code     0  startup_stm32f401xc.o(.text)
    TIM5_IRQHandler                          0x0800033f   Thumb Code     0  startup_stm32f401xc.o(.text)
    USART1_IRQHandler                        0x0800033f   Thumb Code     0  startup_stm32f401xc.o(.text)
    USART6_IRQHandler                        0x0800033f   Thumb Code     0  startup_stm32f401xc.o(.text)
    WWDG_IRQHandler                          0x0800033f   Thumb Code     0  startup_stm32f401xc.o(.text)
    __user_initial_stackheap                 0x08000341   Thumb Code     0  startup_stm32f401xc.o(.text)
    __aeabi_uldivmod                         0x08000365   Thumb Code     0  lludivv7m.o(.text)
    _ll_udiv                                 0x08000365   Thumb Code   238  lludivv7m.o(.text)
    __2sprintf                               0x08000455   Thumb Code    34  noretval__2sprintf.o(.text)
    _printf_str                              0x0800047d   Thumb Code    82  _printf_str.o(.text)
    _printf_int_dec                          0x080004d1   Thumb Code   104  _printf_dec.o(.text)
    __printf                                 0x08000549   Thumb Code   270  __printf_wp.o(.text)
    __0sscanf                                0x08000659   Thumb Code    52  __0sscanf.o(.text)
    _scanf_int                               0x08000695   Thumb Code   332  _scanf_int.o(.text)
    _scanf_string                            0x080007e1   Thumb Code   224  _scanf_str.o(.text)
    strchr                                   0x080008c1   Thumb Code    20  strchr.o(.text)
    strcpy                                   0x080008d5   Thumb Code    72  strcpy.o(.text)
    strlen                                   0x0800091d   Thumb Code    62  strlen.o(.text)
    strncmp                                  0x0800095b   Thumb Code   150  strncmp.o(.text)
    __aeabi_memcpy                           0x080009f1   Thumb Code     0  rt_memcpy_v6.o(.text)
    __rt_memcpy                              0x080009f1   Thumb Code   138  rt_memcpy_v6.o(.text)
    _memcpy_lastbytes                        0x08000a57   Thumb Code     0  rt_memcpy_v6.o(.text)
    __aeabi_memcpy4                          0x08000a7b   Thumb Code     0  rt_memcpy_w.o(.text)
    __aeabi_memcpy8                          0x08000a7b   Thumb Code     0  rt_memcpy_w.o(.text)
    __rt_memcpy_w                            0x08000a7b   Thumb Code   100  rt_memcpy_w.o(.text)
    _memcpy_lastbytes_aligned                0x08000ac3   Thumb Code     0  rt_memcpy_w.o(.text)
    __aeabi_memset                           0x08000adf   Thumb Code    16  aeabi_memset.o(.text)
    __aeabi_memclr4                          0x08000aef   Thumb Code     0  rt_memclr_w.o(.text)
    __aeabi_memclr8                          0x08000aef   Thumb Code     0  rt_memclr_w.o(.text)
    __rt_memclr_w                            0x08000aef   Thumb Code    78  rt_memclr_w.o(.text)
    _memset_w                                0x08000af3   Thumb Code     0  rt_memclr_w.o(.text)
    strncpy                                  0x08000b3d   Thumb Code    86  strncpy.o(.text)
    __use_two_region_memory                  0x08000b93   Thumb Code     2  heapauxi.o(.text)
    __rt_heap_escrow$2region                 0x08000b95   Thumb Code     2  heapauxi.o(.text)
    __rt_heap_expand$2region                 0x08000b97   Thumb Code     2  heapauxi.o(.text)
    _printf_int_common                       0x08000b99   Thumb Code   178  _printf_intcommon.o(.text)
    __lib_sel_fp_printf                      0x08000c4b   Thumb Code     2  _printf_fp_dec.o(.text)
    _printf_fp_dec_real                      0x08000dfd   Thumb Code   620  _printf_fp_dec.o(.text)
    _printf_char_common                      0x08001073   Thumb Code    32  _printf_char_common.o(.text)
    _sputc                                   0x08001099   Thumb Code    10  _sputc.o(.text)
    _printf_cs_common                        0x080010a3   Thumb Code    20  _printf_char.o(.text)
    _printf_char                             0x080010b7   Thumb Code    16  _printf_char.o(.text)
    _printf_string                           0x080010c7   Thumb Code     8  _printf_char.o(.text)
    _chval                                   0x080010cf   Thumb Code    28  _chval.o(.text)
    _scanf_really_real                       0x08001339   Thumb Code   684  scanf_fp.o(.text)
    __vfscanf_char                           0x080015f1   Thumb Code    24  scanf_char.o(.text)
    _sgetc                                   0x08001611   Thumb Code    30  _sgetc.o(.text)
    _sbackspace                              0x0800162f   Thumb Code    34  _sgetc.o(.text)
    __aeabi_memclr                           0x08001651   Thumb Code     0  rt_memclr.o(.text)
    __rt_memclr                              0x08001651   Thumb Code    68  rt_memclr.o(.text)
    _memset                                  0x08001655   Thumb Code     0  rt_memclr.o(.text)
    __rt_locale                              0x08001695   Thumb Code     8  rt_locale_intlibspace.o(.text)
    __aeabi_errno_addr                       0x0800169d   Thumb Code     8  rt_errno_addr_intlibspace.o(.text)
    __errno$intlibspace                      0x0800169d   Thumb Code     0  rt_errno_addr_intlibspace.o(.text)
    __rt_errno_addr$intlibspace              0x0800169d   Thumb Code     0  rt_errno_addr_intlibspace.o(.text)
    _ll_udiv10                               0x080016a5   Thumb Code   138  lludiv10.o(.text)
    isspace                                  0x0800172f   Thumb Code    18  isspace.o(.text)
    _printf_fp_infnan                        0x08001741   Thumb Code   112  _printf_fp_infnan.o(.text)
    __vfscanf                                0x080017c1   Thumb Code   878  _scanf.o(.text)
    _btod_etento                             0x08001b35   Thumb Code   224  bigflt0.o(.text)
    __user_libspace                          0x08001c19   Thumb Code     8  libspace.o(.text)
    __user_perproc_libspace                  0x08001c19   Thumb Code     0  libspace.o(.text)
    __user_perthread_libspace                0x08001c19   Thumb Code     0  libspace.o(.text)
    __user_setup_stackheap                   0x08001c21   Thumb Code    74  sys_stackheap_outer.o(.text)
    __rt_ctype_table                         0x08001c6d   Thumb Code    16  rt_ctype_table.o(.text)
    __read_errno                             0x08001c7d   Thumb Code    10  _rserrno.o(.text)
    __set_errno                              0x08001c87   Thumb Code    12  _rserrno.o(.text)
    _scanf_really_hex_real                   0x08001c95   Thumb Code   786  scanf_hexfp.o(.text)
    _scanf_really_infnan                     0x08001fb5   Thumb Code   292  scanf_infnan.o(.text)
    exit                                     0x080020e9   Thumb Code    18  exit.o(.text)
    strcmp                                   0x080020fd   Thumb Code   128  strcmpv7m.o(.text)
    __aeabi_llsl                             0x0800217d   Thumb Code     0  llshl.o(.text)
    _ll_shift_l                              0x0800217d   Thumb Code    38  llshl.o(.text)
    _sys_exit                                0x080021a5   Thumb Code     8  sys_exit.o(.text)
    __I$use$semihosting                      0x080021b1   Thumb Code     0  use_no_semi.o(.text)
    __use_no_semihosting_swi                 0x080021b1   Thumb Code     2  use_no_semi.o(.text)
    __semihosting_library_function           0x080021b3   Thumb Code     0  indicate_semi.o(.text)
    _btod_d2e                                0x080021b3   Thumb Code    62  btod.o(CL$$btod_d2e)
    _d2e_denorm_low                          0x080021f1   Thumb Code    70  btod.o(CL$$btod_d2e_denorm_low)
    _d2e_norm_op1                            0x08002237   Thumb Code    96  btod.o(CL$$btod_d2e_norm_op1)
    __btod_div_common                        0x08002297   Thumb Code   696  btod.o(CL$$btod_div_common)
    _e2d                                     0x080025d1   Thumb Code   122  btod.o(CL$$btod_e2d)
    _e2e                                     0x08002655   Thumb Code   220  btod.o(CL$$btod_e2e)
    _btod_ediv                               0x08002731   Thumb Code    42  btod.o(CL$$btod_ediv)
    _btod_edivd                              0x0800275b   Thumb Code    42  btod.o(CL$$btod_edivd)
    _btod_emul                               0x08002785   Thumb Code    42  btod.o(CL$$btod_emul)
    _btod_emuld                              0x080027af   Thumb Code    42  btod.o(CL$$btod_emuld)
    __btod_mult_common                       0x080027d9   Thumb Code   580  btod.o(CL$$btod_mult_common)
    BusFault_Handler                         0x08002a1d   Thumb Code     2  stm32f4xx_it.o(i.BusFault_Handler)
    DebugMon_Handler                         0x08002a1f   Thumb Code     2  stm32f4xx_it.o(i.DebugMon_Handler)
    HAL_DMA_Abort                            0x08002a21   Thumb Code   146  stm32f4xx_hal_dma.o(i.HAL_DMA_Abort)
    HAL_DMA_Abort_IT                         0x08002ab3   Thumb Code    36  stm32f4xx_hal_dma.o(i.HAL_DMA_Abort_IT)
    HAL_GPIO_Init                            0x08002ad9   Thumb Code   446  stm32f4xx_hal_gpio.o(i.HAL_GPIO_Init)
    HAL_GPIO_TogglePin                       0x08002cb9   Thumb Code    16  stm32f4xx_hal_gpio.o(i.HAL_GPIO_TogglePin)
    HAL_GPIO_WritePin                        0x08002cc9   Thumb Code    10  stm32f4xx_hal_gpio.o(i.HAL_GPIO_WritePin)
    HAL_GetTick                              0x08002cd5   Thumb Code     6  stm32f4xx_hal.o(i.HAL_GetTick)
    HAL_I2C_Init                             0x08002ce1   Thumb Code   376  stm32f4xx_hal_i2c.o(i.HAL_I2C_Init)
    HAL_I2C_IsDeviceReady                    0x08002e69   Thumb Code   354  stm32f4xx_hal_i2c.o(i.HAL_I2C_IsDeviceReady)
    HAL_I2C_Master_Transmit                  0x08002fd5   Thumb Code   290  stm32f4xx_hal_i2c.o(i.HAL_I2C_Master_Transmit)
    HAL_I2C_MspInit                          0x08003101   Thumb Code    92  stm32f4xx_hal_msp.o(i.HAL_I2C_MspInit)
    HAL_IncTick                              0x08003169   Thumb Code    12  stm32f4xx_hal.o(i.HAL_IncTick)
    HAL_Init                                 0x08003179   Thumb Code    48  stm32f4xx_hal.o(i.HAL_Init)
    HAL_InitTick                             0x080031ad   Thumb Code   118  stm32f4xx_hal_timebase_tim.o(i.HAL_InitTick)
    HAL_MspInit                              0x08003239   Thumb Code    52  stm32f4xx_hal_msp.o(i.HAL_MspInit)
    HAL_NVIC_EnableIRQ                       0x08003271   Thumb Code    26  stm32f4xx_hal_cortex.o(i.HAL_NVIC_EnableIRQ)
    HAL_NVIC_SetPriority                     0x0800328d   Thumb Code    60  stm32f4xx_hal_cortex.o(i.HAL_NVIC_SetPriority)
    HAL_NVIC_SetPriorityGrouping             0x080032cd   Thumb Code    26  stm32f4xx_hal_cortex.o(i.HAL_NVIC_SetPriorityGrouping)
    HAL_RCC_ClockConfig                      0x080032f1   Thumb Code   288  stm32f4xx_hal_rcc.o(i.HAL_RCC_ClockConfig)
    HAL_RCC_GetClockConfig                   0x08003425   Thumb Code    54  stm32f4xx_hal_rcc.o(i.HAL_RCC_GetClockConfig)
    HAL_RCC_GetPCLK1Freq                     0x08003465   Thumb Code    20  stm32f4xx_hal_rcc.o(i.HAL_RCC_GetPCLK1Freq)
    HAL_RCC_GetPCLK2Freq                     0x08003485   Thumb Code    20  stm32f4xx_hal_rcc.o(i.HAL_RCC_GetPCLK2Freq)
    HAL_RCC_GetSysClockFreq                  0x080034a5   Thumb Code    88  stm32f4xx_hal_rcc.o(i.HAL_RCC_GetSysClockFreq)
    HAL_RCC_OscConfig                        0x08003509   Thumb Code   856  stm32f4xx_hal_rcc.o(i.HAL_RCC_OscConfig)
    HAL_TIMEx_BreakCallback                  0x08003875   Thumb Code     2  stm32f4xx_hal_tim_ex.o(i.HAL_TIMEx_BreakCallback)
    HAL_TIMEx_CommutCallback                 0x08003877   Thumb Code     2  stm32f4xx_hal_tim_ex.o(i.HAL_TIMEx_CommutCallback)
    HAL_TIM_Base_Init                        0x08003879   Thumb Code    90  stm32f4xx_hal_tim.o(i.HAL_TIM_Base_Init)
    HAL_TIM_Base_MspInit                     0x080038d3   Thumb Code     2  stm32f4xx_hal_tim.o(i.HAL_TIM_Base_MspInit)
    HAL_TIM_Base_Start_IT                    0x080038d5   Thumb Code    88  stm32f4xx_hal_tim.o(i.HAL_TIM_Base_Start_IT)
    HAL_TIM_IC_CaptureCallback               0x08003941   Thumb Code     2  stm32f4xx_hal_tim.o(i.HAL_TIM_IC_CaptureCallback)
    HAL_TIM_IRQHandler                       0x08003943   Thumb Code   304  stm32f4xx_hal_tim.o(i.HAL_TIM_IRQHandler)
    HAL_TIM_OC_DelayElapsedCallback          0x08003a73   Thumb Code     2  stm32f4xx_hal_tim.o(i.HAL_TIM_OC_DelayElapsedCallback)
    HAL_TIM_PWM_PulseFinishedCallback        0x08003a75   Thumb Code     2  stm32f4xx_hal_tim.o(i.HAL_TIM_PWM_PulseFinishedCallback)
    HAL_TIM_PeriodElapsedCallback            0x08003a79   Thumb Code    14  main.o(i.HAL_TIM_PeriodElapsedCallback)
    HAL_TIM_TriggerCallback                  0x08003a8d   Thumb Code     2  stm32f4xx_hal_tim.o(i.HAL_TIM_TriggerCallback)
    HAL_UARTEx_RxEventCallback               0x08003a8f   Thumb Code     2  stm32f4xx_hal_uart.o(i.HAL_UARTEx_RxEventCallback)
    HAL_UART_ErrorCallback                   0x08003a91   Thumb Code     2  stm32f4xx_hal_uart.o(i.HAL_UART_ErrorCallback)
    HAL_UART_IRQHandler                      0x08003a95   Thumb Code   618  stm32f4xx_hal_uart.o(i.HAL_UART_IRQHandler)
    HAL_UART_Init                            0x08003d05   Thumb Code   100  stm32f4xx_hal_uart.o(i.HAL_UART_Init)
    HAL_UART_MspInit                         0x08003d69   Thumb Code   170  stm32f4xx_hal_msp.o(i.HAL_UART_MspInit)
    HAL_UART_Receive                         0x08003e25   Thumb Code   176  stm32f4xx_hal_uart.o(i.HAL_UART_Receive)
    HAL_UART_Receive_IT                      0x08003ed5   Thumb Code    28  stm32f4xx_hal_uart.o(i.HAL_UART_Receive_IT)
    HAL_UART_RxCpltCallback                  0x08003ef1   Thumb Code   144  main.o(i.HAL_UART_RxCpltCallback)
    HAL_UART_Transmit                        0x08003f99   Thumb Code   160  stm32f4xx_hal_uart.o(i.HAL_UART_Transmit)
    HAL_UART_TxCpltCallback                  0x08004039   Thumb Code     2  stm32f4xx_hal_uart.o(i.HAL_UART_TxCpltCallback)
    HardFault_Handler                        0x0800403b   Thumb Code     2  stm32f4xx_it.o(i.HardFault_Handler)
    MemManage_Handler                        0x08004385   Thumb Code     2  stm32f4xx_it.o(i.MemManage_Handler)
    NMI_Handler                              0x08004387   Thumb Code     2  stm32f4xx_it.o(i.NMI_Handler)
    SIMTransmit                              0x08004389   Thumb Code    40  uart_mqtt.o(i.SIMTransmit)
    SSD1306_Clear                            0x080043b9   Thumb Code    16  ssd1306.o(i.SSD1306_Clear)
    SSD1306_DrawPixel                        0x080043c9   Thumb Code    54  ssd1306.o(i.SSD1306_DrawPixel)
    SSD1306_Fill                             0x08004409   Thumb Code    18  ssd1306.o(i.SSD1306_Fill)
    SSD1306_GotoXY                           0x08004421   Thumb Code     8  ssd1306.o(i.SSD1306_GotoXY)
    SSD1306_Init                             0x0800442d   Thumb Code   350  ssd1306.o(i.SSD1306_Init)
    SSD1306_Putc                             0x08004595   Thumb Code   156  ssd1306.o(i.SSD1306_Putc)
    SSD1306_Puts                             0x08004635   Thumb Code    40  ssd1306.o(i.SSD1306_Puts)
    SSD1306_UpdateScreen                     0x0800465d   Thumb Code    66  ssd1306.o(i.SSD1306_UpdateScreen)
    StartGPSTask                             0x080046a5   Thumb Code   178  main.o(i.StartGPSTask)
    StartMQTTTask                            0x08004765   Thumb Code    96  main.o(i.StartMQTTTask)
    StartOLEDTask                            0x080047cd   Thumb Code    52  main.o(i.StartOLEDTask)
    SysTick_Handler                          0x08004809   Thumb Code    38  port.o(i.SysTick_Handler)
    SystemClock_Config                       0x08004835   Thumb Code   120  main.o(i.SystemClock_Config)
    SystemInit                               0x080048b5   Thumb Code    12  system_stm32f4xx.o(i.SystemInit)
    TIM1_UP_TIM10_IRQHandler                 0x080048c5   Thumb Code     6  stm32f4xx_it.o(i.TIM1_UP_TIM10_IRQHandler)
    TIM_Base_SetConfig                       0x080048d1   Thumb Code   136  stm32f4xx_hal_tim.o(i.TIM_Base_SetConfig)
    UART_Start_Receive_IT                    0x08004ba1   Thumb Code    54  stm32f4xx_hal_uart.o(i.UART_Start_Receive_IT)
    USART2_IRQHandler                        0x08004c49   Thumb Code     6  stm32f4xx_it.o(i.USART2_IRQHandler)
    UsageFault_Handler                       0x08004c55   Thumb Code     2  stm32f4xx_it.o(i.UsageFault_Handler)
    __ARM_fpclassify                         0x08004c57   Thumb Code    48  fpclassify.o(i.__ARM_fpclassify)
    __hardfp___mathlib_tofloat               0x08004ca9   Thumb Code   232  narrow.o(i.__hardfp___mathlib_tofloat)
    __hardfp_ldexp                           0x08004da1   Thumb Code   200  ldexp.o(i.__hardfp_ldexp)
    __mathlib_dbl_overflow                   0x08004e71   Thumb Code    24  dunder.o(i.__mathlib_dbl_overflow)
    __mathlib_dbl_underflow                  0x08004e91   Thumb Code    24  dunder.o(i.__mathlib_dbl_underflow)
    __mathlib_narrow                         0x08004eb1   Thumb Code    18  narrow.o(i.__mathlib_narrow)
    __support_ldexp                          0x08004ec3   Thumb Code    20  ldexp.o(i.__support_ldexp)
    _is_digit                                0x08004ed7   Thumb Code    14  __printf_wp.o(i._is_digit)
    cleanBuffer                              0x08004ee5   Thumb Code    62  main.o(i.cleanBuffer)
    frexp                                    0x08004f29   Thumb Code   118  frexp.o(i.frexp)
    gpsParse                                 0x08004fb5   Thumb Code   160  nmea_parser.o(i.gpsParse)
    gps_Validate                             0x08005079   Thumb Code    56  nmea_parser.o(i.gps_Validate)
    main                                     0x080050c5   Thumb Code   226  main.o(i.main)
    mqttPublish                              0x080051d1   Thumb Code   272  uart_mqtt.o(i.mqttPublish)
    nmeaToDecimal                            0x080053b5   Thumb Code    66  nmea_parser.o(i.nmeaToDecimal)
    osDelay                                  0x08005401   Thumb Code    14  cmsis_os.o(i.osDelay)
    osKernelStart                            0x0800540f   Thumb Code    10  cmsis_os.o(i.osKernelStart)
    osMutexCreate                            0x08005419   Thumb Code    16  cmsis_os.o(i.osMutexCreate)
    osMutexRelease                           0x08005429   Thumb Code    74  cmsis_os.o(i.osMutexRelease)
    osMutexWait                              0x08005479   Thumb Code    96  cmsis_os.o(i.osMutexWait)
    osThreadCreate                           0x080054dd   Thumb Code    84  cmsis_os.o(i.osThreadCreate)
    pvPortMalloc                             0x08005a11   Thumb Code   216  heap_4.o(i.pvPortMalloc)
    pvTaskIncrementMutexHeldCount            0x08005aed   Thumb Code    18  tasks.o(i.pvTaskIncrementMutexHeldCount)
    pxPortInitialiseStack                    0x08005b05   Thumb Code    40  port.o(i.pxPortInitialiseStack)
    ssd1306_I2C_Init                         0x08005b31   Thumb Code     8  ssd1306.o(i.ssd1306_I2C_Init)
    ssd1306_I2C_Write                        0x08005b3d   Thumb Code    28  ssd1306.o(i.ssd1306_I2C_Write)
    ssd1306_I2C_WriteMulti                   0x08005b5d   Thumb Code    50  ssd1306.o(i.ssd1306_I2C_WriteMulti)
    ulTaskNotifyTake                         0x08005b95   Thumb Code    96  tasks.o(i.ulTaskNotifyTake)
    updateOLED                               0x08005bfd   Thumb Code   148  main.o(i.updateOLED)
    uxListRemove                             0x08005cb5   Thumb Code    38  list.o(i.uxListRemove)
    vApplicationGetIdleTaskMemory            0x08005cdd   Thumb Code    16  freertos.o(i.vApplicationGetIdleTaskMemory)
    vListInitialise                          0x08005cf1   Thumb Code    22  list.o(i.vListInitialise)
    vListInitialiseItem                      0x08005d07   Thumb Code     6  list.o(i.vListInitialiseItem)
    vListInsert                              0x08005d0d   Thumb Code    48  list.o(i.vListInsert)
    vListInsertEnd                           0x08005d3d   Thumb Code    24  list.o(i.vListInsertEnd)
    vPortEnterCritical                       0x08005d55   Thumb Code    54  port.o(i.vPortEnterCritical)
    vPortExitCritical                        0x08005d95   Thumb Code    34  port.o(i.vPortExitCritical)
    vPortFree                                0x08005dbd   Thumb Code    94  heap_4.o(i.vPortFree)
    vPortSetupTimerInterrupt                 0x08005e21   Thumb Code    32  port.o(i.vPortSetupTimerInterrupt)
    vPortValidateInterruptPriority           0x08005e45   Thumb Code    74  port.o(i.vPortValidateInterruptPriority)
    vTaskDelay                               0x08005e99   Thumb Code    66  tasks.o(i.vTaskDelay)
    vTaskInternalSetTimeOutState             0x08005ee5   Thumb Code    12  tasks.o(i.vTaskInternalSetTimeOutState)
    vTaskMissedYield                         0x08005ef5   Thumb Code     8  tasks.o(i.vTaskMissedYield)
    vTaskNotifyGiveFromISR                   0x08005f01   Thumb Code   172  tasks.o(i.vTaskNotifyGiveFromISR)
    vTaskPlaceOnEventList                    0x08005fb5   Thumb Code    44  tasks.o(i.vTaskPlaceOnEventList)
    vTaskPriorityDisinheritAfterTimeout      0x08005fe5   Thumb Code   152  tasks.o(i.vTaskPriorityDisinheritAfterTimeout)
    vTaskResume                              0x08006085   Thumb Code   112  tasks.o(i.vTaskResume)
    vTaskStartScheduler                      0x08006101   Thumb Code    90  tasks.o(i.vTaskStartScheduler)
    vTaskSuspend                             0x0800616d   Thumb Code   174  tasks.o(i.vTaskSuspend)
    vTaskSuspendAll                          0x08006229   Thumb Code    10  tasks.o(i.vTaskSuspendAll)
    vTaskSwitchContext                       0x08006239   Thumb Code    82  tasks.o(i.vTaskSwitchContext)
    xPortStartScheduler                      0x08006295   Thumb Code   222  port.o(i.xPortStartScheduler)
    xQueueCreateMutex                        0x08006389   Thumb Code    22  queue.o(i.xQueueCreateMutex)
    xQueueCreateMutexStatic                  0x0800639f   Thumb Code    26  queue.o(i.xQueueCreateMutexStatic)
    xQueueGenericCreate                      0x080063b9   Thumb Code    66  queue.o(i.xQueueGenericCreate)
    xQueueGenericCreateStatic                0x080063fb   Thumb Code   102  queue.o(i.xQueueGenericCreateStatic)
    xQueueGenericReset                       0x08006461   Thumb Code   132  queue.o(i.xQueueGenericReset)
    xQueueGenericSend                        0x080064e9   Thumb Code   346  queue.o(i.xQueueGenericSend)
    xQueueGiveFromISR                        0x08006649   Thumb Code   156  queue.o(i.xQueueGiveFromISR)
    xQueueReceiveFromISR                     0x080066e5   Thumb Code   154  queue.o(i.xQueueReceiveFromISR)
    xQueueSemaphoreTake                      0x08006781   Thumb Code   372  queue.o(i.xQueueSemaphoreTake)
    xTaskCheckForTimeOut                     0x080068f9   Thumb Code   112  tasks.o(i.xTaskCheckForTimeOut)
    xTaskCreate                              0x0800696d   Thumb Code    90  tasks.o(i.xTaskCreate)
    xTaskCreateStatic                        0x080069c7   Thumb Code    86  tasks.o(i.xTaskCreateStatic)
    xTaskGetSchedulerState                   0x08006a1d   Thumb Code    22  tasks.o(i.xTaskGetSchedulerState)
    xTaskIncrementTick                       0x08006a39   Thumb Code   194  tasks.o(i.xTaskIncrementTick)
    xTaskPriorityDisinherit                  0x08006b05   Thumb Code   144  tasks.o(i.xTaskPriorityDisinherit)
    xTaskPriorityInherit                     0x08006b9d   Thumb Code   130  tasks.o(i.xTaskPriorityInherit)
    xTaskRemoveFromEventList                 0x08006c29   Thumb Code   108  tasks.o(i.xTaskRemoveFromEventList)
    xTaskResumeAll                           0x08006c9d   Thumb Code   182  tasks.o(i.xTaskResumeAll)
    _get_lc_numeric                          0x08006d61   Thumb Code    44  lc_numeric_c.o(locale$$code)
    _get_lc_ctype                            0x08006d8d   Thumb Code    44  lc_ctype_c.o(locale$$code)
    __aeabi_d2f                              0x08006db9   Thumb Code     0  d2f.o(x$fpl$d2f)
    _d2f                                     0x08006db9   Thumb Code    98  d2f.o(x$fpl$d2f)
    __fpl_dcheck_NaN1                        0x08006e1d   Thumb Code    10  dcheck1.o(x$fpl$dcheck1)
    __fpl_dcmp_Inf                           0x08006e2d   Thumb Code    24  dcmpi.o(x$fpl$dcmpinf)
    __aeabi_cdcmpeq                          0x08006e45   Thumb Code     0  deqf.o(x$fpl$deqf)
    _dcmpeq                                  0x08006e45   Thumb Code   120  deqf.o(x$fpl$deqf)
    __aeabi_cdcmple                          0x08006ebd   Thumb Code     0  dleqf.o(x$fpl$dleqf)
    _dcmple                                  0x08006ebd   Thumb Code   120  dleqf.o(x$fpl$dleqf)
    __fpl_dcmple_InfNaN                      0x08006f1f   Thumb Code     0  dleqf.o(x$fpl$dleqf)
    __aeabi_dmul                             0x08006f35   Thumb Code     0  dmul.o(x$fpl$dmul)
    _dmul                                    0x08006f35   Thumb Code   332  dmul.o(x$fpl$dmul)
    __fpl_dnaninf                            0x08007089   Thumb Code   156  dnaninf.o(x$fpl$dnaninf)
    __fpl_dretinf                            0x08007125   Thumb Code    12  dretinf.o(x$fpl$dretinf)
    __aeabi_cdrcmple                         0x08007131   Thumb Code     0  drleqf.o(x$fpl$drleqf)
    _drcmple                                 0x08007131   Thumb Code   108  drleqf.o(x$fpl$drleqf)
    __aeabi_f2d                              0x0800719d   Thumb Code     0  f2d.o(x$fpl$f2d)
    _f2d                                     0x0800719d   Thumb Code    86  f2d.o(x$fpl$f2d)
    __fpl_fnaninf                            0x080071f3   Thumb Code   140  fnaninf.o(x$fpl$fnaninf)
    _fp_init                                 0x0800727f   Thumb Code    10  fpinit.o(x$fpl$fpinit)
    __fplib_config_fpu_vfp                   0x08007287   Thumb Code     0  fpinit.o(x$fpl$fpinit)
    __fplib_config_pureend_doubles           0x08007287   Thumb Code     0  fpinit.o(x$fpl$fpinit)
    __fpl_fretinf                            0x08007289   Thumb Code    10  fretinf.o(x$fpl$fretinf)
    __ieee_status                            0x08007293   Thumb Code     6  istatus.o(x$fpl$ieeestatus)
    _printf_fp_dec                           0x08007299   Thumb Code     4  printf1.o(x$fpl$printf1)
    __fpl_return_NaN                         0x0800729d   Thumb Code   100  retnan.o(x$fpl$retnan)
    __ARM_scalbn                             0x08007301   Thumb Code    92  scalbn.o(x$fpl$scalbn)
    _scanf_real                              0x0800735d   Thumb Code     4  scanf1.o(x$fpl$scanf1)
    _scanf_hex_real                          0x08007361   Thumb Code     4  scanf2.o(x$fpl$scanf2)
    _scanf_infnan                            0x08007365   Thumb Code     4  scanf2.o(x$fpl$scanf2)
    __fpl_cmpreturn                          0x08007369   Thumb Code    48  trapv.o(x$fpl$trapveneer)
    Font7x10                                 0x08007398   Data        1900  fonts.o(.constdata)
    __I$use$fp                               0x08007398   Number         0  usenofp.o(x$fpl$usenofp)
    host                                     0x08007b04   Data          21  uart_mqtt.o(.constdata)
    topic                                    0x08007b19   Data          14  uart_mqtt.o(.constdata)
    AHBPrescTable                            0x08007b7c   Data          16  system_stm32f4xx.o(.constdata)
    APBPrescTable                            0x08007b8c   Data           8  system_stm32f4xx.o(.constdata)
    Region$$Table$$Base                      0x08007c54   Number         0  anon$$obj.o(Region$$Table)
    Region$$Table$$Limit                     0x08007c74   Number         0  anon$$obj.o(Region$$Table)
    __aeabi_HUGE_VAL                         0x08007c74   Data           0  fpconst.o(c$$dinf)
    __aeabi_HUGE_VALL                        0x08007c74   Data           0  fpconst.o(c$$dinf)
    __aeabi_INFINITY                         0x08007c74   Data           0  fpconst.o(c$$dinf)
    __dInf                                   0x08007c74   Data           0  fpconst.o(c$$dinf)
    __huge_val                               0x08007c74   Data           0  fpconst.o(c$$dinf)
    __dbl_max                                0x08007c7c   Data           0  fpconst.o(c$$dmax)
    __ctype                                  0x08007cad   Data           0  lc_ctype_c.o(locale$$data)
    Font_7x10                                0x20000000   Data           8  fonts.o(.data)
    ATisOK                                   0x20000010   Data           1  uart_mqtt.o(.data)
    CGREGisOK                                0x20000011   Data           1  uart_mqtt.o(.data)
    previousTick                             0x20000014   Data           4  uart_mqtt.o(.data)
    rxIndex                                  0x20000018   Data           1  main.o(.data)
    gpsDataReady                             0x20000019   Data           1  main.o(.data)
    rxData                                   0x2000001a   Data           1  main.o(.data)
    device_id                                0x2000001c   Data           4  main.o(.data)
    taskGPSHandle                            0x20000020   Data           4  main.o(.data)
    taskMQTTHandle                           0x20000024   Data           4  main.o(.data)
    taskOLEDHandle                           0x20000028   Data           4  main.o(.data)
    myMutexHandle                            0x2000002c   Data           4  main.o(.data)
    uwTickFreq                               0x20000030   Data           1  stm32f4xx_hal.o(.data)
    uwTickPrio                               0x20000034   Data           4  stm32f4xx_hal.o(.data)
    uwTick                                   0x20000038   Data           4  stm32f4xx_hal.o(.data)
    SystemCoreClock                          0x2000003c   Data           4  system_stm32f4xx.o(.data)
    pxCurrentTCB                             0x20000040   Data           4  tasks.o(.data)
    ATcommand                                0x200004a8   Data         100  uart_mqtt.o(.bss)
    buffer                                   0x2000050c   Data         160  uart_mqtt.o(.bss)
    charData                                 0x200005ac   Data         100  uart_mqtt.o(.bss)
    rxBuffer                                 0x20000610   Data         128  main.o(.bss)
    latestNMEABuffer                         0x20000690   Data         128  main.o(.bss)
    hi2c1                                    0x20000710   Data          84  main.o(.bss)
    huart1                                   0x20000764   Data          72  main.o(.bss)
    huart2                                   0x200007ac   Data          72  main.o(.bss)
    GPS                                      0x200007f4   Data          24  main.o(.bss)
    htim1                                    0x20000a60   Data          72  stm32f4xx_hal_timebase_tim.o(.bss)
    __libspace_start                         0x20004798   Data          96  libspace.o(.bss)
    __temporary_stack_top$libspace           0x200047f8   Data           0  libspace.o(.bss)



==============================================================================

Memory Map of the image

  Image Entry point : 0x08000195

  Load Region LR_IROM1 (Base: 0x08000000, Size: 0x00007e58, Max: 0x00040000, ABSOLUTE)

    Execution Region ER_IROM1 (Exec base: 0x08000000, Load base: 0x08000000, Size: 0x00007db0, Max: 0x00040000, ABSOLUTE)

    Exec Addr    Load Addr    Size         Type   Attr      Idx    E Section Name        Object

    0x08000000   0x08000000   0x00000194   Data   RO            3    RESET               startup_stm32f401xc.o
    0x08000194   0x08000194   0x00000008   Code   RO         5183  * !!!main             c_w.l(__main.o)
    0x0800019c   0x0800019c   0x00000034   Code   RO         5538    !!!scatter          c_w.l(__scatter.o)
    0x080001d0   0x080001d0   0x0000001a   Code   RO         5540    !!handler_copy      c_w.l(__scatter_copy.o)
    0x080001ea   0x080001ea   0x00000002   PAD
    0x080001ec   0x080001ec   0x0000001c   Code   RO         5542    !!handler_zi        c_w.l(__scatter_zi.o)
    0x08000208   0x08000208   0x00000000   Code   RO         5154    .ARM.Collect$$_printf_percent$$00000000  c_w.l(_printf_percent.o)
    0x08000208   0x08000208   0x00000006   Code   RO         5153    .ARM.Collect$$_printf_percent$$00000003  c_w.l(_printf_f.o)
    0x0800020e   0x0800020e   0x00000006   Code   RO         5152    .ARM.Collect$$_printf_percent$$00000009  c_w.l(_printf_d.o)
    0x08000214   0x08000214   0x00000006   Code   RO         5151    .ARM.Collect$$_printf_percent$$00000014  c_w.l(_printf_s.o)
    0x0800021a   0x0800021a   0x00000004   Code   RO         5206    .ARM.Collect$$_printf_percent$$00000017  c_w.l(_printf_percent_end.o)
    0x0800021e   0x0800021e   0x00000002   Code   RO         5335    .ARM.Collect$$libinit$$00000000  c_w.l(libinit.o)
    0x08000220   0x08000220   0x00000004   Code   RO         5336    .ARM.Collect$$libinit$$00000001  c_w.l(libinit2.o)
    0x08000224   0x08000224   0x00000000   Code   RO         5339    .ARM.Collect$$libinit$$00000004  c_w.l(libinit2.o)
    0x08000224   0x08000224   0x00000000   Code   RO         5342    .ARM.Collect$$libinit$$0000000A  c_w.l(libinit2.o)
    0x08000224   0x08000224   0x00000000   Code   RO         5344    .ARM.Collect$$libinit$$0000000C  c_w.l(libinit2.o)
    0x08000224   0x08000224   0x00000000   Code   RO         5346    .ARM.Collect$$libinit$$0000000E  c_w.l(libinit2.o)
    0x08000224   0x08000224   0x00000006   Code   RO         5347    .ARM.Collect$$libinit$$0000000F  c_w.l(libinit2.o)
    0x0800022a   0x0800022a   0x00000000   Code   RO         5349    .ARM.Collect$$libinit$$00000011  c_w.l(libinit2.o)
    0x0800022a   0x0800022a   0x0000000c   Code   RO         5350    .ARM.Collect$$libinit$$00000012  c_w.l(libinit2.o)
    0x08000236   0x08000236   0x00000000   Code   RO         5351    .ARM.Collect$$libinit$$00000013  c_w.l(libinit2.o)
    0x08000236   0x08000236   0x00000000   Code   RO         5353    .ARM.Collect$$libinit$$00000015  c_w.l(libinit2.o)
    0x08000236   0x08000236   0x0000000a   Code   RO         5354    .ARM.Collect$$libinit$$00000016  c_w.l(libinit2.o)
    0x08000240   0x08000240   0x00000000   Code   RO         5355    .ARM.Collect$$libinit$$00000017  c_w.l(libinit2.o)
    0x08000240   0x08000240   0x00000000   Code   RO         5357    .ARM.Collect$$libinit$$00000019  c_w.l(libinit2.o)
    0x08000240   0x08000240   0x00000000   Code   RO         5359    .ARM.Collect$$libinit$$0000001B  c_w.l(libinit2.o)
    0x08000240   0x08000240   0x00000000   Code   RO         5361    .ARM.Collect$$libinit$$0000001D  c_w.l(libinit2.o)
    0x08000240   0x08000240   0x00000000   Code   RO         5363    .ARM.Collect$$libinit$$0000001F  c_w.l(libinit2.o)
    0x08000240   0x08000240   0x00000000   Code   RO         5365    .ARM.Collect$$libinit$$00000021  c_w.l(libinit2.o)
    0x08000240   0x08000240   0x00000000   Code   RO         5367    .ARM.Collect$$libinit$$00000023  c_w.l(libinit2.o)
    0x08000240   0x08000240   0x00000000   Code   RO         5369    .ARM.Collect$$libinit$$00000025  c_w.l(libinit2.o)
    0x08000240   0x08000240   0x00000000   Code   RO         5373    .ARM.Collect$$libinit$$0000002C  c_w.l(libinit2.o)
    0x08000240   0x08000240   0x00000000   Code   RO         5375    .ARM.Collect$$libinit$$0000002E  c_w.l(libinit2.o)
    0x08000240   0x08000240   0x00000000   Code   RO         5377    .ARM.Collect$$libinit$$00000030  c_w.l(libinit2.o)
    0x08000240   0x08000240   0x00000000   Code   RO         5379    .ARM.Collect$$libinit$$00000032  c_w.l(libinit2.o)
    0x08000240   0x08000240   0x00000002   Code   RO         5380    .ARM.Collect$$libinit$$00000033  c_w.l(libinit2.o)
    0x08000242   0x08000242   0x00000002   Code   RO         5487    .ARM.Collect$$libshutdown$$00000000  c_w.l(libshutdown.o)
    0x08000244   0x08000244   0x00000000   Code   RO         5517    .ARM.Collect$$libshutdown$$00000002  c_w.l(libshutdown2.o)
    0x08000244   0x08000244   0x00000000   Code   RO         5519    .ARM.Collect$$libshutdown$$00000004  c_w.l(libshutdown2.o)
    0x08000244   0x08000244   0x00000000   Code   RO         5522    .ARM.Collect$$libshutdown$$00000007  c_w.l(libshutdown2.o)
    0x08000244   0x08000244   0x00000000   Code   RO         5525    .ARM.Collect$$libshutdown$$0000000A  c_w.l(libshutdown2.o)
    0x08000244   0x08000244   0x00000000   Code   RO         5527    .ARM.Collect$$libshutdown$$0000000C  c_w.l(libshutdown2.o)
    0x08000244   0x08000244   0x00000000   Code   RO         5530    .ARM.Collect$$libshutdown$$0000000F  c_w.l(libshutdown2.o)
    0x08000244   0x08000244   0x00000002   Code   RO         5531    .ARM.Collect$$libshutdown$$00000010  c_w.l(libshutdown2.o)
    0x08000246   0x08000246   0x00000000   Code   RO         5191    .ARM.Collect$$rtentry$$00000000  c_w.l(__rtentry.o)
    0x08000246   0x08000246   0x00000000   Code   RO         5223    .ARM.Collect$$rtentry$$00000002  c_w.l(__rtentry2.o)
    0x08000246   0x08000246   0x00000006   Code   RO         5235    .ARM.Collect$$rtentry$$00000004  c_w.l(__rtentry4.o)
    0x0800024c   0x0800024c   0x00000000   Code   RO         5225    .ARM.Collect$$rtentry$$00000009  c_w.l(__rtentry2.o)
    0x0800024c   0x0800024c   0x00000004   Code   RO         5226    .ARM.Collect$$rtentry$$0000000A  c_w.l(__rtentry2.o)
    0x08000250   0x08000250   0x00000000   Code   RO         5228    .ARM.Collect$$rtentry$$0000000C  c_w.l(__rtentry2.o)
    0x08000250   0x08000250   0x00000008   Code   RO         5229    .ARM.Collect$$rtentry$$0000000D  c_w.l(__rtentry2.o)
    0x08000258   0x08000258   0x00000002   Code   RO         5393    .ARM.Collect$$rtexit$$00000000  c_w.l(rtexit.o)
    0x0800025a   0x0800025a   0x00000000   Code   RO         5439    .ARM.Collect$$rtexit$$00000002  c_w.l(rtexit2.o)
    0x0800025a   0x0800025a   0x00000004   Code   RO         5440    .ARM.Collect$$rtexit$$00000003  c_w.l(rtexit2.o)
    0x0800025e   0x0800025e   0x00000006   Code   RO         5441    .ARM.Collect$$rtexit$$00000004  c_w.l(rtexit2.o)
    0x08000264   0x08000264   0x000000be   Code   RO         5040    .emb_text           port.o
    0x08000322   0x08000322   0x00000002   PAD
    0x08000324   0x08000324   0x00000040   Code   RO            4    .text               startup_stm32f401xc.o
    0x08000364   0x08000364   0x000000ee   Code   RO         5119    .text               c_w.l(lludivv7m.o)
    0x08000452   0x08000452   0x00000002   PAD
    0x08000454   0x08000454   0x00000028   Code   RO         5123    .text               c_w.l(noretval__2sprintf.o)
    0x0800047c   0x0800047c   0x00000052   Code   RO         5127    .text               c_w.l(_printf_str.o)
    0x080004ce   0x080004ce   0x00000002   PAD
    0x080004d0   0x080004d0   0x00000078   Code   RO         5129    .text               c_w.l(_printf_dec.o)
    0x08000548   0x08000548   0x0000010e   Code   RO         5139    .text               c_w.l(__printf_wp.o)
    0x08000656   0x08000656   0x00000002   PAD
    0x08000658   0x08000658   0x0000003c   Code   RO         5155    .text               c_w.l(__0sscanf.o)
    0x08000694   0x08000694   0x0000014c   Code   RO         5157    .text               c_w.l(_scanf_int.o)
    0x080007e0   0x080007e0   0x000000e0   Code   RO         5159    .text               c_w.l(_scanf_str.o)
    0x080008c0   0x080008c0   0x00000014   Code   RO         5161    .text               c_w.l(strchr.o)
    0x080008d4   0x080008d4   0x00000048   Code   RO         5163    .text               c_w.l(strcpy.o)
    0x0800091c   0x0800091c   0x0000003e   Code   RO         5165    .text               c_w.l(strlen.o)
    0x0800095a   0x0800095a   0x00000096   Code   RO         5167    .text               c_w.l(strncmp.o)
    0x080009f0   0x080009f0   0x0000008a   Code   RO         5169    .text               c_w.l(rt_memcpy_v6.o)
    0x08000a7a   0x08000a7a   0x00000064   Code   RO         5171    .text               c_w.l(rt_memcpy_w.o)
    0x08000ade   0x08000ade   0x00000010   Code   RO         5175    .text               c_w.l(aeabi_memset.o)
    0x08000aee   0x08000aee   0x0000004e   Code   RO         5177    .text               c_w.l(rt_memclr_w.o)
    0x08000b3c   0x08000b3c   0x00000056   Code   RO         5179    .text               c_w.l(strncpy.o)
    0x08000b92   0x08000b92   0x00000006   Code   RO         5181    .text               c_w.l(heapauxi.o)
    0x08000b98   0x08000b98   0x000000b2   Code   RO         5196    .text               c_w.l(_printf_intcommon.o)
    0x08000c4a   0x08000c4a   0x0000041e   Code   RO         5198    .text               c_w.l(_printf_fp_dec.o)
    0x08001068   0x08001068   0x00000030   Code   RO         5200    .text               c_w.l(_printf_char_common.o)
    0x08001098   0x08001098   0x0000000a   Code   RO         5202    .text               c_w.l(_sputc.o)
    0x080010a2   0x080010a2   0x0000002c   Code   RO         5204    .text               c_w.l(_printf_char.o)
    0x080010ce   0x080010ce   0x0000001c   Code   RO         5207    .text               c_w.l(_chval.o)
    0x080010ea   0x080010ea   0x00000002   PAD
    0x080010ec   0x080010ec   0x000004f8   Code   RO         5209    .text               c_w.l(scanf_fp.o)
    0x080015e4   0x080015e4   0x0000002c   Code   RO         5211    .text               c_w.l(scanf_char.o)
    0x08001610   0x08001610   0x00000040   Code   RO         5213    .text               c_w.l(_sgetc.o)
    0x08001650   0x08001650   0x00000044   Code   RO         5215    .text               c_w.l(rt_memclr.o)
    0x08001694   0x08001694   0x00000008   Code   RO         5242    .text               c_w.l(rt_locale_intlibspace.o)
    0x0800169c   0x0800169c   0x00000008   Code   RO         5247    .text               c_w.l(rt_errno_addr_intlibspace.o)
    0x080016a4   0x080016a4   0x0000008a   Code   RO         5249    .text               c_w.l(lludiv10.o)
    0x0800172e   0x0800172e   0x00000012   Code   RO         5251    .text               c_w.l(isspace.o)
    0x08001740   0x08001740   0x00000080   Code   RO         5253    .text               c_w.l(_printf_fp_infnan.o)
    0x080017c0   0x080017c0   0x00000374   Code   RO         5257    .text               c_w.l(_scanf.o)
    0x08001b34   0x08001b34   0x000000e4   Code   RO         5259    .text               c_w.l(bigflt0.o)
    0x08001c18   0x08001c18   0x00000008   Code   RO         5309    .text               c_w.l(libspace.o)
    0x08001c20   0x08001c20   0x0000004a   Code   RO         5312    .text               c_w.l(sys_stackheap_outer.o)
    0x08001c6a   0x08001c6a   0x00000002   PAD
    0x08001c6c   0x08001c6c   0x00000010   Code   RO         5314    .text               c_w.l(rt_ctype_table.o)
    0x08001c7c   0x08001c7c   0x00000016   Code   RO         5316    .text               c_w.l(_rserrno.o)
    0x08001c92   0x08001c92   0x00000002   PAD
    0x08001c94   0x08001c94   0x00000320   Code   RO         5318    .text               c_w.l(scanf_hexfp.o)
    0x08001fb4   0x08001fb4   0x00000134   Code   RO         5320    .text               c_w.l(scanf_infnan.o)
    0x080020e8   0x080020e8   0x00000012   Code   RO         5322    .text               c_w.l(exit.o)
    0x080020fa   0x080020fa   0x00000002   PAD
    0x080020fc   0x080020fc   0x00000080   Code   RO         5328    .text               c_w.l(strcmpv7m.o)
    0x0800217c   0x0800217c   0x00000026   Code   RO         5397    .text               c_w.l(llshl.o)
    0x080021a2   0x080021a2   0x00000002   PAD
    0x080021a4   0x080021a4   0x0000000c   Code   RO         5436    .text               c_w.l(sys_exit.o)
    0x080021b0   0x080021b0   0x00000002   Code   RO         5474    .text               c_w.l(use_no_semi.o)
    0x080021b2   0x080021b2   0x00000000   Code   RO         5476    .text               c_w.l(indicate_semi.o)
    0x080021b2   0x080021b2   0x0000003e   Code   RO         5262    CL$$btod_d2e        c_w.l(btod.o)
    0x080021f0   0x080021f0   0x00000046   Code   RO         5264    CL$$btod_d2e_denorm_low  c_w.l(btod.o)
    0x08002236   0x08002236   0x00000060   Code   RO         5263    CL$$btod_d2e_norm_op1  c_w.l(btod.o)
    0x08002296   0x08002296   0x00000338   Code   RO         5272    CL$$btod_div_common  c_w.l(btod.o)
    0x080025ce   0x080025ce   0x00000002   PAD
    0x080025d0   0x080025d0   0x00000084   Code   RO         5270    CL$$btod_e2d        c_w.l(btod.o)
    0x08002654   0x08002654   0x000000dc   Code   RO         5269    CL$$btod_e2e        c_w.l(btod.o)
    0x08002730   0x08002730   0x0000002a   Code   RO         5266    CL$$btod_ediv       c_w.l(btod.o)
    0x0800275a   0x0800275a   0x0000002a   Code   RO         5268    CL$$btod_edivd      c_w.l(btod.o)
    0x08002784   0x08002784   0x0000002a   Code   RO         5265    CL$$btod_emul       c_w.l(btod.o)
    0x080027ae   0x080027ae   0x0000002a   Code   RO         5267    CL$$btod_emuld      c_w.l(btod.o)
    0x080027d8   0x080027d8   0x00000244   Code   RO         5271    CL$$btod_mult_common  c_w.l(btod.o)
    0x08002a1c   0x08002a1c   0x00000002   Code   RO          609    i.BusFault_Handler  stm32f4xx_it.o
    0x08002a1e   0x08002a1e   0x00000002   Code   RO          610    i.DebugMon_Handler  stm32f4xx_it.o
    0x08002a20   0x08002a20   0x00000092   Code   RO         1252    i.HAL_DMA_Abort     stm32f4xx_hal_dma.o
    0x08002ab2   0x08002ab2   0x00000024   Code   RO         1253    i.HAL_DMA_Abort_IT  stm32f4xx_hal_dma.o
    0x08002ad6   0x08002ad6   0x00000002   PAD
    0x08002ad8   0x08002ad8   0x000001e0   Code   RO         1145    i.HAL_GPIO_Init     stm32f4xx_hal_gpio.o
    0x08002cb8   0x08002cb8   0x00000010   Code   RO         1148    i.HAL_GPIO_TogglePin  stm32f4xx_hal_gpio.o
    0x08002cc8   0x08002cc8   0x0000000a   Code   RO         1149    i.HAL_GPIO_WritePin  stm32f4xx_hal_gpio.o
    0x08002cd2   0x08002cd2   0x00000002   PAD
    0x08002cd4   0x08002cd4   0x0000000c   Code   RO         1719    i.HAL_GetTick       stm32f4xx_hal.o
    0x08002ce0   0x08002ce0   0x00000188   Code   RO         1975    i.HAL_I2C_Init      stm32f4xx_hal_i2c.o
    0x08002e68   0x08002e68   0x0000016c   Code   RO         1976    i.HAL_I2C_IsDeviceReady  stm32f4xx_hal_i2c.o
    0x08002fd4   0x08002fd4   0x0000012c   Code   RO         1988    i.HAL_I2C_Master_Transmit  stm32f4xx_hal_i2c.o
    0x08003100   0x08003100   0x00000068   Code   RO          680    i.HAL_I2C_MspInit   stm32f4xx_hal_msp.o
    0x08003168   0x08003168   0x00000010   Code   RO         1725    i.HAL_IncTick       stm32f4xx_hal.o
    0x08003178   0x08003178   0x00000034   Code   RO         1726    i.HAL_Init          stm32f4xx_hal.o
    0x080031ac   0x080031ac   0x0000008c   Code   RO          727    i.HAL_InitTick      stm32f4xx_hal_timebase_tim.o
    0x08003238   0x08003238   0x00000038   Code   RO          681    i.HAL_MspInit       stm32f4xx_hal_msp.o
    0x08003270   0x08003270   0x0000001a   Code   RO         1561    i.HAL_NVIC_EnableIRQ  stm32f4xx_hal_cortex.o
    0x0800328a   0x0800328a   0x00000002   PAD
    0x0800328c   0x0800328c   0x00000040   Code   RO         1567    i.HAL_NVIC_SetPriority  stm32f4xx_hal_cortex.o
    0x080032cc   0x080032cc   0x00000024   Code   RO         1568    i.HAL_NVIC_SetPriorityGrouping  stm32f4xx_hal_cortex.o
    0x080032f0   0x080032f0   0x00000134   Code   RO          767    i.HAL_RCC_ClockConfig  stm32f4xx_hal_rcc.o
    0x08003424   0x08003424   0x00000040   Code   RO          771    i.HAL_RCC_GetClockConfig  stm32f4xx_hal_rcc.o
    0x08003464   0x08003464   0x00000020   Code   RO          774    i.HAL_RCC_GetPCLK1Freq  stm32f4xx_hal_rcc.o
    0x08003484   0x08003484   0x00000020   Code   RO          775    i.HAL_RCC_GetPCLK2Freq  stm32f4xx_hal_rcc.o
    0x080034a4   0x080034a4   0x00000064   Code   RO          776    i.HAL_RCC_GetSysClockFreq  stm32f4xx_hal_rcc.o
    0x08003508   0x08003508   0x0000036c   Code   RO          779    i.HAL_RCC_OscConfig  stm32f4xx_hal_rcc.o
    0x08003874   0x08003874   0x00000002   Code   RO         3137    i.HAL_TIMEx_BreakCallback  stm32f4xx_hal_tim_ex.o
    0x08003876   0x08003876   0x00000002   Code   RO         3138    i.HAL_TIMEx_CommutCallback  stm32f4xx_hal_tim_ex.o
    0x08003878   0x08003878   0x0000005a   Code   RO         2433    i.HAL_TIM_Base_Init  stm32f4xx_hal_tim.o
    0x080038d2   0x080038d2   0x00000002   Code   RO         2435    i.HAL_TIM_Base_MspInit  stm32f4xx_hal_tim.o
    0x080038d4   0x080038d4   0x0000006c   Code   RO         2438    i.HAL_TIM_Base_Start_IT  stm32f4xx_hal_tim.o
    0x08003940   0x08003940   0x00000002   Code   RO         2467    i.HAL_TIM_IC_CaptureCallback  stm32f4xx_hal_tim.o
    0x08003942   0x08003942   0x00000130   Code   RO         2481    i.HAL_TIM_IRQHandler  stm32f4xx_hal_tim.o
    0x08003a72   0x08003a72   0x00000002   Code   RO         2484    i.HAL_TIM_OC_DelayElapsedCallback  stm32f4xx_hal_tim.o
    0x08003a74   0x08003a74   0x00000002   Code   RO         2511    i.HAL_TIM_PWM_PulseFinishedCallback  stm32f4xx_hal_tim.o
    0x08003a76   0x08003a76   0x00000002   PAD
    0x08003a78   0x08003a78   0x00000014   Code   RO          434    i.HAL_TIM_PeriodElapsedCallback  main.o
    0x08003a8c   0x08003a8c   0x00000002   Code   RO         2524    i.HAL_TIM_TriggerCallback  stm32f4xx_hal_tim.o
    0x08003a8e   0x08003a8e   0x00000002   Code   RO         3416    i.HAL_UARTEx_RxEventCallback  stm32f4xx_hal_uart.o
    0x08003a90   0x08003a90   0x00000002   Code   RO         3430    i.HAL_UART_ErrorCallback  stm32f4xx_hal_uart.o
    0x08003a92   0x08003a92   0x00000002   PAD
    0x08003a94   0x08003a94   0x00000270   Code   RO         3433    i.HAL_UART_IRQHandler  stm32f4xx_hal_uart.o
    0x08003d04   0x08003d04   0x00000064   Code   RO         3434    i.HAL_UART_Init     stm32f4xx_hal_uart.o
    0x08003d68   0x08003d68   0x000000bc   Code   RO          683    i.HAL_UART_MspInit  stm32f4xx_hal_msp.o
    0x08003e24   0x08003e24   0x000000b0   Code   RO         3437    i.HAL_UART_Receive  stm32f4xx_hal_uart.o
    0x08003ed4   0x08003ed4   0x0000001c   Code   RO         3439    i.HAL_UART_Receive_IT  stm32f4xx_hal_uart.o
    0x08003ef0   0x08003ef0   0x000000a8   Code   RO          435    i.HAL_UART_RxCpltCallback  main.o
    0x08003f98   0x08003f98   0x000000a0   Code   RO         3442    i.HAL_UART_Transmit  stm32f4xx_hal_uart.o
    0x08004038   0x08004038   0x00000002   Code   RO         3445    i.HAL_UART_TxCpltCallback  stm32f4xx_hal_uart.o
    0x0800403a   0x0800403a   0x00000002   Code   RO          611    i.HardFault_Handler  stm32f4xx_it.o
    0x0800403c   0x0800403c   0x0000002e   Code   RO         2018    i.I2C_IsAcknowledgeFailed  stm32f4xx_hal_i2c.o
    0x0800406a   0x0800406a   0x00000002   PAD
    0x0800406c   0x0800406c   0x0000009c   Code   RO         2022    i.I2C_MasterRequestWrite  stm32f4xx_hal_i2c.o
    0x08004108   0x08004108   0x00000056   Code   RO         2033    i.I2C_WaitOnBTFFlagUntilTimeout  stm32f4xx_hal_i2c.o
    0x0800415e   0x0800415e   0x00000002   PAD
    0x08004160   0x08004160   0x00000090   Code   RO         2034    i.I2C_WaitOnFlagUntilTimeout  stm32f4xx_hal_i2c.o
    0x080041f0   0x080041f0   0x000000bc   Code   RO         2035    i.I2C_WaitOnMasterAddressFlagUntilTimeout  stm32f4xx_hal_i2c.o
    0x080042ac   0x080042ac   0x00000056   Code   RO         2037    i.I2C_WaitOnTXEFlagUntilTimeout  stm32f4xx_hal_i2c.o
    0x08004302   0x08004302   0x00000002   PAD
    0x08004304   0x08004304   0x00000080   Code   RO          436    i.MX_GPIO_Init      main.o
    0x08004384   0x08004384   0x00000002   Code   RO          612    i.MemManage_Handler  stm32f4xx_it.o
    0x08004386   0x08004386   0x00000002   Code   RO          613    i.NMI_Handler       stm32f4xx_it.o
    0x08004388   0x08004388   0x00000030   Code   RO          389    i.SIMTransmit       uart_mqtt.o
    0x080043b8   0x080043b8   0x00000010   Code   RO          192    i.SSD1306_Clear     ssd1306.o
    0x080043c8   0x080043c8   0x00000040   Code   RO          199    i.SSD1306_DrawPixel  ssd1306.o
    0x08004408   0x08004408   0x00000018   Code   RO          202    i.SSD1306_Fill      ssd1306.o
    0x08004420   0x08004420   0x0000000c   Code   RO          203    i.SSD1306_GotoXY    ssd1306.o
    0x0800442c   0x0800442c   0x00000168   Code   RO          204    i.SSD1306_Init      ssd1306.o
    0x08004594   0x08004594   0x000000a0   Code   RO          208    i.SSD1306_Putc      ssd1306.o
    0x08004634   0x08004634   0x00000028   Code   RO          209    i.SSD1306_Puts      ssd1306.o
    0x0800465c   0x0800465c   0x00000048   Code   RO          216    i.SSD1306_UpdateScreen  ssd1306.o
    0x080046a4   0x080046a4   0x000000c0   Code   RO          437    i.StartGPSTask      main.o
    0x08004764   0x08004764   0x00000068   Code   RO          438    i.StartMQTTTask     main.o
    0x080047cc   0x080047cc   0x0000003c   Code   RO          439    i.StartOLEDTask     main.o
    0x08004808   0x08004808   0x0000002c   Code   RO         5041    i.SysTick_Handler   port.o
    0x08004834   0x08004834   0x00000080   Code   RO          440    i.SystemClock_Config  main.o
    0x080048b4   0x080048b4   0x00000010   Code   RO         3768    i.SystemInit        system_stm32f4xx.o
    0x080048c4   0x080048c4   0x0000000c   Code   RO          614    i.TIM1_UP_TIM10_IRQHandler  stm32f4xx_it.o
    0x080048d0   0x080048d0   0x000000a4   Code   RO         2526    i.TIM_Base_SetConfig  stm32f4xx_hal_tim.o
    0x08004974   0x08004974   0x00000010   Code   RO         3447    i.UART_DMAAbortOnError  stm32f4xx_hal_uart.o
    0x08004984   0x08004984   0x0000004e   Code   RO         3457    i.UART_EndRxTransfer  stm32f4xx_hal_uart.o
    0x080049d2   0x080049d2   0x000000c2   Code   RO         3459    i.UART_Receive_IT   stm32f4xx_hal_uart.o
    0x08004a94   0x08004a94   0x0000010c   Code   RO         3460    i.UART_SetConfig    stm32f4xx_hal_uart.o
    0x08004ba0   0x08004ba0   0x00000036   Code   RO         3462    i.UART_Start_Receive_IT  stm32f4xx_hal_uart.o
    0x08004bd6   0x08004bd6   0x00000072   Code   RO         3463    i.UART_WaitOnFlagUntilTimeout  stm32f4xx_hal_uart.o
    0x08004c48   0x08004c48   0x0000000c   Code   RO          615    i.USART2_IRQHandler  stm32f4xx_it.o
    0x08004c54   0x08004c54   0x00000002   Code   RO          616    i.UsageFault_Handler  stm32f4xx_it.o
    0x08004c56   0x08004c56   0x00000030   Code   RO         5299    i.__ARM_fpclassify  m_wm.l(fpclassify.o)
    0x08004c86   0x08004c86   0x00000020   Code   RO         1574    i.__NVIC_SetPriority  stm32f4xx_hal_cortex.o
    0x08004ca6   0x08004ca6   0x00000002   PAD
    0x08004ca8   0x08004ca8   0x000000f8   Code   RO         5301    i.__hardfp___mathlib_tofloat  m_wm.l(narrow.o)
    0x08004da0   0x08004da0   0x000000d0   Code   RO         5420    i.__hardfp_ldexp    m_wm.l(ldexp.o)
    0x08004e70   0x08004e70   0x00000020   Code   RO         5459    i.__mathlib_dbl_overflow  m_wm.l(dunder.o)
    0x08004e90   0x08004e90   0x00000020   Code   RO         5461    i.__mathlib_dbl_underflow  m_wm.l(dunder.o)
    0x08004eb0   0x08004eb0   0x00000012   Code   RO         5302    i.__mathlib_narrow  m_wm.l(narrow.o)
    0x08004ec2   0x08004ec2   0x00000014   Code   RO         5422    i.__support_ldexp   m_wm.l(ldexp.o)
    0x08004ed6   0x08004ed6   0x0000000e   Code   RO         5141    i._is_digit         c_w.l(__printf_wp.o)
    0x08004ee4   0x08004ee4   0x0000003e   Code   RO          441    i.cleanBuffer       main.o
    0x08004f22   0x08004f22   0x00000006   PAD
    0x08004f28   0x08004f28   0x0000008c   Code   RO         5389    i.frexp             m_wm.l(frexp.o)
    0x08004fb4   0x08004fb4   0x000000c4   Code   RO          151    i.gpsParse          nmea_parser.o
    0x08005078   0x08005078   0x00000040   Code   RO          152    i.gps_Validate      nmea_parser.o
    0x080050b8   0x080050b8   0x0000000c   Code   RO         4592    i.inHandlerMode     cmsis_os.o
    0x080050c4   0x080050c4   0x00000100   Code   RO          442    i.main              main.o
    0x080051c4   0x080051c4   0x0000000c   Code   RO         4594    i.makeFreeRtosPriority  cmsis_os.o
    0x080051d0   0x080051d0   0x000001e4   Code   RO          390    i.mqttPublish       uart_mqtt.o
    0x080053b4   0x080053b4   0x0000004c   Code   RO          153    i.nmeaToDecimal     nmea_parser.o
    0x08005400   0x08005400   0x0000000e   Code   RO         4596    i.osDelay           cmsis_os.o
    0x0800540e   0x0800540e   0x0000000a   Code   RO         4599    i.osKernelStart     cmsis_os.o
    0x08005418   0x08005418   0x00000010   Code   RO         4614    i.osMutexCreate     cmsis_os.o
    0x08005428   0x08005428   0x00000050   Code   RO         4616    i.osMutexRelease    cmsis_os.o
    0x08005478   0x08005478   0x00000064   Code   RO         4617    i.osMutexWait       cmsis_os.o
    0x080054dc   0x080054dc   0x00000054   Code   RO         4633    i.osThreadCreate    cmsis_os.o
    0x08005530   0x08005530   0x00000070   Code   RO         4265    i.prvAddCurrentTaskToDelayedList  tasks.o
    0x080055a0   0x080055a0   0x000000d0   Code   RO         4266    i.prvAddNewTaskToReadyList  tasks.o
    0x08005670   0x08005670   0x00000026   Code   RO         3946    i.prvCopyDataFromQueue  queue.o
    0x08005696   0x08005696   0x0000006c   Code   RO         3947    i.prvCopyDataToQueue  queue.o
    0x08005702   0x08005702   0x00000034   Code   RO         4267    i.prvDeleteTCB      tasks.o
    0x08005736   0x08005736   0x00000002   PAD
    0x08005738   0x08005738   0x0000004c   Code   RO         4973    i.prvHeapInit       heap_4.o
    0x08005784   0x08005784   0x00000060   Code   RO         4268    i.prvIdleTask       tasks.o
    0x080057e4   0x080057e4   0x00000016   Code   RO         3948    i.prvInitialiseMutex  queue.o
    0x080057fa   0x080057fa   0x00000016   Code   RO         3949    i.prvInitialiseNewQueue  queue.o
    0x08005810   0x08005810   0x000000b0   Code   RO         4269    i.prvInitialiseNewTask  tasks.o
    0x080058c0   0x080058c0   0x0000004c   Code   RO         4974    i.prvInsertBlockIntoFreeList  heap_4.o
    0x0800590c   0x0800590c   0x0000001c   Code   RO         3950    i.prvIsQueueEmpty   queue.o
    0x08005928   0x08005928   0x00000020   Code   RO         4270    i.prvResetNextTaskUnblockTime  tasks.o
    0x08005948   0x08005948   0x00000028   Code   RO         5042    i.prvTaskExitError  port.o
    0x08005970   0x08005970   0x00000034   Code   RO         4271    i.prvTaskIsTaskSuspended  tasks.o
    0x080059a4   0x080059a4   0x0000006a   Code   RO         3951    i.prvUnlockQueue    queue.o
    0x08005a0e   0x08005a0e   0x00000002   PAD
    0x08005a10   0x08005a10   0x000000dc   Code   RO         4975    i.pvPortMalloc      heap_4.o
    0x08005aec   0x08005aec   0x00000018   Code   RO         4272    i.pvTaskIncrementMutexHeldCount  tasks.o
    0x08005b04   0x08005b04   0x0000002c   Code   RO         5043    i.pxPortInitialiseStack  port.o
    0x08005b30   0x08005b30   0x0000000c   Code   RO          217    i.ssd1306_I2C_Init  ssd1306.o
    0x08005b3c   0x08005b3c   0x00000020   Code   RO          218    i.ssd1306_I2C_Write  ssd1306.o
    0x08005b5c   0x08005b5c   0x00000038   Code   RO          219    i.ssd1306_I2C_WriteMulti  ssd1306.o
    0x08005b94   0x08005b94   0x00000068   Code   RO         4273    i.ulTaskNotifyTake  tasks.o
    0x08005bfc   0x08005bfc   0x000000b8   Code   RO          443    i.updateOLED        main.o
    0x08005cb4   0x08005cb4   0x00000026   Code   RO         3906    i.uxListRemove      list.o
    0x08005cda   0x08005cda   0x00000002   PAD
    0x08005cdc   0x08005cdc   0x00000014   Code   RO          575    i.vApplicationGetIdleTaskMemory  freertos.o
    0x08005cf0   0x08005cf0   0x00000016   Code   RO         3907    i.vListInitialise   list.o
    0x08005d06   0x08005d06   0x00000006   Code   RO         3908    i.vListInitialiseItem  list.o
    0x08005d0c   0x08005d0c   0x00000030   Code   RO         3909    i.vListInsert       list.o
    0x08005d3c   0x08005d3c   0x00000018   Code   RO         3910    i.vListInsertEnd    list.o
    0x08005d54   0x08005d54   0x00000040   Code   RO         5045    i.vPortEnterCritical  port.o
    0x08005d94   0x08005d94   0x00000028   Code   RO         5046    i.vPortExitCritical  port.o
    0x08005dbc   0x08005dbc   0x00000064   Code   RO         4976    i.vPortFree         heap_4.o
    0x08005e20   0x08005e20   0x00000024   Code   RO         5047    i.vPortSetupTimerInterrupt  port.o
    0x08005e44   0x08005e44   0x00000054   Code   RO         5048    i.vPortValidateInterruptPriority  port.o
    0x08005e98   0x08005e98   0x0000004c   Code   RO         4280    i.vTaskDelay        tasks.o
    0x08005ee4   0x08005ee4   0x00000010   Code   RO         4283    i.vTaskInternalSetTimeOutState  tasks.o
    0x08005ef4   0x08005ef4   0x0000000c   Code   RO         4284    i.vTaskMissedYield  tasks.o
    0x08005f00   0x08005f00   0x000000b4   Code   RO         4285    i.vTaskNotifyGiveFromISR  tasks.o
    0x08005fb4   0x08005fb4   0x00000030   Code   RO         4286    i.vTaskPlaceOnEventList  tasks.o
    0x08005fe4   0x08005fe4   0x000000a0   Code   RO         4288    i.vTaskPriorityDisinheritAfterTimeout  tasks.o
    0x08006084   0x08006084   0x0000007c   Code   RO         4291    i.vTaskResume       tasks.o
    0x08006100   0x08006100   0x0000006c   Code   RO         4293    i.vTaskStartScheduler  tasks.o
    0x0800616c   0x0800616c   0x000000bc   Code   RO         4294    i.vTaskSuspend      tasks.o
    0x08006228   0x08006228   0x00000010   Code   RO         4295    i.vTaskSuspendAll   tasks.o
    0x08006238   0x08006238   0x0000005c   Code   RO         4296    i.vTaskSwitchContext  tasks.o
    0x08006294   0x08006294   0x000000f4   Code   RO         5049    i.xPortStartScheduler  port.o
    0x08006388   0x08006388   0x00000016   Code   RO         3958    i.xQueueCreateMutex  queue.o
    0x0800639e   0x0800639e   0x0000001a   Code   RO         3959    i.xQueueCreateMutexStatic  queue.o
    0x080063b8   0x080063b8   0x00000042   Code   RO         3960    i.xQueueGenericCreate  queue.o
    0x080063fa   0x080063fa   0x00000066   Code   RO         3961    i.xQueueGenericCreateStatic  queue.o
    0x08006460   0x08006460   0x00000088   Code   RO         3962    i.xQueueGenericReset  queue.o
    0x080064e8   0x080064e8   0x00000160   Code   RO         3963    i.xQueueGenericSend  queue.o
    0x08006648   0x08006648   0x0000009c   Code   RO         3965    i.xQueueGiveFromISR  queue.o
    0x080066e4   0x080066e4   0x0000009a   Code   RO         3971    i.xQueueReceiveFromISR  queue.o
    0x0800677e   0x0800677e   0x00000002   PAD
    0x08006780   0x08006780   0x00000178   Code   RO         3972    i.xQueueSemaphoreTake  queue.o
    0x080068f8   0x080068f8   0x00000074   Code   RO         4298    i.xTaskCheckForTimeOut  tasks.o
    0x0800696c   0x0800696c   0x0000005a   Code   RO         4299    i.xTaskCreate       tasks.o
    0x080069c6   0x080069c6   0x00000056   Code   RO         4300    i.xTaskCreateStatic  tasks.o
    0x08006a1c   0x08006a1c   0x0000001c   Code   RO         4304    i.xTaskGetSchedulerState  tasks.o
    0x08006a38   0x08006a38   0x000000cc   Code   RO         4307    i.xTaskIncrementTick  tasks.o
    0x08006b04   0x08006b04   0x00000098   Code   RO         4310    i.xTaskPriorityDisinherit  tasks.o
    0x08006b9c   0x08006b9c   0x0000008c   Code   RO         4311    i.xTaskPriorityInherit  tasks.o
    0x08006c28   0x08006c28   0x00000074   Code   RO         4312    i.xTaskRemoveFromEventList  tasks.o
    0x08006c9c   0x08006c9c   0x000000c4   Code   RO         4313    i.xTaskResumeAll    tasks.o
    0x08006d60   0x08006d60   0x0000002c   Code   RO         5285    locale$$code        c_w.l(lc_numeric_c.o)
    0x08006d8c   0x08006d8c   0x0000002c   Code   RO         5400    locale$$code        c_w.l(lc_ctype_c.o)
    0x08006db8   0x08006db8   0x00000062   Code   RO         5381    x$fpl$d2f           fz_wm.l(d2f.o)
    0x08006e1a   0x08006e1a   0x00000002   PAD
    0x08006e1c   0x08006e1c   0x00000010   Code   RO         5494    x$fpl$dcheck1       fz_wm.l(dcheck1.o)
    0x08006e2c   0x08006e2c   0x00000018   Code   RO         5408    x$fpl$dcmpinf       fz_wm.l(dcmpi.o)
    0x08006e44   0x08006e44   0x00000078   Code   RO         5383    x$fpl$deqf          fz_wm.l(deqf.o)
    0x08006ebc   0x08006ebc   0x00000078   Code   RO         5410    x$fpl$dleqf         fz_wm.l(dleqf.o)
    0x08006f34   0x08006f34   0x00000154   Code   RO         5412    x$fpl$dmul          fz_wm.l(dmul.o)
    0x08007088   0x08007088   0x0000009c   Code   RO         5414    x$fpl$dnaninf       fz_wm.l(dnaninf.o)
    0x08007124   0x08007124   0x0000000c   Code   RO         5217    x$fpl$dretinf       fz_wm.l(dretinf.o)
    0x08007130   0x08007130   0x0000006c   Code   RO         5385    x$fpl$drleqf        fz_wm.l(drleqf.o)
    0x0800719c   0x0800719c   0x00000056   Code   RO         5185    x$fpl$f2d           fz_wm.l(f2d.o)
    0x080071f2   0x080071f2   0x0000008c   Code   RO         5219    x$fpl$fnaninf       fz_wm.l(fnaninf.o)
    0x0800727e   0x0800727e   0x0000000a   Code   RO         5416    x$fpl$fpinit        fz_wm.l(fpinit.o)
    0x08007288   0x08007288   0x0000000a   Code   RO         5418    x$fpl$fretinf       fz_wm.l(fretinf.o)
    0x08007292   0x08007292   0x00000006   Code   RO         5291    x$fpl$ieeestatus    fz_wm.l(istatus.o)
    0x08007298   0x08007298   0x00000004   Code   RO         5187    x$fpl$printf1       fz_wm.l(printf1.o)
    0x0800729c   0x0800729c   0x00000064   Code   RO         5532    x$fpl$retnan        fz_wm.l(retnan.o)
    0x08007300   0x08007300   0x0000005c   Code   RO         5453    x$fpl$scalbn        fz_wm.l(scalbn.o)
    0x0800735c   0x0800735c   0x00000004   Code   RO         5189    x$fpl$scanf1        fz_wm.l(scanf1.o)
    0x08007360   0x08007360   0x00000008   Code   RO         5293    x$fpl$scanf2        fz_wm.l(scanf2.o)
    0x08007368   0x08007368   0x00000030   Code   RO         5534    x$fpl$trapveneer    fz_wm.l(trapv.o)
    0x08007398   0x08007398   0x00000000   Code   RO         5221    x$fpl$usenofp       fz_wm.l(usenofp.o)
    0x08007398   0x08007398   0x0000076c   Data   RO           14    .constdata          fonts.o
    0x08007b04   0x08007b04   0x00000023   Data   RO          392    .constdata          uart_mqtt.o
    0x08007b27   0x08007b27   0x00000001   PAD
    0x08007b28   0x08007b28   0x00000054   Data   RO          445    .constdata          main.o
    0x08007b7c   0x08007b7c   0x00000010   Data   RO         3769    .constdata          system_stm32f4xx.o
    0x08007b8c   0x08007b8c   0x00000008   Data   RO         3770    .constdata          system_stm32f4xx.o
    0x08007b94   0x08007b94   0x00000094   Data   RO         5260    .constdata          c_w.l(bigflt0.o)
    0x08007c28   0x08007c28   0x0000002b   Data   RO          446    .conststring        main.o
    0x08007c53   0x08007c53   0x00000001   PAD
    0x08007c54   0x08007c54   0x00000020   Data   RO         5536    Region$$Table       anon$$obj.o
    0x08007c74   0x08007c74   0x00000008   Data   RO         5287    c$$dinf             fz_wm.l(fpconst.o)
    0x08007c7c   0x08007c7c   0x00000008   Data   RO         5290    c$$dmax             fz_wm.l(fpconst.o)
    0x08007c84   0x08007c84   0x0000001c   Data   RO         5284    locale$$data        c_w.l(lc_numeric_c.o)
    0x08007ca0   0x08007ca0   0x00000110   Data   RO         5399    locale$$data        c_w.l(lc_ctype_c.o)


    Execution Region RW_IRAM1 (Exec base: 0x20000000, Load base: 0x08007db0, Size: 0x00004df8, Max: 0x00010000, ABSOLUTE)

    Exec Addr    Load Addr    Size         Type   Attr      Idx    E Section Name        Object

    0x20000000   0x08007db0   0x00000008   Data   RW           17    .data               fonts.o
    0x20000008   0x08007db8   0x00000006   Data   RW          221    .data               ssd1306.o
    0x2000000e   0x08007dbe   0x00000002   PAD
    0x20000010   0x08007dc0   0x00000008   Data   RW          395    .data               uart_mqtt.o
    0x20000018   0x08007dc8   0x00000018   Data   RW          447    .data               main.o
    0x20000030   0x08007de0   0x0000000c   Data   RW         1733    .data               stm32f4xx_hal.o
    0x2000003c   0x08007dec   0x00000004   Data   RW         3771    .data               system_stm32f4xx.o
    0x20000040   0x08007df0   0x0000003c   Data   RW         4316    .data               tasks.o
    0x2000007c   0x08007e2c   0x00000020   Data   RW         4982    .data               heap_4.o
    0x2000009c   0x08007e4c   0x0000000c   Data   RW         5050    .data               port.o
    0x200000a8        -       0x00000400   Zero   RW          220    .bss                ssd1306.o
    0x200004a8        -       0x00000168   Zero   RW          391    .bss                uart_mqtt.o
    0x20000610        -       0x000001fc   Zero   RW          444    .bss                main.o
    0x2000080c        -       0x00000254   Zero   RW          576    .bss                freertos.o
    0x20000a60        -       0x00000048   Zero   RW          730    .bss                stm32f4xx_hal_timebase_tim.o
    0x20000aa8        -       0x000000f0   Zero   RW         4315    .bss                tasks.o
    0x20000b98        -       0x00003c00   Zero   RW         4981    .bss                heap_4.o
    0x20004798        -       0x00000060   Zero   RW         5310    .bss                c_w.l(libspace.o)
    0x200047f8        -       0x00000200   Zero   RW            2    HEAP                startup_stm32f401xc.o
    0x200049f8        -       0x00000400   Zero   RW            1    STACK               startup_stm32f401xc.o


==============================================================================

Image component sizes


      Code (inc. data)   RO Data    RW Data    ZI Data      Debug   Object Name

       328         10          0          0          0      31420   cmsis_os.o
         0          0          0          0          0      19880   event_groups.o
         0          0       1900          8          0     426423   fonts.o
        20          4          0          0        596       1220   freertos.o
       472         24          0         32      15360       7371   heap_4.o
       138          0          0          0          0       3510   list.o
      1302        144        127         24        508      40452   main.o
       336         54          0          0          0       3604   nmea_parser.o
       786         82          0         12          0      11777   port.o
      1714         14          0          0          0      19902   queue.o
       848         54          0          6       1024       9084   ssd1306.o
        64         26        404          0       1536        836   startup_stm32f401xc.o
        80         14          0         12          0       7902   stm32f4xx_hal.o
       158         14          0          0          0      32998   stm32f4xx_hal_cortex.o
       182          0          0          0          0       2079   stm32f4xx_hal_dma.o
       506         34          0          0          0       2789   stm32f4xx_hal_gpio.o
      1762         42          0          0          0      10741   stm32f4xx_hal_i2c.o
       348         34          0          0          0       2451   stm32f4xx_hal_msp.o
      1412         86          0          0          0       5857   stm32f4xx_hal_rcc.o
       676         48          0          0          0       7416   stm32f4xx_hal_tim.o
         4          0          0          0          0       1617   stm32f4xx_hal_tim_ex.o
       140         22          0          0         72       1407   stm32f4xx_hal_timebase_tim.o
      1818         16          0          0          0      12475   stm32f4xx_hal_uart.o
        36         12          0          0          0       3688   stm32f4xx_it.o
        16          4         24          4          0       1111   system_stm32f4xx.o
      3004        220          0         60        240      32328   tasks.o
       532        220         35          8        360       2406   uart_mqtt.o

    ----------------------------------------------------------------------
     16716       1178       2524        168      19696     702744   Object Totals
         0          0         32          0          0          0   (incl. Generated)
        34          0          2          2          0          0   (incl. Padding)

    ----------------------------------------------------------------------

      Code (inc. data)   RO Data    RW Data    ZI Data      Debug   Library Member Name

        60          8          0          0          0         84   __0sscanf.o
         8          0          0          0          0         68   __main.o
       284          0          0          0          0        156   __printf_wp.o
         0          0          0          0          0          0   __rtentry.o
        12          0          0          0          0          0   __rtentry2.o
         6          0          0          0          0          0   __rtentry4.o
        52          8          0          0          0          0   __scatter.o
        26          0          0          0          0          0   __scatter_copy.o
        28          0          0          0          0          0   __scatter_zi.o
        28          0          0          0          0         68   _chval.o
        44          0          0          0          0        108   _printf_char.o
        48          6          0          0          0         96   _printf_char_common.o
         6          0          0          0          0          0   _printf_d.o
       120         16          0          0          0         92   _printf_dec.o
         6          0          0          0          0          0   _printf_f.o
      1054          0          0          0          0        216   _printf_fp_dec.o
       128         16          0          0          0         84   _printf_fp_infnan.o
       178          0          0          0          0         88   _printf_intcommon.o
         0          0          0          0          0          0   _printf_percent.o
         4          0          0          0          0          0   _printf_percent_end.o
         6          0          0          0          0          0   _printf_s.o
        82          0          0          0          0         80   _printf_str.o
        22          0          0          0          0        100   _rserrno.o
       884          6          0          0          0        100   _scanf.o
       332          0          0          0          0         96   _scanf_int.o
       224          0          0          0          0         96   _scanf_str.o
        64          0          0          0          0         84   _sgetc.o
        10          0          0          0          0         68   _sputc.o
        16          0          0          0          0         68   aeabi_memset.o
       228          4        148          0          0         96   bigflt0.o
      2152        136          0          0          0        960   btod.o
        18          0          0          0          0         80   exit.o
         6          0          0          0          0        152   heapauxi.o
         0          0          0          0          0          0   indicate_semi.o
        18          0          0          0          0         76   isspace.o
        44         10        272          0          0         76   lc_ctype_c.o
        44         10         28          0          0         76   lc_numeric_c.o
         2          0          0          0          0          0   libinit.o
        34          0          0          0          0          0   libinit2.o
         2          0          0          0          0          0   libshutdown.o
         2          0          0          0          0          0   libshutdown2.o
         8          4          0          0         96         68   libspace.o
        38          0          0          0          0         68   llshl.o
       138          0          0          0          0         80   lludiv10.o
       238          0          0          0          0        100   lludivv7m.o
        40          6          0          0          0         84   noretval__2sprintf.o
        16          4          0          0          0         76   rt_ctype_table.o
         8          4          0          0          0         68   rt_errno_addr_intlibspace.o
         8          4          0          0          0         68   rt_locale_intlibspace.o
        68          0          0          0          0         68   rt_memclr.o
        78          0          0          0          0         80   rt_memclr_w.o
       138          0          0          0          0         68   rt_memcpy_v6.o
       100          0          0          0          0         80   rt_memcpy_w.o
         2          0          0          0          0          0   rtexit.o
        10          0          0          0          0          0   rtexit2.o
        44          8          0          0          0         84   scanf_char.o
      1272         16          0          0          0        168   scanf_fp.o
       800         14          0          0          0        100   scanf_hexfp.o
       308         16          0          0          0        100   scanf_infnan.o
        20          0          0          0          0         68   strchr.o
       128          0          0          0          0         68   strcmpv7m.o
        72          0          0          0          0         80   strcpy.o
        62          0          0          0          0         76   strlen.o
       150          0          0          0          0         80   strncmp.o
        86          0          0          0          0         76   strncpy.o
        12          4          0          0          0         68   sys_exit.o
        74          0          0          0          0         80   sys_stackheap_outer.o
         2          0          0          0          0         68   use_no_semi.o
        98          4          0          0          0        140   d2f.o
        16          4          0          0          0        116   dcheck1.o
        24          0          0          0          0        116   dcmpi.o
       120          4          0          0          0        140   deqf.o
       120          4          0          0          0        140   dleqf.o
       340         12          0          0          0        152   dmul.o
       156          4          0          0          0        140   dnaninf.o
        12          0          0          0          0        116   dretinf.o
       108          0          0          0          0        128   drleqf.o
        86          4          0          0          0        132   f2d.o
       140          4          0          0          0        132   fnaninf.o
         0          0         16          0          0          0   fpconst.o
        10          0          0          0          0        116   fpinit.o
        10          0          0          0          0        116   fretinf.o
         6          0          0          0          0        116   istatus.o
         4          0          0          0          0        116   printf1.o
       100          0          0          0          0        116   retnan.o
        92          0          0          0          0        116   scalbn.o
         4          0          0          0          0        116   scanf1.o
         8          0          0          0          0        132   scanf2.o
        48          0          0          0          0        116   trapv.o
         0          0          0          0          0          0   usenofp.o
        64         16          0          0          0        248   dunder.o
        48          0          0          0          0        124   fpclassify.o
       140         22          0          0          0        132   frexp.o
       228          8          0          0          0        308   ldexp.o
       266         16          0          0          0        308   narrow.o

    ----------------------------------------------------------------------
     12472        404        464          0         96       8924   Library Totals
        22          2          0          0          0          0   (incl. Padding)

    ----------------------------------------------------------------------

      Code (inc. data)   RO Data    RW Data    ZI Data      Debug   Library Name

     10202        300        448          0         96       5292   c_w.l
      1502         40         16          0          0       2512   fz_wm.l
       746         62          0          0          0       1120   m_wm.l

    ----------------------------------------------------------------------
     12472        404        464          0         96       8924   Library Totals

    ----------------------------------------------------------------------

==============================================================================


      Code (inc. data)   RO Data    RW Data    ZI Data      Debug   

     29188       1582       2988        168      19792     690552   Grand Totals
     29188       1582       2988        168      19792     690552   ELF Image Totals
     29188       1582       2988        168          0          0   ROM Totals

==============================================================================

    Total RO  Size (Code + RO Data)                32176 (  31.42kB)
    Total RW  Size (RW Data + ZI Data)             19960 (  19.49kB)
    Total ROM Size (Code + RO Data + RW Data)      32344 (  31.59kB)

==============================================================================

